No files changed, compilation skipped

Ran 6 tests for test/pashov-audit/GuardianRegistry_blockQuorumDenominator.t.sol:GuardianRegistry_blockQuorumDenominatorTest
[PASS] test_basis_stakeAndTotalAreRawWhileVotesIsAgeWeighted() (gas: 377479)
[PASS] test_dilution_stakeParkedAfterTheSnapshotCannotKillTheVeto() (gas: 1039350)
[PASS] test_dilution_stakeParkedBeforeTheSnapshotDilutesTheVeto() (gas: 1008145)
[PASS] test_sameBlockOwnerStakeCannotChangeEmergencyBlockQuorum() (gas: 1054857)
[PASS] test_stakeParkedOneSecondBeforeOpenEmergencyCountsTowardTheBlockQuorum() (gas: 1034580)
[PASS] test_staticWhaleCannotBlockAloneOnAStaleShare() (gas: 1161109)
Suite result: ok. 6 passed; 0 failed; 0 skipped; finished in 2.60ms (938.00µs CPU time)

Ran 3 tests for test/governor/ExecuteByBoundary.t.sol:ExecuteByBoundaryTest
[PASS] test_executeProposal_exactlyAtExecuteBy_succeeds() (gas: 1359280)
[PASS] test_executeProposal_oneSecondAfterExecuteBy_reverts_Expired() (gas: 1114644)
[PASS] test_executeProposal_oneSecondBeforeExecuteBy_succeeds() (gas: 1359505)
Suite result: ok. 3 passed; 0 failed; 0 skipped; finished in 2.98ms (953.88µs CPU time)

Ran 9 tests for test/audit-2/ChallengeGame_windowAndCourt.t.sol:ChallengeGame_windowAndCourt
[PASS] test_file_boundaryIsExactlyExecutedAtPlusStrategyDurationPlusChallengeWindow() (gas: 995940)
[PASS] test_file_survivesPastOldChallengeWindow_whenSettlementIsStillPending() (gas: 979304)
[PASS] test_honestFilingNetPayoffBps_movesWhileBooleanStaysTrueAtZeroCost() (gas: 38379)
[PASS] test_honestFilingNetPayoffBps_showsMagnitudeTheBooleanHides() (gas: 29832)
[PASS] test_inconclusiveLadder_fixedTiersStillClampToLiveSettleBurnBps() (gas: 976156)
[PASS] test_inconclusiveLadder_round4ReachesIndependentCeiling_afterThreeRounds() (gas: 3298907)
[PASS] test_prosecutorEconomics_halvedSettleBurnRaisesTheHonestPayoff() (gas: 37204)
[PASS] test_rule_revertsForZeroCourtAtFiling_evenAfterCourtWiredLater() (gas: 1329843)
[PASS] test_rule_stillWorksForReplacementCourt_whenCourtAtFilingWasNonZero() (gas: 1389273)
Suite result: ok. 9 passed; 0 failed; 0 skipped; finished in 3.07ms (1.52ms CPU time)

Ran 3 tests for test/governor/ActiveProposalPreservation.t.sol:ActiveProposalPreservationTest
[PASS] test_cancelProposal_preservesActiveProposalOfDifferentPid() (gas: 1518019)
[PASS] test_emergencyCancel_preservesActiveProposalOfDifferentPid() (gas: 1517447)
[PASS] test_vetoProposal_preservesActiveProposalOfDifferentPid() (gas: 1517667)
Suite result: ok. 3 passed; 0 failed; 0 skipped; finished in 3.79ms (1.28ms CPU time)

Ran 14 tests for test/deploy/CheckSyndicateParams.t.sol:CheckSyndicateParamsTest
[PASS] test_readParams_readsBothContracts() (gas: 197119)
[PASS] test_readParams_refusesCodelessGovernor() (gas: 90937)
[PASS] test_readParams_refusesCodelessVault() (gas: 123695)
[PASS] test_readParams_refusesEmptyReturndata() (gas: 134137)
[PASS] test_readParams_refusesOversizedBufferWord() (gas: 190942)
[PASS] test_requireSeeded_allThreeWaivedPasses() (gas: 6224)
[PASS] test_requireSeeded_namesEveryOffenderInOneRun() (gas: 315898)
[PASS] test_requireSeeded_onlyTheExactSentinelIsInert() (gas: 6148)
[PASS] test_requireSeeded_passesOnSeededValues() (gas: 6412)
[PASS] test_requireSeeded_rejectsInertMaxCapital() (gas: 10673)
[PASS] test_requireSeeded_rejectsInertTier2CallCap() (gas: 10695)
[PASS] test_requireSeeded_rejectsZeroMinBuffer() (gas: 10391)
[PASS] test_requireSeeded_waiverIsPerParameter() (gas: 154882)
[PASS] test_run_envWiring() (gas: 429958)
Suite result: ok. 14 passed; 0 failed; 0 skipped; finished in 1.23ms (1.09ms CPU time)

Ran 6 tests for test/pashov-2026-08/ClockAndBasis.t.sol:PashovClockAndBasisTest
[PASS] test_finding21_pauseAfterRegistrationStillDefersInFull() (gas: 1401028)
[PASS] test_finding21_readsDuringTheSamePauseDoNotUnderflow() (gas: 1382535)
[PASS] test_finding21_reviewRegisteredMidPauseIsNotCreditedTheWholeOutage() (gas: 1405113)
[PASS] test_finding6_cancelReviewSucceedsInsideThePauseDeferredSpan() (gas: 1413282)
[PASS] test_finding6_cancelStillRefusedOnceTheEffectiveClockPasses() (gas: 1402158)
[PASS] test_finding6_noPauseLeavesTheCancelWindowUnchanged() (gas: 1369245)
Suite result: ok. 6 passed; 0 failed; 0 skipped; finished in 1.44ms (940.62µs CPU time)

Ran 6 tests for test/audit-181/ExposureLedger_anchorAndRetire.t.sol:ExposureLedgerAnchorAndRetireTest
[PASS] test_requireApproveQuorum_passesAtTheAnchoredAmount() (gas: 379841)
[PASS] test_requireApproveQuorum_sameBlockTopUp_doesNotCertifyPhantomCoverage() (gas: 392228)
[PASS] test_retireApproval_noopWhenNothingRecorded() (gas: 13749)
[PASS] test_retireApproval_revertsBeforeChallengeWindowElapses() (gas: 267460)
[PASS] test_retireApproval_revertsWhileFrozen() (gas: 386105)
[PASS] test_retireApproval_sweepsADeadLockAndLeavesTheFreshProposalWhole() (gas: 407651)
Suite result: ok. 6 passed; 0 failed; 0 skipped; finished in 6.15ms (1.26ms CPU time)

Ran 3 tests for test/audit-181/GuardianRegistry_quorumDenominator.t.sol:GuardianRegistry_quorumDenominatorTest
[PASS] test_freshGuardianStakeCountsEquallyOnBothSides() (gas: 817750)
[PASS] test_openReview_freshStakeCannotInflateBlockQuorumDenominator() (gas: 1040875)
[PASS] test_voteBlockEmergencySettle_roundCannotWrapOntoAUsedRound() (gas: 4725056)
Suite result: ok. 3 passed; 0 failed; 0 skipped; finished in 3.54ms (3.05ms CPU time)

Ran 6 tests for test/pashov-audit/GuardianRegistry_severityPauseAndBasis.t.sol:GuardianRegistry_severityPauseAndBasisTest
[PASS] test_finding11_severityUsesAtOpenEnvelope_notLiveSlots() (gas: 1112267)
[PASS] test_finding12_blockQuorumTalliesRawStake_notAgedWeight() (gas: 808997)
[PASS] test_finding7_pauseDefersReviewWindow_ratherThanClearingIt() (gas: 818328)
[PASS] test_finding7_repeatedPauseCyclesCompound() (gas: 725549)
[PASS] test_reviewItem5_inFlightReviewFallsBackToLiveEnvelope() (gas: 1109476)
[PASS] test_reviewItem5_legalZeroEnvelopeIsNotMistakenForAnUnsetField() (gas: 1025681)
Suite result: ok. 6 passed; 0 failed; 0 skipped; finished in 1.58ms (962.62µs CPU time)

Ran 6 tests for test/audit-2/ExposureLedger_pledgeAndPins.t.sol:ExposureLedgerPledgeAndPinsTest
[PASS] test_feedPriceX8_truncatingToZeroIsUnavailableNotAZeroPrice() (gas: 161417)
[PASS] test_freezeAndPin_reachAGuardianWhoseStakeCollapsed() (gas: 686974)
[PASS] test_pinCoverageUntil_boundaryIsInclusiveOfDeadline() (gas: 320853)
[PASS] test_retireApproval_notBlockedByAPinOnAnUnrelatedProposal() (gas: 414761)
[PASS] test_setChallengeWindow_cannotShrinkBelowTheWiredGameWindow() (gas: 127520)
[PASS] test_setChallengeWindow_toleratesACodelessGuardianRegistry() (gas: 28424)
Suite result: ok. 6 passed; 0 failed; 0 skipped; finished in 2.26ms (1.34ms CPU time)

Ran 3 tests for test/audit-181b/GuardianRegistry_wiringInvariant.t.sol:GuardianRegistry_wiringInvariantTest
[PASS] test_setExposureLedger_revertsWhenChallengeWindowBelowReviewPeriodFloor() (gas: 2904839)
[PASS] test_setExposureLedger_revertsWhenLedgerBoundToDifferentRegistry() (gas: 2912440)
[PASS] test_setExposureLedger_succeedsOnLegitimateFirstTimeWiring() (gas: 2903510)
Suite result: ok. 3 passed; 0 failed; 0 skipped; finished in 821.12µs (277.17µs CPU time)

Ran 6 tests for test/audit-181b/ExposureLedger_priceAndScope.t.sol:ExposureLedgerPriceAndScopeTest
[PASS] test_recordApproval_requiredCoverageReverts_isRefusedAsUnreadable() (gas: 68597)
[PASS] test_recordApproval_vaultAssetReverts_isRefusedAsUnreadable() (gas: 73657)
[PASS] test_setAssetFeed_rejectsFeedDecimalsAboveCeiling() (gas: 95045)
[PASS] test_setWoodFeed_acceptsFeedDecimalsAtCeiling() (gas: 97190)
[PASS] test_setWoodFeed_rejectsFeedDecimalsAboveCeiling() (gas: 90880)
[PASS] test_woodPriceX8_isNoWoodPrice_onShortReturnFeedData() (gas: 94091)
Suite result: ok. 6 passed; 0 failed; 0 skipped; finished in 1.19ms (364.46µs CPU time)

Ran 2 tests for test/deploy/DeployScript.t.sol:DeployScriptTest
[PASS] test_managementFeeMirrorMatchesTheFactoryCap() (gas: 37034078)
[PASS] test_predictedFactoryAddressMatchesRealDeploy() (gas: 30168108)
Suite result: ok. 2 passed; 0 failed; 0 skipped; finished in 12.32ms (8.88ms CPU time)

Ran 3 tests for test/deploy/DeployStrategyFactory_wiring.t.sol:DeployStrategyFactoryWiringTest
[PASS] test_ceremonyRefusesAMissingRegistry() (gas: 15616)
[PASS] test_ceremonyRefusesARegistryTheDeployerNoLongerOwns() (gas: 2603393)
[PASS] test_ceremonyWiresTheFactoryAndAProposalFlows() (gas: 1867051)
Suite result: ok. 3 passed; 0 failed; 0 skipped; finished in 1.67ms (415.71µs CPU time)

Ran 10 tests for test/governor/CancelProposal.t.sol:CancelProposalTest
[PASS] test_cancelProposal_fromApproved_bumpsCooldown() (gas: 1072511)
[PASS] test_cancelProposal_fromApproved_byNonProposerReverts() (gas: 1065605)
[PASS] test_cancelProposal_fromApproved_decrementsOpenCount() (gas: 1073803)
[PASS] test_cancelProposal_fromApproved_setsCancelled() (gas: 1075443)
[PASS] test_cancelProposal_fromApproved_unlocksFutureProposals() (gas: 1924929)
[PASS] test_cancelProposal_fromGuardianReview_bumpsCooldown() (gas: 1141857)
[PASS] test_cancelProposal_fromGuardianReview_byNonProposerReverts() (gas: 1090204)
[PASS] test_cancelProposal_fromGuardianReview_callsRegistryCancelReview() (gas: 1142931)
[PASS] test_cancelProposal_fromGuardianReview_decrementsOpenCount() (gas: 1143237)
[PASS] test_cancelProposal_fromGuardianReview_setsCancelled() (gas: 1144954)
Suite result: ok. 10 passed; 0 failed; 0 skipped; finished in 7.41ms (5.20ms CPU time)

Ran 23 tests for test/strategies/ConcentratedLiquidityStrategySettle.t.sol:ConcentratedLiquidityStrategyAllOrRevertTest
[PASS] test_noExternalEntryPointCanRelieveLtvAfterExecute() (gas: 1032480)
[PASS] test_settle_deleverageLoopIsBoundedAndTyped() (gas: 3920654)
[PASS] test_settle_deleverageNeverLeavesMorphoUnhealthy() (gas: 1673284)
[PASS] test_settle_floorBoundary_oneWeiBelowRevertsOneWeiAboveSettles() (gas: 1337326)
[PASS] test_settle_healthyPositiveCarry_neverEntersTheDeleverageLoop() (gas: 992649)
[PASS] test_settle_honestPathLeavesEveryCheckedBalanceAtZero() (gas: 975703)
[PASS] test_settle_negativeCarry_convergesPastTheSingleStepCeiling() (gas: 2019153)
[PASS] test_settle_negativeCarry_deleveragesAndSettles() (gas: 1109696)
[PASS] test_settle_negativeCarry_marginCoversAWrapperExitFee() (gas: 1108056)
[PASS] test_settle_negativeCarry_revertsWhenEvenTheCollateralCannotCoverTheDebt() (gas: 976669)
[PASS] test_settle_revertsOnRevertingIrm() (gas: 873651)
[PASS] test_settle_revertsWhenCollateralWithdrawalFails() (gas: 943593)
[PASS] test_settle_revertsWhenSpotIsOutsideTheTwapBound() (gas: 788038)
[PASS] test_settle_revertsWhenTheAdapterLeavesTheVolatileLegBehind() (gas: 1054366)
[PASS] test_settle_revertsWhenThePositionCannotBeUnwound() (gas: 728429)
[PASS] test_settle_revertsWhenTheSwapFillsBelowTheFloor() (gas: 838882)
[PASS] test_settle_revertsWhenTheTwapIsUnreadable() (gas: 780626)
[PASS] test_settle_revertsWhenTheWrapperRedeemClamps() (gas: 1067361)
[PASS] test_settle_revertsWhenWrapperRedeemIsCapped() (gas: 1010525)
[PASS] test_settle_revertsWhenWrapperRedemptionIsPaused() (gas: 1016006)
[PASS] test_settle_stillRevertsWhenTheFillIsBelowThePoolAnchor() (gas: 860220)
[PASS] test_settle_succeedsOnRetryOnceTheConditionClears() (gas: 1202465)
[PASS] test_settle_succeedsWhenTheAdapterCannotQuote() (gas: 983993)
Suite result: ok. 23 passed; 0 failed; 0 skipped; finished in 20.03ms (16.87ms CPU time)

Ran 28 tests for test/CollaborativeProposals.t.sol:CollaborativeProposalsTest
[PASS] test_approveCollaboration_snapshotIsPriorTimestamp() (gas: 1280030)
[PASS] test_approveCollaboration_stampsTheVetoElectorate() (gas: 1345576)
[PASS] test_coProposerShare_deregisteredGetsZeroOk() (gas: 1720975)
[PASS] test_coProposerShare_floorAtOneWei() (gas: 2544953)
[PASS] test_collabProposal_createdInDraftState() (gas: 1039574)
[PASS] test_collabProposal_storesCoProposers() (gas: 1008315)
[PASS] test_collaborative_feeSnapshottedAtDraftCreation() (gas: 1058305)
[PASS] test_expiry_afterDeadline_autoResolves() (gas: 1061021)
[PASS] test_expiry_beforeDeadline_stillDraft() (gas: 1005026)
[PASS] test_expiry_blocksApproval() (gas: 1060613)
[PASS] test_fullConsentFlow_allApprove_transitionsToPending() (gas: 1292614)
[PASS] test_fullConsentFlow_completeLifecycle() (gas: 1626239)
[PASS] test_fullConsentFlow_votingTimestampsResetOnTransition() (gas: 1280553)
[PASS] test_rejection_byCoProposer_revertsAfterFix() (gas: 1011068)
[PASS] test_rejection_byLead_cancelsProposal() (gas: 1073038)
[PASS] test_rejection_byLead_nearQuorum_reverts() (gas: 1064155)
[PASS] test_rejection_byLead_notNearQuorum_stillCancels() (gas: 1337465)
[PASS] test_settlement_feeDistribution_collaborative() (gas: 1828314)
[PASS] test_settlement_feeDistribution_managementFeeUnchanged() (gas: 1821811)
[PASS] test_settlement_noProfit_noDistribution() (gas: 1729897)
[PASS] test_settlement_rounding_leadGetsRemainder() (gas: 1827496)
[PASS] test_soloProposal_backwardCompatible() (gas: 989403)
[PASS] test_soloProposal_settlementGoesToProposer() (gas: 1453170)
[PASS] test_validation_duplicateCoProposer() (gas: 91622)
[PASS] test_validation_leadSplitBelow10Percent() (gas: 96949)
[PASS] test_validation_splitTooLow() (gas: 89354)
[PASS] test_validation_tooManyCoProposers() (gas: 692246)
[PASS] test_validation_unregisteredAgent() (gas: 89271)
Suite result: ok. 28 passed; 0 failed; 0 skipped; finished in 14.26ms (12.74ms CPU time)

Ran 10 tests for test/governor/GuardianReviewLifecycle.t.sol:GuardianReviewLifecycleTest
[PASS] test_blockQuorum_rejectsProposal_slashesApprovers_burnsWood() (gas: 3529016)
[PASS] test_emergencyCancel_inApproved_reverts() (gas: 1215218)
[PASS] test_lifecycle_blockQuorum_rejects_slashesApprovers() (gas: 2048187)
[PASS] test_lifecycle_happyPath_survivesReview_executes_settles() (gas: 1919620)
[PASS] test_lifecycle_thinCohortStillReviewsNormally() (gas: 1830334)
[PASS] test_pashovFinding2_shortPauseDefersReview_doesNotExpireProposal() (gas: 1798830)
[PASS] test_reviewItem7_pauseSpanningReviewWindow_expiresProposal_neverClearsIt() (gas: 1169979)
[PASS] test_reviewWithoutOpenReview_returnsFalse_cleanPath() (gas: 1482036)
[PASS] test_vetoProposal_inGuardianReview_reverts() (gas: 1150457)
[PASS] test_voteChange_fromApproveToBlock_survivesReviewEnd() (gas: 1597549)
Suite result: ok. 10 passed; 0 failed; 0 skipped; finished in 13.30ms (10.56ms CPU time)

Ran 4 tests for test/strategies/ConcentratedLiquidityStrategySettle.t.sol:ConcentratedLiquidityStrategySettleTest
[PASS] test_settle_afterARerangeStillFullyUnwinds() (gas: 1304023)
[PASS] test_settle_burnsThePosition() (gas: 956035)
[PASS] test_settle_convertsNonVaultAssetFees() (gas: 957807)
[PASS] test_settle_fullUnwindReturnsEverythingToVault() (gas: 966940)
Suite result: ok. 4 passed; 0 failed; 0 skipped; finished in 2.27ms (1.44ms CPU time)

Ran 7 tests for test/deploy/DeployTierRegistrySeed.t.sol:DeployTierRegistrySeedTest
[PASS] test_seed_attestsEveryCounterpartyTheCLTemplateBinds() (gas: 1267186)
[PASS] test_seed_attestsMorphoAsACounterparty() (gas: 1260351)
[PASS] test_seed_isInertOnAChainWithNoAddressBook() (gas: 102533)
[PASS] test_seed_isSkippedOnceOwnershipHasMoved() (gas: 46397)
[PASS] test_seed_pairsFeedsUnderTheEncodingTheStrategyActuallyQueries() (gas: 1263582)
[PASS] test_seed_pairsTheEthFeedToWrappedEth() (gas: 1258116)
[PASS] test_seed_stillWorksWhileTheHandoffIsMerelyPending() (gas: 1288668)
Suite result: ok. 7 passed; 0 failed; 0 skipped; finished in 10.89ms (9.32ms CPU time)

Ran 35 tests for test/strategies/ConcentratedLiquidityStrategy.t.sol:ConcentratedLiquidityStrategyInitTest
[PASS] test_init_bindingRunsBeforeCounterpartyDerivedChecks() (gas: 177111)
[PASS] test_init_borrowExceedsLendableReverts() (gas: 219031)
[PASS] test_init_deniedCollateralTokenReverts() (gas: 183598)
[PASS] test_init_deniedMorphoReverts() (gas: 176721)
[PASS] test_init_deniedPositionManagerReverts() (gas: 172986)
[PASS] test_init_deniedSwapAdapterReverts() (gas: 170615)
[PASS] test_init_deviationBoundAboveCeilingReverts() (gas: 243965)
[PASS] test_init_emptyTickRangeReverts() (gas: 237969)
[PASS] test_init_exceedsPoolShareCapReverts() (gas: 236537)
[PASS] test_init_invertedTickRangeReverts() (gas: 238388)
[PASS] test_init_loanAssetMismatchReverts() (gas: 203369)
[PASS] test_init_ltvInsideLiquidationBufferReverts() (gas: 233440)
[PASS] test_init_ltvJustInsideBufferSucceeds() (gas: 796106)
[PASS] test_init_ltvUsesWrapperRedemptionValueNotADeclaredOne() (gas: 1018774)
[PASS] test_init_marketNotCreatedReverts() (gas: 214852)
[PASS] test_init_mintSlippageZeroReverts() (gas: 238162)
[PASS] test_init_misalignedTickRangeReverts() (gas: 238736)
[PASS] test_init_oneBasisPointSlippageIsAccepted() (gas: 800482)
[PASS] test_init_poolDoesNotQuoteVaultAssetReverts() (gas: 1309183)
[PASS] test_init_poolNotFromFactoryReverts() (gas: 795810)
[PASS] test_init_registryReturningNonBooleanWordDoesNotBrickInit() (gas: 950000)
[PASS] test_init_rerangeBandEqualToApprovedRangeSucceeds() (gas: 798840)
[PASS] test_init_rerangeBandNarrowerThanApprovedRangeReverts() (gas: 238852)
[PASS] test_init_rerangeCapAboveLimitReverts() (gas: 245557)
[PASS] test_init_rerangeHalfWidthAboveCeilingReverts() (gas: 239645)
[PASS] test_init_rerangeHalfWidthBelowSpacingReverts() (gas: 238948)
[PASS] test_init_rerangeSlippageZeroReverts() (gas: 239235)
[PASS] test_init_rerangeTriggerAboveOneReverts() (gas: 238752)
[PASS] test_init_rerangeTriggerZeroReverts() (gas: 239321)
[PASS] test_init_twapWindowTooShortReverts() (gas: 243895)
[PASS] test_init_unrelatedCollateralReverts() (gas: 818055)
[PASS] test_init_unresolvableTierRegistryReverts() (gas: 141368)
[PASS] test_init_vaultAssetAsCollateralIsExemptFromTheBinding() (gas: 1017997)
[PASS] test_init_vaultAssetAsCollateralSucceeds() (gas: 991918)
[PASS] test_init_volatileLegAsCollateralReverts() (gas: 347475)
Suite result: ok. 35 passed; 0 failed; 0 skipped; finished in 4.73ms (2.96ms CPU time)

Ran 14 tests for test/fees/HighWaterMark.t.sol:HighWaterMarkTest
[PASS] test_aChargeAgainstAssetsCanMoveTheFundBackBelowTheMark() (gas: 341652)
[PASS] test_aLossDoesNotLowerTheMark() (gas: 352366)
[PASS] test_aNewDepositorDoesNotMoveTheMark() (gas: 475372)
[PASS] test_aRecoveryToAPreviousPeakIsNotChargedAgain() (gas: 365934)
[PASS] test_aSecondDepositDoesNotReseedTheMark() (gas: 331788)
[PASS] test_atTheMarkThereIsNothingToCharge() (gas: 292781)
[PASS] test_belowTheMarkThereIsNothingToCharge() (gas: 322854)
[PASS] test_gainsAboveTheMarkAreChargeable() (gas: 305948)
[PASS] test_onlyGovernorMayRatchet() (gas: 297996)
[PASS] test_onlyThePortionAboveThePeakIsCharged() (gas: 349686)
[PASS] test_theMarkAdvancesAfterAChargedFee() (gas: 325433)
[PASS] test_theMarkIsMonotonicAcrossManyCycles() (gas: 507469)
[PASS] test_theMarkIsSeededAtTheFirstDeposit() (gas: 299610)
[PASS] test_theMarkIsUnsetBeforeAnyDeposit() (gas: 14534)
Suite result: ok. 14 passed; 0 failed; 0 skipped; finished in 4.55ms (3.73ms CPU time)

Ran 10 tests for test/strategies/ConcentratedLiquidityStrategy.t.sol:ConcentratedLiquidityStrategyLifecycleTest
[PASS] test_execute_fromForeignProposalReverts() (gas: 44050)
[PASS] test_execute_mintSlippageStillBoundsTheRebalanceSwap() (gas: 416920)
[PASS] test_execute_mintsExactlyOnePosition() (gas: 682192)
[PASS] test_execute_onlyVault() (gas: 16497)
[PASS] test_execute_partialConsumptionLeavesTheRemainderRecoverable() (gas: 696727)
[PASS] test_execute_partialLegConsumptionStillMints() (gas: 696433)
[PASS] test_execute_poolShareCapIsRecheckedAgainstTheLiveVenue() (gas: 849644)
[PASS] test_execute_twiceReverts() (gas: 677102)
[PASS] test_name() (gas: 12216)
[PASS] test_settle_beforeExecuteReverts() (gas: 18250)
Suite result: ok. 10 passed; 0 failed; 0 skipped; finished in 1.89ms (1.08ms CPU time)

Ran 15 tests for test/deploy/DeployTokenCourtPreflight.t.sol:DeployTokenCourtPreflightTest
[PASS] test_deploy_configuresCourtButLeavesItInert() (gas: 2003278)
[PASS] test_setCourt_rejectsTheExactBoundary_whenScriptBypassed() (gas: 2018092)
[PASS] test_setParticipationFloorBps_revertsFloorInvariantViolated_viaTheOldRoute() (gas: 2002637)
[PASS] test_wirePreflight_bites_whenAutoSlashDelayEatsTheWindow() (gas: 2064413)
[PASS] test_wirePreflight_bites_whenCourtPointsAtADifferentGame() (gas: 5997218)
[PASS] test_wirePreflight_bites_whenGameStakedWoodDiffersFromCourt() (gas: 3418801)
[PASS] test_wirePreflight_bites_whenParticipationFloorMeetsAgeFloor() (gas: 2062038)
[PASS] test_wirePreflight_bites_whenPlanDLostTheCoverageFreezer() (gas: 2194228)
[PASS] test_wirePreflight_bites_whenPlanDLostTheDemoter() (gas: 2068566)
[PASS] test_wirePreflight_bites_whenPlanDLostTheSlasherPointer() (gas: 2057256)
[PASS] test_wirePreflight_bites_whenVoteWindowAtMaxOutlivesAShortTimeout() (gas: 2076332)
[PASS] test_wire_acceptsWithSlack() (gas: 2104187)
[PASS] test_wire_defaultsWireSuccessfully() (gas: 2085044)
[PASS] test_wire_leavesTheGameUnwired_whenAPreflightFails() (gas: 2060584)
[PASS] test_wire_rejectsTheExactBoundary() (gas: 2071654)
Suite result: ok. 15 passed; 0 failed; 0 skipped; finished in 4.63ms (3.65ms CPU time)

Ran 29 tests for test/deploy/DeployWoodPoolFeed.t.sol:DeployWoodPoolFeedTest
[PASS] test_deploy_derivesTheWoodSideForEitherVenueOrdering() (gas: 4159331)
[PASS] test_deploy_seatsEveryParameterAndPricesOnceTheKeeperHasRun() (gas: 1679524)
[PASS] test_grow_isANoOpWhenTheRingIsAlreadyThatLong() (gas: 1008324)
[PASS] test_grow_isANoOpWhenTheTargetIsAlreadyThatHigh() (gas: 1041403)
[PASS] test_grow_raisesTheTargetAndNotTheRingItself() (gas: 1034082)
[PASS] test_grow_refusesATargetAboveTheUint16Ceiling() (gas: 988311)
[PASS] test_grow_refusesATargetOneTransactionCannotInitialise() (gas: 1034224)
[PASS] test_grow_refusesAnUnsetTargetOrPool() (gas: 996124)
[PASS] test_minV3Liquidity_acceptsTheWidthItself() (gas: 7422)
[PASS] test_minV3Liquidity_refusesAValueAboveTheUint128Width() (gas: 9523)
[PASS] test_preflight_bites_whenAPairHasAZeroReserve() (gas: 49808)
[PASS] test_preflight_bites_whenAPairHasNotTradedWithinMaxIdle() (gas: 47195)
[PASS] test_preflight_bites_whenAPairHoldsTheWrongTokens() (gas: 520458)
[PASS] test_preflight_bites_whenAPairIsBelowTheDepthFloor() (gas: 50732)
[PASS] test_preflight_bites_whenBothLegsAreTheSameAddress() (gas: 23851)
[PASS] test_preflight_bites_whenTheFactoryDoesNotVouchForTheBookedPool() (gas: 853583)
[PASS] test_preflight_bites_whenThePoolNamesADifferentFactory() (gas: 77410)
[PASS] test_preflight_bites_whenTheV3FactoryKeyIsMissing() (gas: 23594)
[PASS] test_preflight_bites_whenTheV3PoolAddressHasNoCode() (gas: 50931)
[PASS] test_preflight_bites_whenTheV3PoolAnswersObserveMalformed() (gas: 108234)
[PASS] test_preflight_bites_whenTheV3PoolCannotSpanTheWindow() (gas: 106031)
[PASS] test_preflight_bites_whenTheV3PoolHoldsTheWrongTokens() (gas: 1193399)
[PASS] test_preflight_bites_whenTheV3PoolIsBelowItsLiquidityFloor() (gas: 62153)
[PASS] test_preflight_bites_whenTheV3PoolKeyIsMissing() (gas: 24003)
[PASS] test_preflight_bites_whenTheV3RingHoldsOnlyTheLiveObservation() (gas: 87936)
[PASS] test_requiredCardinality_capsAtWhatOneTransactionCanInitialise() (gas: 6663)
[PASS] test_requiredCardinality_countsWritesAndNotBlocks() (gas: 6909)
[PASS] test_requiredCardinality_isCeilingDivisionPlusSlack() (gas: 7814)
[PASS] test_requiredCardinality_refusesAZeroWriteInterval() (gas: 9242)
Suite result: ok. 29 passed; 0 failed; 0 skipped; finished in 2.18ms (1.73ms CPU time)

Ran 8 tests for test/strategies/ConcentratedLiquidityStrategy.t.sol:ConcentratedLiquidityStrategyPoolAnchoredFloorTest
[PASS] test_execute_fairVenueStillSucceeds() (gas: 674374)
[PASS] test_execute_poolFeeIsNettedOutOfTheAnchor() (gas: 2088972)
[PASS] test_execute_poolSeatedAtTheHalvedPriceAdmitsTheFill_provingTheAnchorIsLoadBearing() (gas: 687661)
[PASS] test_execute_revertsWhenThePoolPriceIsUnreadable() (gas: 409674)
[PASS] test_execute_routedVenueMovedAgainstPool_isRejected() (gas: 518703)
[PASS] test_settle_pushedPoolRevertsRatherThanHandingTheSkimBack() (gas: 800008)
[PASS] test_settle_shortRoutedVenueIsRefusedWhileSpotIsTwapVerified() (gas: 825675)
[PASS] test_settle_succeedsOnceThePoolIsHonestAgain() (gas: 1063080)
Suite result: ok. 8 passed; 0 failed; 0 skipped; finished in 5.22ms (4.19ms CPU time)

Ran 6 tests for test/strategies/ConcentratedLiquidityStrategy.t.sol:ConcentratedLiquidityStrategyTwapTest
[PASS] test_execute_insufficientCardinalityReverts() (gas: 85886)
[PASS] test_execute_malformedObserveIsFatal() (gas: 91705)
[PASS] test_execute_observeRevertsIsFatal() (gas: 90031)
[PASS] test_execute_spotAtBoundSucceeds() (gas: 678509)
[PASS] test_execute_spotBelowTwapOutsideBoundReverts() (gas: 97053)
[PASS] test_execute_spotOutsideTwapBoundReverts() (gas: 96814)
Suite result: ok. 6 passed; 0 failed; 0 skipped; finished in 1.21ms (386.71µs CPU time)

Ran 19 tests for test/strategies/ConcentratedLiquidityStrategyRerange.t.sol:ConcentratedLiquidityStrategyRerangeTest
[PASS] test_derivedRange_clampsToTheTickDomain() (gas: 701368)
[PASS] test_derivedRange_isSpacingAlignedAndCentered() (gas: 689344)
[PASS] test_derivedRange_snapsCorrectlyBelowZero() (gas: 689494)
[PASS] test_rerange_afterSettleReverts() (gas: 965039)
[PASS] test_rerange_atCapPositionStaysSettleable() (gas: 1899502)
[PASS] test_rerange_beforeExecuteReverts() (gas: 27568)
[PASS] test_rerange_beforeTriggerReverts() (gas: 705115)
[PASS] test_rerange_firstRerangeIsClockedFromExecute() (gas: 1019379)
[PASS] test_rerange_griefingIsBoundedByTheCap() (gas: 1624112)
[PASS] test_rerange_incrementsCount() (gas: 1005572)
[PASS] test_rerange_insideMinIntervalReverts() (gas: 690201)
[PASS] test_rerange_isPermissionless() (gas: 1004869)
[PASS] test_rerange_leavesBorrowAndCollateralUntouched() (gas: 1016559)
[PASS] test_rerange_overPoolShareCapStillLands_openFinding17() (gas: 1011777)
[PASS] test_rerange_pastCapReverts() (gas: 1615262)
[PASS] test_rerange_replacesRatherThanAdds() (gas: 1012643)
[PASS] test_rerange_spotOutsideTwapBoundReverts() (gas: 702833)
[PASS] test_rerange_twoCallersOneRange() (gas: 1334760)
[PASS] test_rerange_viewDerivationMatchesMint() (gas: 1015242)
Suite result: ok. 19 passed; 0 failed; 0 skipped; finished in 6.96ms (6.10ms CPU time)

Ran 4 tests for test/audit-fixes/Deploy_multisigHandoff.t.sol:DeployMultisigHandoffTest
[PASS] test_handoffTransfersAllProxies() (gas: 25033015)
[PASS] test_handoff_skipped_leavesDeployerAsOwner() (gas: 24404467)
[PASS] test_run_rejectsBadOwnerMultisig() (gas: 32886898)
[PASS] test_run_rejectsManagementFeeAboveTheFactoryCap() (gas: 32393477)
Suite result: ok. 4 passed; 0 failed; 0 skipped; finished in 10.83ms (6.52ms CPU time)

Ran 2 tests for test/strategies/ConcentratedLiquidityStrategyRerange.t.sol:ConcentratedLiquidityStrategySingleSidedTest
[PASS] test_execute_singleSidedConfigDoesNotPanic() (gas: 1185090)
[PASS] test_rerange_singleSidedConfigDoesNotPanic() (gas: 1386665)
Suite result: ok. 2 passed; 0 failed; 0 skipped; finished in 2.32ms (1.15ms CPU time)

Ran 8 tests for test/strategies/ConcentratedLiquidityStrategyRerange.t.sol:ConcentratedLiquidityStrategyTunablesTest
[PASS] test_updateParams_afterSettleReverts() (gas: 962042)
[PASS] test_updateParams_beforeExecuteReverts() (gas: 22867)
[PASS] test_updateParams_cannotReachRangeOrPolicy() (gas: 706323)
[PASS] test_updateParams_cannotWidenSlippageAfterApproval() (gas: 688163)
[PASS] test_updateParams_nonProposerReverts() (gas: 677094)
[PASS] test_updateParams_proposerRetunesSlippage() (gas: 685108)
[PASS] test_updateParams_slippageAboveCeilingReverts() (gas: 679665)
[PASS] test_updateParams_slippageRatchetsDownOnly() (gas: 714613)
Suite result: ok. 8 passed; 0 failed; 0 skipped; finished in 2.28ms (1.46ms CPU time)

Ran 1 test for test/audit-181b/Governor_settlementOrdering.t.sol:Governor_settlementOrdering_Test
[PASS] test_feeRecipientCallback_cannotExitWhileLocksStillDown() (gas: 1461322)
Suite result: ok. 1 passed; 0 failed; 0 skipped; finished in 1.67ms (545.50µs CPU time)

Ran 6 tests for test/audit-fixes/Governor_she215OwnerBondGate.t.sol:GovernorShe215OwnerBondGateTest
[PASS] test_executeProposal_recoversWhenTheBondIsRestoredInWindow() (gas: 1355396)
[PASS] test_executeProposal_revertsWhenTheBondLeavesAfterApproval() (gas: 1077651)
[PASS] test_executeProposal_succeedsWhileTheOwnerBondIsLive() (gas: 1337782)
[PASS] test_propose_reopensOnceTheBondIsRestored() (gas: 990186)
[PASS] test_propose_revertsWhenTheOwnerBondIsNotLive() (gas: 75982)
[PASS] test_propose_succeedsWhileTheOwnerBondIsLive() (gas: 985306)
Suite result: ok. 6 passed; 0 failed; 0 skipped; finished in 2.16ms (1.08ms CPU time)

Ran 2 tests for test/pashov-final/Governor_tierRegistryMandatoryAtInit.t.sol:Governor_tierRegistryMandatoryAtInitTest
[PASS] test_initialize_refusesZeroAndCodelessTierRegistry() (gas: 184804)
[PASS] test_initialize_wiresTheRegistryBeforeReturning() (gas: 632960)
Suite result: ok. 2 passed; 0 failed; 0 skipped; finished in 572.58µs (97.92µs CPU time)

Ran 19 tests for test/ChallengeEndToEnd.t.sol:ChallengeEndToEndTest
[PASS] test_badFaithArc_disputedChallengeTimesOutToANonVerdict() (gas: 3092921)
[PASS] test_constants_disputeTimeoutCeilingFitsTheCoverageHorizon() (gas: 12415)
[PASS] test_conviction_forfeitsTheProposerBond() (gas: 3042237)
[PASS] test_deadlineReadsThePinnedTimeout_ruleRevertsAtTheOldDeadlineAfterARaise() (gas: 3266425)
[PASS] test_deadlineReadsThePinnedTimeout_unbackedResolveUnwindsAndTheLedgerIsUnmoved() (gas: 2804003)
[PASS] test_happyArc_challengeSlashesApproverAndCompensatesPreDrainLps() (gas: 3198034)
[PASS] test_issue94_atTheDeadline_filingIsStillAdmissible() (gas: 3908829)
[PASS] test_issue94_convictionInsideTheRearmedWindow_stillTakesTheBond() (gas: 4072270)
[PASS] test_issue94_inconclusiveRearm_holdsTheBondUntilFilingCloses() (gas: 3297808)
[PASS] test_issue94_oneSecondPast_filingClosesAndReclaimOpens() (gas: 3211658)
[PASS] test_liveChallenge_holdsTheBondPastTheWindow() (gas: 3026128)
[PASS] test_partialLock_convictionBurnsExactlyTheLockAndSparesTheOtherProposal() (gas: 4430444)
[PASS] test_rule_convictsAtDeadlineMinusOne() (gas: 3307989)
[PASS] test_rule_revertsFromTheDeadlineOn_andResolveUnwinds() (gas: 3264683)
[PASS] test_secondFiling_keepsTheLockCountedPastTheFirstFreezesBucket() (gas: 3317907)
[PASS] test_settledProposal_bondLockedUntilTheChallengeWindowCloses() (gas: 2138151)
[PASS] test_staleUnbackedFiling_cannotSettlePastTheDisputeDeadline() (gas: 4438514)
[PASS] test_twoFilings_keyStaysSlashableUntilTheLaterDeadline() (gas: 3551865)
[PASS] test_twoFilings_nothingSlashesPastTheLaterDeadline() (gas: 3369763)
Suite result: ok. 19 passed; 0 failed; 0 skipped; finished in 38.41ms (35.63ms CPU time)

Ran 20 tests for test/CoverageEndToEnd.t.sol:CoverageEndToEndTest
[PASS] test_approveSlotSquatIsRefused() (gas: 2504766)
[PASS] test_approveSlot_staleAssetFeedIsRefused() (gas: 1788468)
[PASS] test_batchingAttack_cannotCoverTwoDrainsWithOneBond() (gas: 2995295)
[PASS] test_blockThenApproveIsRefusedByTheFloorAndKeepsTheBlock() (gas: 2955380)
[PASS] test_boundedTierNowRequiresCoverage() (gas: 1531418)
[PASS] test_exitGate_blocksClaimWhileCoverageIsOpen() (gas: 1751403)
[PASS] test_exitGate_failsOpenWhenNoLedgerIsWired() (gas: 1745040)
[PASS] test_exitGate_frozenCoverageCountsEveryLiveAccusation() (gas: 3131436)
[PASS] test_exitGate_frozenCoverageOutlivesBucketExpiry() (gas: 1870491)
[PASS] test_exitGate_releasesOnceCoverageExpires() (gas: 1793199)
[PASS] test_fullLifecycle_coverageAccountingRoundTrips() (gas: 2038912)
[PASS] test_n11_collaborativeProposalRunsTheHorizonGate() (gas: 1309759)
[PASS] test_n1_spentBudgetStillVotesAndDoesNotBreakTheReview() (gas: 3541415)
[PASS] test_n35_postExecutionTopUpCannotPriceUpItsOwnProsecution() (gas: 2119416)
[PASS] test_n3_cannotWireTheLedgerWhileProposalsAreOpen() (gas: 1906991)
[PASS] test_poc_freeRiderVetoIsClosed() (gas: 2153684)
[PASS] test_reviewSlash_severityMultipliesTheLockRate() (gas: 1917917)
[PASS] test_reviewSlash_tokenLockPaysTheAtOpenFloor_ownerCannotRaiseItMidReview() (gas: 3609196)
[PASS] test_thinCohortCannotForceExecution() (gas: 1814281)
[PASS] test_woodPriceCrashBetweenApproveAndExecute_blocksExecute() (gas: 2244918)
Suite result: ok. 20 passed; 0 failed; 0 skipped; finished in 34.15ms (28.83ms CPU time)

Ran 2 tests for test/Create3.t.sol:Create3Test
[PASS] test_deploy_revertsOnConstructorRevert() (gas: 77423)
[PASS] test_deploy_revertsOnSaltReuse() (gas: 1040432749)
Suite result: ok. 2 passed; 0 failed; 0 skipped; finished in 100.29µs (38.46µs CPU time)

Ran 3 tests for test/Create3Factory.t.sol:Create3FactoryTest
[PASS] test_addressOf_predictsDeployment() (gas: 95228)
[PASS] test_deploy_revertsForNonOwner() (gas: 14791)
[PASS] test_deploy_succeedsForOwner() (gas: 93574)
Suite result: ok. 3 passed; 0 failed; 0 skipped; finished in 189.75µs (47.87µs CPU time)

Ran 17 tests for test/BatchExecutorLib.t.sol:BatchExecutorLibTest
[PASS] test_executeBatch_bubblesCustomErrorSelector() (gas: 19225)
[PASS] test_executeBatch_callExceedingOwnCapReverts() (gas: 103061)
[PASS] test_executeBatch_capsLengthMismatch_revertsBeforeAnyCall() (gas: 23115)
[PASS] test_executeBatch_emptyBatchSucceeds() (gas: 16341)
[PASS] test_executeBatch_emptyCaps_skipsPerCallMetering() (gas: 66957)
[PASS] test_executeBatch_forwardsValue() (gas: 56103)
[PASS] test_executeBatch_grossRule_earlierInflowDoesNotLicenseLaterOverspend() (gas: 214109)
[PASS] test_executeBatch_grossRule_laterInflowDoesNotRefillEarlierBudget() (gas: 212679)
[PASS] test_executeBatch_laterCallsSeeEarlierStateChanges() (gas: 63270)
[PASS] test_executeBatch_mixOfTargets() (gas: 113325)
[PASS] test_executeBatch_revertsOnFirstFailure_andBubblesError() (gas: 71078)
[PASS] test_executeBatch_runsCallsInOrder() (gas: 67185)
[PASS] test_executeBatch_zeroCapEnforcesZeroOutflow() (gas: 91902)
[PASS] test_simulateBatch_doesNotRevertOnFailure() (gas: 80407)
[PASS] test_simulateBatch_laterCallsObserveEarlierEffects() (gas: 74760)
[PASS] test_simulateBatch_reportsOutflowMatchingExecute() (gas: 771967)
[PASS] test_simulateBatch_returnsSuccessResults() (gas: 74456)
Suite result: ok. 17 passed; 0 failed; 0 skipped; finished in 681.00µs (503.17µs CPU time)

Ran 16 tests for test/audit-fixes/Governor_vetoDenominatorExits.t.sol:GovernorVetoDenominatorExitsTest
[PASS] test_collab_queuedRedeemInTheApproveBlockCannotShrinkTheVetoBar() (gas: 2191752)
[PASS] test_delegate_isRefused() (gas: 519601)
[PASS] test_directPathElectorateEqualsTheCastableWeight() (gas: 1584202)
[PASS] test_directPath_votableSupplyEqualsTheCastableWeight() (gas: 1679542)
[PASS] test_parkedQueueAndSameBlockRedeemCannotInflateTheVetoBar() (gas: 3165269)
[PASS] test_queuedRedeemAfterTheSnapshotDoesNotShrinkTheVetoBar() (gas: 1809111)
[PASS] test_queuedRedeemIsTheOnlyExitDuringAProposalAndIsCancellableUntilStamped() (gas: 2206087)
[PASS] test_queuedSharesAreOutsideTheVetoElectorate() (gas: 2657516)
[PASS] test_queuedSharesClaimedInTheProposeBlockAreNotSubtractedTwice_halvedBar() (gas: 3293217)
[PASS] test_queuedSharesClaimedInTheProposeBlockAreNotSubtractedTwice_zeroBar() (gas: 3127236)
[PASS] test_sameBlockDepositIsOutsideTheVetoElectorate() (gas: 1485215)
[PASS] test_sameBlockPreProposeRedeemCannotDeflateTheVetoBar() (gas: 1638824)
[PASS] test_sharesCannotLeaveTheVaultWhileAProposalIsOpen() (gas: 2061677)
[PASS] test_undelegationCannotInflateTheVetoBar() (gas: 2351866)
[PASS] test_vetoBarEqualsTheSnapshotSupplyBecauseNoShareCanLeave() (gas: 21283739)
[PASS] test_vetoBarIsTheSnapshotSupplyWhenNothingLeftInTheProposeBlock() (gas: 1528745)
Suite result: ok. 16 passed; 0 failed; 0 skipped; finished in 10.19ms (9.01ms CPU time)

Ran 5 tests for test/pashov-final/CLStrategy_poolProvenance.t.sol:PashovFinalCLPoolProvenanceTest
[PASS] test_init_codelessFactoryFailsClosedDecodably() (gas: 173720)
[PASS] test_init_codelessPoolFailsClosedDecodably() (gas: 163487)
[PASS] test_init_factoryRegisteredPoolStillInitializes() (gas: 795363)
[PASS] test_init_impostorNamingTheGenuineFactoryIsRejected() (gas: 528524)
[PASS] test_init_proposerSuppliedFactoryIsRefusedByTheRegistry() (gas: 706538)
Suite result: ok. 5 passed; 0 failed; 0 skipped; finished in 1.22ms (389.79µs CPU time)

Ran 5 tests for test/pashov-final/CLStrategy_poolProvenance.t.sol:PashovFinalCLVolatileLegTest
[PASS] test_execute_refusesAfterTheVolatileLegIsDemoted() (gas: 87723)
[PASS] test_init_unvouchedVolatileLegIsRejected() (gas: 226807)
[PASS] test_init_vouchedVolatileLegStillInitializes() (gas: 797163)
[PASS] test_rerange_refusesAfterTheVolatileLegIsDemoted() (gas: 711354)
[PASS] test_settle_stillWorksAfterTheVolatileLegIsDemoted() (gas: 978496)
Suite result: ok. 5 passed; 0 failed; 0 skipped; finished in 1.51ms (702.29µs CPU time)

Ran 5 tests for test/GuardianFeeBuyback.t.sol:GuardianFeeBuybackTest
[PASS] test_setGuardiansFeeRecipient_emitsRecipientSet() (gas: 26987)
[PASS] test_setGuardiansFeeRecipient_zeroAlwaysAllowed() (gas: 16399)
[PASS] test_settle_guardianFee_escrowsOnRevertingRecipient_noEvent() (gas: 1554202)
[PASS] test_settle_guardianFee_landsInRecipient_notRegistry() (gas: 1507788)
[PASS] test_settle_zeroProfit_noGuardianFee_noEvent() (gas: 1352634)
Suite result: ok. 5 passed; 0 failed; 0 skipped; finished in 2.71ms (1.59ms CPU time)

Ran 4 tests for test/audit-181/ChallengeGame_courtAndOracle.t.sol:ChallengeGame_courtAndOracleTest
[PASS] test_concurrentFilings_pinDistinctEscalatingTiers() (gas: 1249282)
[PASS] test_disputedTimeout_withNoCourtAtFiling_refundsBothSides() (gas: 1140287)
[PASS] test_file_revertsWoodPriceUnset_whenFallbackCapAlsoZero() (gas: 217235)
[PASS] test_file_revertsWoodPriceUnset_whenWoodPriceX8Reverts() (gas: 917812)
Suite result: ok. 4 passed; 0 failed; 0 skipped; finished in 1.85ms (1.49ms CPU time)

Ran 3 tests for test/GuardianFeeBuyback.t.sol:GuardianFeeBuyback_RegistryWeightsTest
[PASS] test_getApproverWeights_persistsPostSettle() (gas: 411025)
[PASS] test_getApproverWeights_reflectsVoteChange() (gas: 377398)
[PASS] test_getApproverWeights_returnsApproversAndDenominator() (gas: 471193)
Suite result: ok. 3 passed; 0 failed; 0 skipped; finished in 2.00ms (808.04µs CPU time)

Ran 111 tests for test/audit-fixes/ExposureLedger_she212PhantomCapacity.t.sol:ExposureLedgerShe212PhantomCapacityTest
[PASS] testFuzz_exposureAccountingConserved(uint96,uint96,bool) (runs: 256, μ: 1006553, ~: 1006550)
[PASS] test_antiBatching_holdsWithChallengeWindowFarBelowTheFloor() (gas: 960048)
[PASS] test_antiBatching_preAdrCurrentEpochBookingIsWhatTheFloorGuardedAgainst() (gas: 916523)
[PASS] test_approveQuorum_priceCrashShrinksCommittedShare() (gas: 925280)
[PASS] test_approveQuorum_releaseRemovesCoverage() (gas: 822923)
[PASS] test_approveQuorum_sumOfCommittedSharesCoversCoverage() (gas: 1198640)
[PASS] test_approveQuorum_zeroApproversFailsClosed() (gas: 955347)
[PASS] test_approverSlots_matchTheRegistryApproverCap() (gas: 3965860)
[PASS] test_approversOf_and_pledgedOf_reportTheSameLock() (gas: 1191519)
[PASS] test_approversOf_dropsReleasedApprovers() (gas: 814589)
[PASS] test_approversOf_listsCommittedApprovers() (gas: 1113742)
[PASS] test_constructor_allowsBucketsNarrowerThanTheChallengeWindow() (gas: 5697281)
[PASS] test_constructor_enforcesDefaultWindowInvariants() (gas: 3004604)
[PASS] test_coverageAndLiabilityViews_revertWhenNoSourceCanPriceWood() (gas: 924929)
[PASS] test_coverageUsdOf_and_liabilityUsd_postExecutionTopUpCannotUndoAPriceCrash() (gas: 1106473)
[PASS] test_coverageUsdOf_excludesBondThatIsNoLongerThere() (gas: 1273516)
[PASS] test_coverageUsdOf_isUncappedAndProportionalToTheLock() (gas: 1140116)
[PASS] test_coverageUsdOf_liveBeforeExecutionAnchoredAfter() (gas: 1120946)
[PASS] test_coverageUsd_18decAssetNonUnitPrice() (gas: 191465)
[PASS] test_coverageUsd_6decAsset() (gas: 191532)
[PASS] test_coverageUsd_revertsStale() (gas: 193656)
[PASS] test_coverageUsd_revertsUnconfigured() (gas: 14704)
[PASS] test_coveredTvlCap_enforced() (gas: 748115)
[PASS] test_coveredTvlCap_zeroCapFailsClosed() (gas: 720618)
[PASS] test_currentEpoch_advances() (gas: 13100)
[PASS] test_emergencyLever_lowersThePriceUnderANonDefaultHaircut() (gas: 775728)
[PASS] test_freezeCoverage_frozenLockCannotBeRelockedAfterItsBucketAgesOut() (gas: 1094543)
[PASS] test_freezeCoverage_movesTheLockWithoutChangingOpenExposureAtTheInstant() (gas: 1085754)
[PASS] test_freezeCoverage_neverMovesTheLockEarlier() (gas: 1060392)
[PASS] test_freezeCoverage_repeatRaisesTheTargetAndNeverLowersIt() (gas: 1124585)
[PASS] test_freezeCoverage_targetBeyondTheHorizonIsClampedToItsEdge() (gas: 1085335)
[PASS] test_kNumerator_doublesHeadroom() (gas: 908981)
[PASS] test_liabilityUsd_cappedAtTheNeedAndHonestBelowIt() (gas: 1348482)
[PASS] test_liabilityUsd_followsThePriceWithNoStateToPin() (gas: 1245507)
[PASS] test_openExposure_carriesIntoNextEpochWithinWindow() (gas: 1040572)
[PASS] test_openExposure_exactExpiryBoundary() (gas: 909439)
[PASS] test_openExposure_shortCommitmentReleasesBeforeTheLongOne() (gas: 4416895)
[PASS] test_pinCoverageUntil_holdsThenDecaysOnWallClock() (gas: 1030689)
[PASS] test_pinCoverageUntil_onlyEverRaises() (gas: 1031450)
[PASS] test_pinCoverageUntil_pinnedLockCannotBeRelockedAfterItsBucketAgesOut() (gas: 1053594)
[PASS] test_pinCoverageUntil_shorterPinDoesNotMoveTheLockEarlier() (gas: 937506)
[PASS] test_pinCoverageUntil_skipsGuardiansWithNoCommitment() (gas: 1028379)
[PASS] test_pinCoverageUntil_survivesUnfreezeCoverage() (gas: 1050378)
[PASS] test_priceLevers_remainOwnerOnly() (gas: 17690)
[PASS] test_proposerBondWood_revertsWhenNoSourceCanPriceWood() (gas: 744198)
[PASS] test_rebucketing_composesAcrossFreezeUnfreezePinAndRetire() (gas: 1137777)
[PASS] test_recordApproval_beyondHorizonIsRefused() (gas: 870058)
[PASS] test_recordApproval_blocksSimultaneousOverExposure() (gas: 1099219)
[PASS] test_recordApproval_declarationIsClampedToTheFreeBudget() (gas: 1906641)
[PASS] test_recordApproval_frontRunnerCannotVetoByReleasing() (gas: 1065387)
[PASS] test_recordApproval_holdsBudgetUntilSettlementCanBeChallenged() (gas: 979442)
[PASS] test_recordApproval_hundredFullSlotsCoverTheNeed() (gas: 22241231)
[PASS] test_recordApproval_lockBelowSlotShareIsRefused() (gas: 964112)
[PASS] test_recordApproval_locksTheDeclaration() (gas: 911460)
[PASS] test_recordApproval_netsAcrossSequentialEpochs() (gas: 1115204)
[PASS] test_recordApproval_noFreeBudgetIsRefused() (gas: 935755)
[PASS] test_recordApproval_otherOpenLocksDoNotShrinkTheFloor() (gas: 1076765)
[PASS] test_recordApproval_overSubscribedCohortLocksInFull() (gas: 1458325)
[PASS] test_recordApproval_refusesThroughAWoodPriceOutage() (gas: 977476)
[PASS] test_recordApproval_registryOnly() (gas: 739810)
[PASS] test_recordApproval_repeatIsANoOp() (gas: 915723)
[PASS] test_recordApproval_staleFeedRefusesTheVote() (gas: 928859)
[PASS] test_recordApproval_twoGuardiansAggregateToCover() (gas: 1229997)
[PASS] test_recordApproval_uint128OverflowGuardReverts() (gas: 835376)
[PASS] test_recordApproval_underBondedGuardianCommitsPartialShare() (gas: 911028)
[PASS] test_recordApproval_unfedAssetIsRefused() (gas: 1088896)
[PASS] test_recordApproval_unreadableInputsAreRefused() (gas: 929602)
[PASS] test_recordApproval_wholeBudgetBelowSlotShareIsAdmitted() (gas: 1054344)
[PASS] test_recordApproval_zeroLockIsRefused() (gas: 827546)
[PASS] test_recordApproval_zeroNeedStillBooksANonzeroLock() (gas: 854485)
[PASS] test_recordApproval_zeroValuedBudgetIsRefused() (gas: 902606)
[PASS] test_releaseApproval_freesExactRecordedAmount() (gas: 812044)
[PASS] test_releaseApproval_idempotentNoUnderflow() (gas: 730951)
[PASS] test_releaseApproval_popsTheApproverList() (gas: 1154172)
[PASS] test_requireApproveQuorum_revertsWhenNoSourceCanPriceWood() (gas: 917961)
[PASS] test_requireWithinCoverageHorizon_zeroDeadlineIsNotAFreePass() (gas: 15168)
[PASS] test_setChallengeWindow_bounds() (gas: 40794)
[PASS] test_setChallengeWindow_rejectsAWindowShorterThanReviewPlusExecution() (gas: 964257)
[PASS] test_setGuardianRegistry_rechecksTheChallengeWindowFloor() (gas: 3124119)
[PASS] test_setWoodFeed_clearingLeavesNoPriceSourceAndRotatesInOneCall() (gas: 182917)
[PASS] test_setWoodFeed_zeroFeedWithNonZeroDelayReverts() (gas: 14401)
[PASS] test_setWoodHaircutBps_bounded() (gas: 26313)
[PASS] test_setWoodHaircutBps_boundedButNotRateLimited() (gas: 33488)
[PASS] test_setWoodUsdPrice_isUnrestrictedOnChainByDesign() (gas: 49607)
[PASS] test_setWoodUsdPrice_onlyOwner() (gas: 12724)
[PASS] test_she212_capacityIsReleasedOnceTheFirstLockExpires() (gas: 1727704)
[PASS] test_she212_secondLockIsRefusedWhileTheFirstIsLive() (gas: 1745689)
[PASS] test_slashBpsFor_isTheLockOverTheBasisRoundedUp() (gas: 1120670)
[PASS] test_slashBpsFor_negligibleLockRoundsUpToOneBps() (gas: 928777)
[PASS] test_slashBpsFor_postDrainTopUpDoesNotDiluteTheBurn() (gas: 1115955)
[PASS] test_slashBpsFor_saturatesWhenTheBondShrankBelowTheLock() (gas: 971728)
[PASS] test_slashBpsFor_survivesATotalPriceOutage() (gas: 920569)
[PASS] test_slashBpsFor_unmovedByRequiredCoverage() (gas: 917238)
[PASS] test_slashBpsFor_unmovedByTheWoodPrice() (gas: 1091681)
[PASS] test_slashBpsFor_zeroForAnApproverThatLockedNothing() (gas: 950013)
[PASS] test_slashableBondUsd_ownStakeAtPrice() (gas: 119791)
[PASS] test_unfreezeCoverage_lateUnfreezeReturnsToTheBookedBucketAndFreesADeadLock() (gas: 924109)
[PASS] test_unfreezeCoverage_neverDropsTheLockBeneathAStandingPin() (gas: 1062980)
[PASS] test_unfreezeCoverage_neverDropsTheLockBeneathTheBucketCoveringSettlement() (gas: 1012907)
[PASS] test_unfreezeCoverage_returnsTheLockToOrdinaryDecay() (gas: 1016235)
[PASS] test_woodHaircut_absorbsAnOverstatedMarketSource() (gas: 162480)
[PASS] test_woodPrice_capAloneIsNotAPrice() (gas: 2978245)
[PASS] test_woodPrice_capBindsAPlainAggregatorToo() (gas: 174767)
[PASS] test_woodPrice_feedAppliesTheHaircut() (gas: 286771)
[PASS] test_woodPrice_haircutAppliesToEveryBranch() (gas: 146005)
[PASS] test_woodPrice_pumpingTheFeedCannotRaiseThePrice() (gas: 157045)
[PASS] test_woodPrice_revertingAggregatorIsNoWoodPriceNotABubbledRevert() (gas: 107129)
[PASS] test_woodPrice_staleAggregatorIsNoWoodPrice() (gas: 182667)
[PASS] test_woodPrice_tracksACrashWithoutAGovernanceTransaction() (gas: 280150)
[PASS] test_woodPrice_zeroCapRevertsRatherThanUncappingOrZeroing() (gas: 2986679)
[PASS] test_woodPrice_zeroFeedAnswerIsUnavailableRatherThanAZeroPrice() (gas: 22533)
Suite result: ok. 111 passed; 0 failed; 0 skipped; finished in 106.52ms (103.90ms CPU time)

Ran 109 tests for test/ExposureLedger.t.sol:ExposureLedgerTest
[PASS] testFuzz_exposureAccountingConserved(uint96,uint96,bool) (runs: 256, μ: 1006509, ~: 1006506)
[PASS] test_antiBatching_holdsWithChallengeWindowFarBelowTheFloor() (gas: 960048)
[PASS] test_antiBatching_preAdrCurrentEpochBookingIsWhatTheFloorGuardedAgainst() (gas: 916479)
[PASS] test_approveQuorum_priceCrashShrinksCommittedShare() (gas: 925258)
[PASS] test_approveQuorum_releaseRemovesCoverage() (gas: 822923)
[PASS] test_approveQuorum_sumOfCommittedSharesCoversCoverage() (gas: 1198640)
[PASS] test_approveQuorum_zeroApproversFailsClosed() (gas: 955347)
[PASS] test_approverSlots_matchTheRegistryApproverCap() (gas: 3965860)
[PASS] test_approversOf_and_pledgedOf_reportTheSameLock() (gas: 1191519)
[PASS] test_approversOf_dropsReleasedApprovers() (gas: 814589)
[PASS] test_approversOf_listsCommittedApprovers() (gas: 1113742)
[PASS] test_constructor_allowsBucketsNarrowerThanTheChallengeWindow() (gas: 5697281)
[PASS] test_constructor_enforcesDefaultWindowInvariants() (gas: 3004604)
[PASS] test_coverageAndLiabilityViews_revertWhenNoSourceCanPriceWood() (gas: 924929)
[PASS] test_coverageUsdOf_and_liabilityUsd_postExecutionTopUpCannotUndoAPriceCrash() (gas: 1106473)
[PASS] test_coverageUsdOf_excludesBondThatIsNoLongerThere() (gas: 1273494)
[PASS] test_coverageUsdOf_isUncappedAndProportionalToTheLock() (gas: 1140116)
[PASS] test_coverageUsdOf_liveBeforeExecutionAnchoredAfter() (gas: 1120924)
[PASS] test_coverageUsd_18decAssetNonUnitPrice() (gas: 191465)
[PASS] test_coverageUsd_6decAsset() (gas: 191532)
[PASS] test_coverageUsd_revertsStale() (gas: 193612)
[PASS] test_coverageUsd_revertsUnconfigured() (gas: 14682)
[PASS] test_coveredTvlCap_enforced() (gas: 748071)
[PASS] test_coveredTvlCap_zeroCapFailsClosed() (gas: 720574)
[PASS] test_currentEpoch_advances() (gas: 13056)
[PASS] test_emergencyLever_lowersThePriceUnderANonDefaultHaircut() (gas: 775684)
[PASS] test_freezeCoverage_frozenLockCannotBeRelockedAfterItsBucketAgesOut() (gas: 1094543)
[PASS] test_freezeCoverage_movesTheLockWithoutChangingOpenExposureAtTheInstant() (gas: 1085754)
[PASS] test_freezeCoverage_neverMovesTheLockEarlier() (gas: 1060392)
[PASS] test_freezeCoverage_repeatRaisesTheTargetAndNeverLowersIt() (gas: 1124563)
[PASS] test_freezeCoverage_targetBeyondTheHorizonIsClampedToItsEdge() (gas: 1085335)
[PASS] test_kNumerator_doublesHeadroom() (gas: 908981)
[PASS] test_liabilityUsd_cappedAtTheNeedAndHonestBelowIt() (gas: 1348482)
[PASS] test_liabilityUsd_followsThePriceWithNoStateToPin() (gas: 1245507)
[PASS] test_openExposure_carriesIntoNextEpochWithinWindow() (gas: 1040572)
[PASS] test_openExposure_exactExpiryBoundary() (gas: 909417)
[PASS] test_openExposure_shortCommitmentReleasesBeforeTheLongOne() (gas: 4416851)
[PASS] test_pinCoverageUntil_holdsThenDecaysOnWallClock() (gas: 1030689)
[PASS] test_pinCoverageUntil_onlyEverRaises() (gas: 1031450)
[PASS] test_pinCoverageUntil_pinnedLockCannotBeRelockedAfterItsBucketAgesOut() (gas: 1053550)
[PASS] test_pinCoverageUntil_shorterPinDoesNotMoveTheLockEarlier() (gas: 937462)
[PASS] test_pinCoverageUntil_skipsGuardiansWithNoCommitment() (gas: 1028335)
[PASS] test_pinCoverageUntil_survivesUnfreezeCoverage() (gas: 1050378)
[PASS] test_priceLevers_remainOwnerOnly() (gas: 17668)
[PASS] test_proposerBondWood_revertsWhenNoSourceCanPriceWood() (gas: 744198)
[PASS] test_rebucketing_composesAcrossFreezeUnfreezePinAndRetire() (gas: 1137755)
[PASS] test_recordApproval_beyondHorizonIsRefused() (gas: 870058)
[PASS] test_recordApproval_blocksSimultaneousOverExposure() (gas: 1099197)
[PASS] test_recordApproval_declarationIsClampedToTheFreeBudget() (gas: 1906633)
[PASS] test_recordApproval_frontRunnerCannotVetoByReleasing() (gas: 1065343)
[PASS] test_recordApproval_holdsBudgetUntilSettlementCanBeChallenged() (gas: 979420)
[PASS] test_recordApproval_hundredFullSlotsCoverTheNeed() (gas: 22241231)
[PASS] test_recordApproval_lockBelowSlotShareIsRefused() (gas: 964112)
[PASS] test_recordApproval_locksTheDeclaration() (gas: 911460)
[PASS] test_recordApproval_netsAcrossSequentialEpochs() (gas: 1115182)
[PASS] test_recordApproval_noFreeBudgetIsRefused() (gas: 935711)
[PASS] test_recordApproval_otherOpenLocksDoNotShrinkTheFloor() (gas: 1076765)
[PASS] test_recordApproval_overSubscribedCohortLocksInFull() (gas: 1458325)
[PASS] test_recordApproval_refusesThroughAWoodPriceOutage() (gas: 977476)
[PASS] test_recordApproval_registryOnly() (gas: 739810)
[PASS] test_recordApproval_repeatIsANoOp() (gas: 915723)
[PASS] test_recordApproval_staleFeedRefusesTheVote() (gas: 928878)
[PASS] test_recordApproval_twoGuardiansAggregateToCover() (gas: 1229997)
[PASS] test_recordApproval_uint128OverflowGuardReverts() (gas: 835376)
[PASS] test_recordApproval_underBondedGuardianCommitsPartialShare() (gas: 911028)
[PASS] test_recordApproval_unfedAssetIsRefused() (gas: 1088896)
[PASS] test_recordApproval_unreadableInputsAreRefused() (gas: 929602)
[PASS] test_recordApproval_wholeBudgetBelowSlotShareIsAdmitted() (gas: 1054344)
[PASS] test_recordApproval_zeroLockIsRefused() (gas: 827524)
[PASS] test_recordApproval_zeroNeedStillBooksANonzeroLock() (gas: 854463)
[PASS] test_recordApproval_zeroValuedBudgetIsRefused() (gas: 902584)
[PASS] test_releaseApproval_freesExactRecordedAmount() (gas: 812044)
[PASS] test_releaseApproval_idempotentNoUnderflow() (gas: 730929)
[PASS] test_releaseApproval_popsTheApproverList() (gas: 1154172)
[PASS] test_requireApproveQuorum_revertsWhenNoSourceCanPriceWood() (gas: 917961)
[PASS] test_requireWithinCoverageHorizon_zeroDeadlineIsNotAFreePass() (gas: 15168)
[PASS] test_setChallengeWindow_bounds() (gas: 40772)
[PASS] test_setChallengeWindow_rejectsAWindowShorterThanReviewPlusExecution() (gas: 964257)
[PASS] test_setGuardianRegistry_rechecksTheChallengeWindowFloor() (gas: 3124119)
[PASS] test_setWoodFeed_clearingLeavesNoPriceSourceAndRotatesInOneCall() (gas: 182917)
[PASS] test_setWoodFeed_zeroFeedWithNonZeroDelayReverts() (gas: 14401)
[PASS] test_setWoodHaircutBps_bounded() (gas: 26313)
[PASS] test_setWoodHaircutBps_boundedButNotRateLimited() (gas: 33488)
[PASS] test_setWoodUsdPrice_isUnrestrictedOnChainByDesign() (gas: 49607)
[PASS] test_setWoodUsdPrice_onlyOwner() (gas: 12724)
[PASS] test_slashBpsFor_isTheLockOverTheBasisRoundedUp() (gas: 1120626)
[PASS] test_slashBpsFor_negligibleLockRoundsUpToOneBps() (gas: 928755)
[PASS] test_slashBpsFor_postDrainTopUpDoesNotDiluteTheBurn() (gas: 1115955)
[PASS] test_slashBpsFor_saturatesWhenTheBondShrankBelowTheLock() (gas: 971684)
[PASS] test_slashBpsFor_survivesATotalPriceOutage() (gas: 920525)
[PASS] test_slashBpsFor_unmovedByRequiredCoverage() (gas: 917238)
[PASS] test_slashBpsFor_unmovedByTheWoodPrice() (gas: 1091681)
[PASS] test_slashBpsFor_zeroForAnApproverThatLockedNothing() (gas: 950013)
[PASS] test_slashableBondUsd_ownStakeAtPrice() (gas: 119791)
[PASS] test_unfreezeCoverage_lateUnfreezeReturnsToTheBookedBucketAndFreesADeadLock() (gas: 924109)
[PASS] test_unfreezeCoverage_neverDropsTheLockBeneathAStandingPin() (gas: 1062936)
[PASS] test_unfreezeCoverage_neverDropsTheLockBeneathTheBucketCoveringSettlement() (gas: 1012907)
[PASS] test_unfreezeCoverage_returnsTheLockToOrdinaryDecay() (gas: 1016235)
[PASS] test_woodHaircut_absorbsAnOverstatedMarketSource() (gas: 162458)
[PASS] test_woodPrice_capAloneIsNotAPrice() (gas: 2978223)
[PASS] test_woodPrice_capBindsAPlainAggregatorToo() (gas: 174767)
[PASS] test_woodPrice_feedAppliesTheHaircut() (gas: 286771)
[PASS] test_woodPrice_haircutAppliesToEveryBranch() (gas: 145961)
[PASS] test_woodPrice_pumpingTheFeedCannotRaiseThePrice() (gas: 157045)
[PASS] test_woodPrice_revertingAggregatorIsNoWoodPriceNotABubbledRevert() (gas: 107107)
[PASS] test_woodPrice_staleAggregatorIsNoWoodPrice() (gas: 182667)
[PASS] test_woodPrice_tracksACrashWithoutAGovernanceTransaction() (gas: 280128)
[PASS] test_woodPrice_zeroCapRevertsRatherThanUncappingOrZeroing() (gas: 2986679)
[PASS] test_woodPrice_zeroFeedAnswerIsUnavailableRatherThanAZeroPrice() (gas: 22533)
Suite result: ok. 109 passed; 0 failed; 0 skipped; finished in 124.64ms (123.29ms CPU time)

Ran 2 tests for test/ExposureLedgerContainment.t.sol:ExposureLedgerContainmentTest
[PASS] test_containment_atKEqualsOne_convictionOnADoesNotTouchB() (gas: 625398)
[PASS] test_leverage_atKEqualsTwo_convictionOnAUnderCoversBByTheExcess() (gas: 602263)
Suite result: ok. 2 passed; 0 failed; 0 skipped; finished in 1.41ms (462.29µs CPU time)

Ran 36 tests for test/deploy/DeployPlanBPreflight.t.sol:DeployPlanBPreflightTest
[PASS] test_deploy_allowedWhenDelegationIsOff() (gas: 3830026)
[PASS] test_deploy_allowedWhenLiveGovernorsSitOnAPlanBCapableBeacon() (gas: 11428135)
[PASS] test_deploy_armsTheExitGateFromAVirginState() (gas: 3838720)
[PASS] test_deploy_honoursAHaircutOverrideAndRespectsTheFloor() (gas: 3826239)
[PASS] test_deploy_pricesOffWhicheverFeedTheBookNames() (gas: 4068911)
[PASS] test_deploy_refusesAHaircutBelowTheLedgerFloor() (gas: 3500106)
[PASS] test_deploy_repointsSwoodAwayFromAStaleLedger() (gas: 6680917)
[PASS] test_deploy_seatsTheProtocolDurationCeiling() (gas: 3820055)
[PASS] test_deploy_seatsTheShippedHaircut() (gas: 3828258)
[PASS] test_deploy_wiresTheFeedAndPricesOffTheMarket() (gas: 3828328)
[PASS] test_preflight10_bites_whenTheLedgerOwnerIsABareEOA() (gas: 3806588)
[PASS] test_preflight10_bypassIsRefusedOnRobinhoodMainnet() (gas: 3812499)
[PASS] test_preflight10_bypassedWhenTheForkFlagIsSet() (gas: 3829826)
[PASS] test_preflight10_passes_whenTheLedgerOwnerIsAContract() (gas: 3825294)
[PASS] test_preflight12_bites_whenTheDelayDoesNotClearThePoolFeedsWindow() (gas: 365297)
[PASS] test_preflight12_bites_whenTheDelayHasNoFeed() (gas: 94514)
[PASS] test_preflight12_bites_whenTheFeedHasNoDelay() (gas: 343139)
[PASS] test_preflight12_bites_whenTheFeedHoldsNoCode() (gas: 94514)
[PASS] test_preflight12_passes_whenTheDelayClearsTheWindowAndTheCadence() (gas: 4073611)
[PASS] test_preflight_bites_whenBroadcasterDoesNotOwnStakedWood() (gas: 101661)
[PASS] test_preflight_bites_whenCoveredTvlCapIsZero() (gas: 63591)
[PASS] test_preflight_bites_whenDelegationIsOn() (gas: 3781915)
[PASS] test_preflight_bites_whenLiveGovernorsSitOnAPrePlanBBeacon() (gas: 539909)
[PASS] test_preflight_bites_whenMaxSlashBpsIsBelowTheCeiling() (gas: 100046)
[PASS] test_preflight_bites_whenMinSlashBpsIsZero() (gas: 97221)
[PASS] test_preflight_bites_whenNoWoodPriceSourceIsWired() (gas: 3745643)
[PASS] test_preflight_bites_whenTheBeaconCannotBeProbed() (gas: 256187)
[PASS] test_preflight_bites_whenTheDurationCeilingIsZero() (gas: 86936)
[PASS] test_preflight_bites_whenTheFeedIsNotAnswering() (gas: 3796038)
[PASS] test_preflight_bites_whenTheHaircutLeavesNoAllowance() (gas: 3800586)
[PASS] test_preflight_bites_whenTheWoodPriceCapIsZero() (gas: 3761829)
[PASS] test_preflight_passes_atANonZeroMinSlashBps() (gas: 3825361)
[PASS] test_preflight_passes_whenTheFactoryHasNoSyndicates() (gas: 4208586)
[PASS] test_wiringCheck_bites_whenTheExitGateDidNotLand() (gas: 3869860)
[PASS] test_wiringCheck_bites_whenTheFactoryDidNotTakeTheLedger() (gas: 3814489)
[PASS] test_wiringCheck_bites_whenTheRegistryDidNotTakeTheLedger() (gas: 3821860)
Suite result: ok. 36 passed; 0 failed; 0 skipped; finished in 8.71ms (6.85ms CPU time)

Ran 7 tests for test/deploy/DeployPlanDPreflight.t.sol:DeployPlanDPreflightTest
[PASS] test_deploy_grantsTheFreezeRoleLast() (gas: 4161525)
[PASS] test_deploy_wiresAllFourRoles() (gas: 4158606)
[PASS] test_preflight_bites_whenCoverageFreezerIsAlreadyHeld() (gas: 194898)
[PASS] test_preflight_bites_whenTheExitGateIsUnwired() (gas: 63799)
[PASS] test_preflight_bites_whenTheExitGateReadsADifferentLedger() (gas: 2917028)
[PASS] test_preflight_bites_whenTheLedgerIsUnpriced() (gas: 63426)
[PASS] test_preflight_leavesEveryRoleUnwired_whenTheExitGateIsUnwired() (gas: 79292)
Suite result: ok. 7 passed; 0 failed; 0 skipped; finished in 1.46ms (702.38µs CPU time)

Ran 10 tests for test/deploy/DeployRobinhoodMainnetHandoff.t.sol:DeployRobinhoodMainnetHandoffTest
[PASS] test_handoff_movesOneStepOwnersButOnlyArmsTheTwoStepPair() (gas: 165803)
[PASS] test_seatOwnerWrites_attestsTheLaunchSetTheTemplatesBindTo() (gas: 30404)
[PASS] test_seatOwnerWrites_isSkippedOnceTheSafeHasAccepted() (gas: 34658946)
[PASS] test_validate_bitesWhenNothingWasHandedOffAtAll() (gas: 39628)
[PASS] test_validate_bitesWhenTheGuardianFeeRecipientIsUnset() (gas: 97416)
[PASS] test_validate_bitesWhenTheProtocolFeeRecipientIsUnset() (gas: 93705)
[PASS] test_validate_bitesWhenTierRegistryWasNotHandedOff() (gas: 142943)
[PASS] test_validate_passesAfterTheFullHandoff() (gas: 203815)
[PASS] test_validate_passesWhenTheHandoffIsSkipped() (gas: 119544)
[PASS] test_validate_pinsTheFactoryToTheHandedOffTierRegistry() (gas: 299120)
Suite result: ok. 10 passed; 0 failed; 0 skipped; finished in 11.43ms (2.37ms CPU time)

Ran 4 tests for test/audit-fixes/Strategy_init_frontrun.t.sol:StrategyInitFrontrunTest
[PASS] test_mock_clone_initializes() (gas: 723126)
[PASS] test_mock_template_is_locked() (gas: 569473)
[PASS] test_portfolio_clone_initializes() (gas: 3011310)
[PASS] test_portfolio_template_is_locked() (gas: 2267557)
Suite result: ok. 4 passed; 0 failed; 0 skipped; finished in 904.67µs (427.04µs CPU time)

Ran 29 tests for test/vault/StructuralBatchRules.t.sol:StructuralBatchRulesTest
[PASS] test_allowanceToEverySpenderIsZeroAfterTheBatch() (gas: 559494)
[PASS] test_approveThenDrainNextBlockIsImpossible() (gas: 88833)
[PASS] test_approveThenDrainNextBlockIsImpossible_paxosAsset() (gas: 20761141)
[PASS] test_arbitraryContractWithArbitrarySelectorIsAdmittedAndMetered() (gas: 449090)
[PASS] test_assetReadsAndApproveAreAdmitted() (gas: 123979)
[PASS] test_assetTransferFromLpReverts() (gas: 150672)
[PASS] test_assetTransferFromVaultItselfIsAdmittedAndMetered() (gas: 234256)
[PASS] test_assetTransferIsAdmittedAndMetered() (gas: 188615)
[PASS] test_batchTargetingARegisteredStrategyWithAnySelectorIsAdmitted() (gas: 339642)
[PASS] test_batchTargetingAnUnregisteredContractReverts() (gas: 3433236)
[PASS] test_certifiedTemplateClonePricesItsClassTier() (gas: 3581003)
[PASS] test_factoryWithoutTheSelectorFailsClosed() (gas: 269054)
[PASS] test_increaseAllowanceIsResetAfterTheBatch() (gas: 560345)
[PASS] test_increaseApprovalOnAPaxosShapedAssetIsResetAfterTheBatch() (gas: 21222885)
[PASS] test_proposeRequiresARegisteredStrategyField() (gas: 1303905)
[PASS] test_refusedAssetShapesAreRejectedAtPropose() (gas: 575822)
[PASS] test_registerStrategy_rejectsAContractWithoutTheInterface() (gas: 91331)
[PASS] test_registeredStrategyDeregistersOnCodeChange() (gas: 317745)
[PASS] test_settleBatchCannotMoveAssetsOutOfTheVault() (gas: 1809605)
[PASS] test_settleBatchThatOnlyBringsAssetsHomeSucceeds() (gas: 1768877)
[PASS] test_shortAssetCalldataIsRefused() (gas: 189781)
[PASS] test_theThreeShippedTemplatesExecuteAndSettleWithNoAllowlisting() (gas: 22995773)
[PASS] test_transferAndReadSettleLegsStillPropose() (gas: 1263836)
[PASS] test_twoStrategyBatchPricesEachLegAtItsOwnTier() (gas: 5469133)
[PASS] test_uncertifiedStrategyPricesTierTwoFullCoverage() (gas: 1634700)
[PASS] test_unknownAllowanceShapedAssetSelectorIsReset() (gas: 20718261)
[PASS] test_unrecognisedAssetSelectorsReachTheToken() (gas: 220410)
[PASS] test_unwiredStrategyFactoryRefusesEveryNonAssetTarget() (gas: 335820)
[PASS] test_zeroAddressArg0OnTheAssetExecutes() (gas: 77614)
Suite result: ok. 29 passed; 0 failed; 0 skipped; finished in 11.53ms (9.81ms CPU time)

Ran 124 tests for test/audit-fixes/ExposureLedger_she214FreezerWindowMirror.t.sol:ExposureLedgerShe214FreezerWindowMirrorTest
[PASS] testFuzz_exposureAccountingConserved(uint96,uint96,bool) (runs: 256, μ: 1006813, ~: 1006810)
[PASS] test_antiBatching_holdsWithChallengeWindowFarBelowTheFloor() (gas: 960131)
[PASS] test_antiBatching_preAdrCurrentEpochBookingIsWhatTheFloorGuardedAgainst() (gas: 916783)
[PASS] test_approveQuorum_priceCrashShrinksCommittedShare() (gas: 925452)
[PASS] test_approveQuorum_releaseRemovesCoverage() (gas: 823006)
[PASS] test_approveQuorum_sumOfCommittedSharesCoversCoverage() (gas: 1198754)
[PASS] test_approveQuorum_zeroApproversFailsClosed() (gas: 955474)
[PASS] test_approverSlots_matchTheRegistryApproverCap() (gas: 3965992)
[PASS] test_approversOf_and_pledgedOf_reportTheSameLock() (gas: 1191673)
[PASS] test_approversOf_dropsReleasedApprovers() (gas: 814717)
[PASS] test_approversOf_listsCommittedApprovers() (gas: 1113900)
[PASS] test_constructor_allowsBucketsNarrowerThanTheChallengeWindow() (gas: 5697413)
[PASS] test_constructor_enforcesDefaultWindowInvariants() (gas: 3004736)
[PASS] test_coverageAndLiabilityViews_revertWhenNoSourceCanPriceWood() (gas: 924991)
[PASS] test_coverageUsdOf_and_liabilityUsd_postExecutionTopUpCannotUndoAPriceCrash() (gas: 1106652)
[PASS] test_coverageUsdOf_excludesBondThatIsNoLongerThere() (gas: 1273706)
[PASS] test_coverageUsdOf_isUncappedAndProportionalToTheLock() (gas: 1140190)
[PASS] test_coverageUsdOf_liveBeforeExecutionAnchoredAfter() (gas: 1121126)
[PASS] test_coverageUsd_18decAssetNonUnitPrice() (gas: 191506)
[PASS] test_coverageUsd_6decAsset() (gas: 191576)
[PASS] test_coverageUsd_revertsStale() (gas: 193829)
[PASS] test_coverageUsd_revertsUnconfigured() (gas: 14892)
[PASS] test_coveredTvlCap_enforced() (gas: 748375)
[PASS] test_coveredTvlCap_zeroCapFailsClosed() (gas: 720878)
[PASS] test_currentEpoch_advances() (gas: 13364)
[PASS] test_emergencyLever_lowersThePriceUnderANonDefaultHaircut() (gas: 775949)
[PASS] test_freezeCoverage_frozenLockCannotBeRelockedAfterItsBucketAgesOut() (gas: 1094654)
[PASS] test_freezeCoverage_movesTheLockWithoutChangingOpenExposureAtTheInstant() (gas: 1085755)
[PASS] test_freezeCoverage_neverMovesTheLockEarlier() (gas: 1060444)
[PASS] test_freezeCoverage_repeatRaisesTheTargetAndNeverLowersIt() (gas: 1124810)
[PASS] test_freezeCoverage_targetBeyondTheHorizonIsClampedToItsEdge() (gas: 1085479)
[PASS] test_kNumerator_doublesHeadroom() (gas: 909109)
[PASS] test_liabilityUsd_cappedAtTheNeedAndHonestBelowIt() (gas: 1348534)
[PASS] test_liabilityUsd_followsThePriceWithNoStateToPin() (gas: 1245612)
[PASS] test_openExposure_carriesIntoNextEpochWithinWindow() (gas: 1040634)
[PASS] test_openExposure_exactExpiryBoundary() (gas: 909633)
[PASS] test_openExposure_shortCommitmentReleasesBeforeTheLongOne() (gas: 4417075)
[PASS] test_pinCoverageUntil_holdsThenDecaysOnWallClock() (gas: 1030860)
[PASS] test_pinCoverageUntil_onlyEverRaises() (gas: 1031468)
[PASS] test_pinCoverageUntil_pinnedLockCannotBeRelockedAfterItsBucketAgesOut() (gas: 1053858)
[PASS] test_pinCoverageUntil_shorterPinDoesNotMoveTheLockEarlier() (gas: 937764)
[PASS] test_pinCoverageUntil_skipsGuardiansWithNoCommitment() (gas: 1028564)
[PASS] test_pinCoverageUntil_survivesUnfreezeCoverage() (gas: 1050524)
[PASS] test_priceLevers_remainOwnerOnly() (gas: 17866)
[PASS] test_proposerBondWood_revertsWhenNoSourceCanPriceWood() (gas: 744251)
[PASS] test_rebucketing_composesAcrossFreezeUnfreezePinAndRetire() (gas: 1138020)
[PASS] test_recordApproval_beyondHorizonIsRefused() (gas: 870240)
[PASS] test_recordApproval_blocksSimultaneousOverExposure() (gas: 1099361)
[PASS] test_recordApproval_declarationIsClampedToTheFreeBudget() (gas: 1906915)
[PASS] test_recordApproval_frontRunnerCannotVetoByReleasing() (gas: 1065635)
[PASS] test_recordApproval_holdsBudgetUntilSettlementCanBeChallenged() (gas: 979575)
[PASS] test_recordApproval_hundredFullSlotsCoverTheNeed() (gas: 22241343)
[PASS] test_recordApproval_lockBelowSlotShareIsRefused() (gas: 964260)
[PASS] test_recordApproval_locksTheDeclaration() (gas: 911590)
[PASS] test_recordApproval_netsAcrossSequentialEpochs() (gas: 1115435)
[PASS] test_recordApproval_noFreeBudgetIsRefused() (gas: 936015)
[PASS] test_recordApproval_otherOpenLocksDoNotShrinkTheFloor() (gas: 1076866)
[PASS] test_recordApproval_overSubscribedCohortLocksInFull() (gas: 1458544)
[PASS] test_recordApproval_refusesThroughAWoodPriceOutage() (gas: 977603)
[PASS] test_recordApproval_registryOnly() (gas: 739938)
[PASS] test_recordApproval_repeatIsANoOp() (gas: 915853)
[PASS] test_recordApproval_staleFeedRefusesTheVote() (gas: 928942)
[PASS] test_recordApproval_twoGuardiansAggregateToCover() (gas: 1230194)
[PASS] test_recordApproval_uint128OverflowGuardReverts() (gas: 835426)
[PASS] test_recordApproval_underBondedGuardianCommitsPartialShare() (gas: 911090)
[PASS] test_recordApproval_unfedAssetIsRefused() (gas: 1088980)
[PASS] test_recordApproval_unreadableInputsAreRefused() (gas: 929741)
[PASS] test_recordApproval_wholeBudgetBelowSlotShareIsAdmitted() (gas: 1054442)
[PASS] test_recordApproval_zeroLockIsRefused() (gas: 827672)
[PASS] test_recordApproval_zeroNeedStillBooksANonzeroLock() (gas: 854684)
[PASS] test_recordApproval_zeroValuedBudgetIsRefused() (gas: 902745)
[PASS] test_releaseApproval_freesExactRecordedAmount() (gas: 812106)
[PASS] test_releaseApproval_idempotentNoUnderflow() (gas: 731145)
[PASS] test_releaseApproval_popsTheApproverList() (gas: 1154262)
[PASS] test_requireApproveQuorum_revertsWhenNoSourceCanPriceWood() (gas: 918022)
[PASS] test_requireWithinCoverageHorizon_zeroDeadlineIsNotAFreePass() (gas: 15278)
[PASS] test_setChallengeWindow_bounds() (gas: 41014)
[PASS] test_setChallengeWindow_rejectsAWindowShorterThanReviewPlusExecution() (gas: 964385)
[PASS] test_setGuardianRegistry_rechecksTheChallengeWindowFloor() (gas: 3124229)
[PASS] test_setWoodFeed_clearingLeavesNoPriceSourceAndRotatesInOneCall() (gas: 183049)
[PASS] test_setWoodFeed_zeroFeedWithNonZeroDelayReverts() (gas: 14467)
[PASS] test_setWoodHaircutBps_bounded() (gas: 26335)
[PASS] test_setWoodHaircutBps_boundedButNotRateLimited() (gas: 33620)
[PASS] test_setWoodUsdPrice_isUnrestrictedOnChainByDesign() (gas: 49736)
[PASS] test_setWoodUsdPrice_onlyOwner() (gas: 12834)
[PASS] test_she214_bypassSequence_controlWithAFittingGameSucceeds() (gas: 184741)
[PASS] test_she214_bypassSequence_revertsAtTheRewire() (gas: 166199)
[PASS] test_she214_codelessFreezer_failsClosed() (gas: 24145)
[PASS] test_she214_equalOrShorterFreezerWindow_passes() (gas: 299453)
[PASS] test_she214_freezerWindowAboveTheLedgers_reverts() (gas: 149264)
[PASS] test_she214_longReturndataFreezer_failsClosed() (gas: 69615)
[PASS] test_she214_loweringSequence_gameFirstThenLedger_succeeds() (gas: 4019162)
[PASS] test_she214_muteFreezer_failsClosed() (gas: 63614)
[PASS] test_she214_raisingSequence_ledgerFirstThenGame_succeeds() (gas: 4010192)
[PASS] test_she214_revertingFreezer_failsClosed() (gas: 165940)
[PASS] test_she214_setChallengeWindow_cannotShrinkBelowTheWiredGame() (gas: 180719)
[PASS] test_she214_setChallengeWindow_raiseSkipsAMuteFreezerEvenUnderALiveFreeze() (gas: 263083)
[PASS] test_she214_setChallengeWindow_unreadableWiredFreezer_failsClosedButIsRecoverable() (gas: 189699)
[PASS] test_she214_shortReturndataFreezer_failsClosed() (gas: 65770)
[PASS] test_she214_zeroFreezer_passesWithoutAWindowRead() (gas: 172515)
[PASS] test_slashBpsFor_isTheLockOverTheBasisRoundedUp() (gas: 1121026)
[PASS] test_slashBpsFor_negligibleLockRoundsUpToOneBps() (gas: 928946)
[PASS] test_slashBpsFor_postDrainTopUpDoesNotDiluteTheBurn() (gas: 1116059)
[PASS] test_slashBpsFor_saturatesWhenTheBondShrankBelowTheLock() (gas: 971988)
[PASS] test_slashBpsFor_survivesATotalPriceOutage() (gas: 920785)
[PASS] test_slashBpsFor_unmovedByRequiredCoverage() (gas: 917327)
[PASS] test_slashBpsFor_unmovedByTheWoodPrice() (gas: 1091740)
[PASS] test_slashBpsFor_zeroForAnApproverThatLockedNothing() (gas: 950147)
[PASS] test_slashableBondUsd_ownStakeAtPrice() (gas: 119901)
[PASS] test_unfreezeCoverage_lateUnfreezeReturnsToTheBookedBucketAndFreesADeadLock() (gas: 924270)
[PASS] test_unfreezeCoverage_neverDropsTheLockBeneathAStandingPin() (gas: 1063227)
[PASS] test_unfreezeCoverage_neverDropsTheLockBeneathTheBucketCoveringSettlement() (gas: 1013007)
[PASS] test_unfreezeCoverage_returnsTheLockToOrdinaryDecay() (gas: 1016390)
[PASS] test_woodHaircut_absorbsAnOverstatedMarketSource() (gas: 162661)
[PASS] test_woodPrice_capAloneIsNotAPrice() (gas: 2978377)
[PASS] test_woodPrice_capBindsAPlainAggregatorToo() (gas: 174899)
[PASS] test_woodPrice_feedAppliesTheHaircut() (gas: 286907)
[PASS] test_woodPrice_haircutAppliesToEveryBranch() (gas: 146256)
[PASS] test_woodPrice_pumpingTheFeedCannotRaiseThePrice() (gas: 157179)
[PASS] test_woodPrice_revertingAggregatorIsNoWoodPriceNotABubbledRevert() (gas: 107261)
[PASS] test_woodPrice_staleAggregatorIsNoWoodPrice() (gas: 182666)
[PASS] test_woodPrice_tracksACrashWithoutAGovernanceTransaction() (gas: 280348)
[PASS] test_woodPrice_zeroCapRevertsRatherThanUncappingOrZeroing() (gas: 2986745)
[PASS] test_woodPrice_zeroFeedAnswerIsUnavailableRatherThanAZeroPrice() (gas: 22599)
Suite result: ok. 124 passed; 0 failed; 0 skipped; finished in 91.77ms (89.63ms CPU time)

Ran 8 tests for test/FactoryCoverageWiring.t.sol:FactoryCoverageWiringTest
[PASS] test_createSyndicate_pushesLedgerAndEscrow() (gas: 2607670)
[PASS] test_createSyndicate_unsetLedgerLeavesGovernorUnwired() (gas: 2504015)
[PASS] test_pushWiring_cannotUnwire() (gas: 2608619)
[PASS] test_pushWiring_foreignGovernorReverts() (gas: 23639)
[PASS] test_pushWiring_impostorGovernorReverts() (gas: 2584931)
[PASS] test_pushWiring_ownerOnly() (gas: 2495554)
[PASS] test_pushWiring_rewiresExistingGovernor() (gas: 2648532)
[PASS] test_setters_ownerOnly() (gas: 102845)
Suite result: ok. 8 passed; 0 failed; 0 skipped; finished in 4.93ms (3.41ms CPU time)
Warning: Failure from "/private/tmp/claude-501/-Users-anajuliabittencourt-code-sherwood-protocol/d0ad90ac-fb34-4067-a02d-d962763bea7a/scratchpad/wt-329/cache/invariant/failures/FeeBlacklistInvariantTest/invariant_feesAccountedAfterBlacklist" file was ignored because invariant test settings have changed: added target contracts: test/invariants/handlers/FeeBlacklistHandler.sol:FeeBlacklistHandler, removed target contracts: test/invariants/handlers/FeeBlacklistHandler.sol:FeeBlacklistHandler, target selectors changed

Ran 62 tests for test/SyndicateFactory.t.sol:SyndicateFactoryTest
[PASS] test_createMultipleSyndicates() (gas: 4822043)
[PASS] test_createSyndicate() (gas: 2478476)
[PASS] test_createSyndicateDeploysDistinctGovernors() (gas: 4820159)
[PASS] test_createSyndicate_deploysAndBindsWithdrawalQueue() (gas: 2466860)
[PASS] test_createSyndicate_duplicateName_reverts() (gas: 2481529)
[PASS] test_createSyndicate_governorDefaultsToTheHeadlinePerformanceFeeCeiling() (gas: 2471754)
[PASS] test_createSyndicate_nameTooShort_reverts() (gas: 43974)
[PASS] test_createSyndicate_notAgentOwner_reverts() (gas: 43369)
[PASS] test_createSyndicate_pushesTierRegistryToGovernor() (gas: 7418850)
[PASS] test_createSyndicate_registersENS() (gas: 2469743)
[PASS] test_createSyndicate_registryTracking() (gas: 2473843)
[PASS] test_createSyndicate_revertsIfAssetZero() (gas: 24414)
[PASS] test_createSyndicate_revertsIfMetadataUriEmpty() (gas: 24614)
[PASS] test_createSyndicate_revertsIfNameEmpty() (gas: 24452)
[PASS] test_createSyndicate_revertsIfSubdomainEmpty() (gas: 24662)
[PASS] test_createSyndicate_revertsIfSymbolEmpty() (gas: 24158)
[PASS] test_createSyndicate_revertsWhenNoPreparedStake() (gas: 34020)
[PASS] test_createSyndicate_succeedsWhenRegistrarAvailableReverts() (gas: 2448105)
[PASS] test_creationFee_blocksWithoutPayment() (gas: 112709)
[PASS] test_creationFee_collectsPayment() (gas: 2598400)
[PASS] test_creationFee_freeWhenZero() (gas: 2463561)
[PASS] test_creationFee_onlyOwner() (gas: 22863)
[PASS] test_deactivate() (gas: 2395168)
[PASS] test_deactivate_notCreator_reverts() (gas: 2469212)
[PASS] test_factoryInitialize_atomicProxy_cannotBeReinitialized() (gas: 45393)
[PASS] test_factoryInitialize_implementation_initializersDisabled() (gas: 4670355)
[PASS] test_factoryInitialize_requiresRealTierRegistry() (gas: 7767383)
[PASS] test_getActiveSyndicates() (gas: 7113748)
[PASS] test_getActiveSyndicates_offsetBeyondTotal() (gas: 2467514)
[PASS] test_getActiveSyndicates_paginated() (gas: 353786282)
[PASS] test_getActiveSyndicates_pagination() (gas: 11838275)
[PASS] test_getAllActiveSyndicates() (gas: 4830902)
[PASS] test_governorOfPopulated() (gas: 2473161)
[PASS] test_initialize_revertsOnAManagementFeeAboveTheCeiling() (gas: 4954219)
[PASS] test_isSubdomainAvailable() (gas: 2471644)
[PASS] test_isSubdomainAvailable_tooShort() (gas: 22996)
[PASS] test_managementFeeCeilingIsThreePercent() (gas: 12152)
[PASS] test_pushExecutor_onlyOwner() (gas: 2471319)
[PASS] test_pushExecutor_repointsAddressAndCodehashAtomically() (gas: 2894479)
[PASS] test_pushExecutor_revertsIfVaultNotFactoryDeployed() (gas: 24374)
[PASS] test_pushExecutor_revertsWhileActiveProposal() (gas: 2884291)
[PASS] test_pushExecutor_revertsWhileOpenProposalCount() (gas: 2885917)
[PASS] test_setEnsRegistrar_futureSyndicatesUseNewRegistrar() (gas: 2724493)
[PASS] test_setEnsRegistrar_ownerRepointsRegistrar() (gas: 273484)
[PASS] test_setEnsRegistrar_revertsForNonOwner() (gas: 21031)
[PASS] test_setEnsRegistrar_zeroAddressDisablesEns() (gas: 2420630)
[PASS] test_setExecutorImpl_onlyAffectsNewSyndicates() (gas: 5230663)
[PASS] test_setExecutorImpl_onlyOwner() (gas: 417603)
[PASS] test_setExecutorImpl_zeroAddressReverts() (gas: 19220)
[PASS] test_setGovernor_removed() (gas: 29049)
[PASS] test_setManagementFeeBps_acceptsTheCeilingItself() (gas: 26761)
[PASS] test_setManagementFeeBps_revertsOneBpsAboveTheCeiling() (gas: 20279)
[PASS] test_setParamsOverrideBypassesFreezeButEnforcesBounds() (gas: 2539153)
[PASS] test_setTierRegistry_factoryRejectsCodelessAndZero() (gas: 36452)
[PASS] test_setTierRegistry_rejectsZero() (gas: 5072049)
[PASS] test_storageIsolation() (gas: 5170680)
[PASS] test_subdomainToSyndicate() (gas: 2472316)
[PASS] test_syndicateVaultIsFullyFunctional() (gas: 3062169)
[PASS] test_updateMetadata() (gas: 2475190)
[PASS] test_updateMetadata_notCreator_reverts() (gas: 2469224)
[PASS] test_upgradeVault_revertsIfImplChanged() (gas: 7701753)
[PASS] test_upgradeVault_succeedsWithCurrentImpl() (gas: 7716976)
Suite result: ok. 62 passed; 0 failed; 0 skipped; finished in 47.57ms (44.85ms CPU time)

Ran 4 tests for test/audit-fixes/SyndicateFactory_rotateOwner_proposalGuard.t.sol:SyndicateFactory_rotateOwner_proposalGuard
[PASS] test_rotateOwner_revertsWhenActiveProposal() (gas: 2797549)
[PASS] test_rotateOwner_revertsWhenOpenProposalCount() (gas: 2797921)
[PASS] test_rotateOwner_succeedsWhenNoProposals() (gas: 2878633)
[PASS] test_rotateOwner_vaultStillStakedTakesPrecedence() (gas: 2799977)
Suite result: ok. 4 passed; 0 failed; 0 skipped; finished in 5.03ms (2.17ms CPU time)

Ran 83 tests for test/SyndicateGovernor.t.sol:SyndicateGovernorTest
[PASS] test_addVault() (gas: 1015)
[PASS] test_addVault_duplicate_reverts() (gas: 1191)
[PASS] test_addVault_fromFactory() (gas: 1081)
[PASS] test_addVault_unauthorizedCaller_reverts() (gas: 179)
[PASS] test_cancelProposal() (gas: 1051568)
[PASS] test_cancelProposal_clearsActiveProposal() (gas: 1034807)
[PASS] test_cancelProposal_notProposer_reverts() (gas: 1025780)
[PASS] test_cooldown_blocksPropose() (gas: 2340989)
[PASS] test_deposit_blockedDuringActiveProposal() (gas: 1428304)
[PASS] test_deposit_succeedsAfterSettlement() (gas: 1621714)
[PASS] test_emergencyCancel() (gas: 1052895)
[PASS] test_emergencyCancel_approved_reverts() (gas: 1107023)
[PASS] test_emergencyCancel_clearsActiveProposal() (gas: 1038620)
[PASS] test_emergencyCancel_executedProposal_reverts() (gas: 1375486)
[PASS] test_executeGovernorBatch_notGovernor_reverts() (gas: 22251)
[PASS] test_executeProposal() (gas: 1391813)
[PASS] test_executeProposal_afterCooldown_succeeds() (gas: 2631243)
[PASS] test_executeProposal_notApproved_reverts() (gas: 1143148)
[PASS] test_flashDelegate_sameBlock_notCounted() (gas: 1139544)
[PASS] test_flashLoanedSettleRevertsInsteadOfFreezingADepressedPrice() (gas: 4704422)
[PASS] test_governor_readFromFactory() (gas: 1521)
[PASS] test_initialize() (gas: 47646)
[PASS] test_launchCap_performanceFeeCeilingIsTwentyFivePercent() (gas: 12449)
[PASS] test_maxAgentFeeBps_equalsGovernorCap() (gas: 24637)
[PASS] test_pashovFinding12_unstickCannotStampANearZeroPrice() (gas: 1533303)
[PASS] test_pashovFinding1_escrowClaimIsClosedWhileTheStrategyIsLive() (gas: 1429617)
[PASS] test_pashovFinding2_legacyProposalWithNoAnchorStillSettles() (gas: 1544717)
[PASS] test_pashovFinding2_priceFloorBoundary() (gas: 1562363)
[PASS] test_pashovFinding2_settleCannotStampANearZeroPrice() (gas: 1526805)
[PASS] test_proposalState_approved() (gas: 1098058)
[PASS] test_proposalState_expired() (gas: 1098981)
[PASS] test_proposal_passesWithNoVotes() (gas: 1019250)
[PASS] test_proposal_rejectedWhenVetoThresholdReached() (gas: 1118837)
[PASS] test_propose() (gas: 1053838)
[PASS] test_propose_blocksDuplicateWhileExecuted() (gas: 1379819)
[PASS] test_propose_emitsFeeClampedWhenAboveCap() (gas: 1023217)
[PASS] test_propose_emptyExecuteCalls_reverts() (gas: 72746)
[PASS] test_propose_emptySettlementCalls_reverts() (gas: 73868)
[PASS] test_propose_eoaStrategySucceedsAtPropose() (gas: 1025874)
[PASS] test_propose_noClampWhenWithinCap() (gas: 1040491)
[PASS] test_propose_notRegisteredAgent_reverts() (gas: 50909)
[PASS] test_propose_snapshotIsPriorTimestamp() (gas: 1008664)
[PASS] test_propose_strategyDurationTooLong_reverts() (gas: 72869)
[PASS] test_propose_strategyDurationTooShort_reverts() (gas: 74664)
[PASS] test_propose_vaultNotRegistered_reverts() (gas: 39404)
[PASS] test_redemptionLock_withdrawReverts() (gas: 1378026)
[PASS] test_redemptionUnlocked_afterSettlement() (gas: 1564294)
[PASS] test_redemptionsLocked_duringActiveProposal() (gas: 1374231)
[PASS] test_removeVault() (gas: 1631)
[PASS] test_rescueERC20_blockedDuringActiveProposal() (gas: 1422331)
[PASS] test_rescueERC20_succeedsAfterSettlement() (gas: 1509864)
[PASS] test_rescueERC721_blockedDuringActiveProposal() (gas: 1373502)
[PASS] test_setProtocolFeeBps_noRecipient_reverts() (gas: 1587)
[PASS] test_setProtocolFeeBps_zeroWithNoRecipient_succeeds() (gas: 1763)
[PASS] test_setVotingPeriod_appliesImmediately() (gas: 60453)
[PASS] test_setVotingPeriod_tooLow_reverts() (gas: 34114)
[PASS] test_setters_notOwner_reverts() (gas: 133275)
[PASS] test_settleBelowTheDeclaredCapitalEnvelopeSettles() (gas: 1574046)
[PASS] test_settleProposal_nonProposerBeforeDuration_reverts() (gas: 1372574)
[PASS] test_settleProposal_notExecuted_reverts() (gas: 1101102)
[PASS] test_settleProposal_permissionless_afterDuration() (gas: 1470034)
[PASS] test_settleProposal_proposerSettlesEarly() (gas: 1473777)
[PASS] test_settleRevertsWhenTheStrategyCannotFullyUnwind() (gas: 4745617)
[PASS] test_settle_stampsWithdrawalQueue_andClaimSucceeds() (gas: 3064045)
[PASS] test_settlement_agentFeeClampedToMax() (gas: 1535888)
[PASS] test_settlement_clampsOnMidFlightCapReduction() (gas: 1550973)
[PASS] test_settlement_noProfit_noPerformanceFee() (gas: 1464573)
[PASS] test_settlement_smallProfit_feeMath() (gas: 1461087)
[PASS] test_settlement_strategyProposal_chargesNormalFees() (gas: 1670709)
[PASS] test_settlement_usesProposeTimeSnapshot() (gas: 1510826)
[PASS] test_settlement_withLoss_noPerformanceFee() (gas: 1472667)
[PASS] test_settlement_withProfit_managementAndPerformanceFee() (gas: 1508200)
[PASS] test_settlement_zeroPerformanceFee_noAgentPayout() (gas: 1446804)
[PASS] test_vetoProposal_approved_reverts() (gas: 1104659)
[PASS] test_vetoProposal_clearsActiveProposal() (gas: 1036380)
[PASS] test_vetoProposal_emitsEvent() (gas: 1029707)
[PASS] test_vetoProposal_executed_reverts() (gas: 1372572)
[PASS] test_vetoProposal_notVaultOwner_reverts() (gas: 1027150)
[PASS] test_vetoProposal_pending() (gas: 1050853)
[PASS] test_vote() (gas: 1157409)
[PASS] test_vote_afterVotingPeriod_reverts() (gas: 1030097)
[PASS] test_vote_doubleVote_reverts() (gas: 1061885)
[PASS] test_vote_noShares_reverts() (gas: 1031316)
Suite result: ok. 83 passed; 0 failed; 0 skipped; finished in 39.79ms (36.55ms CPU time)

Ran 4 tests for test/SyndicateGovernorIntegration.t.sol:SyndicateGovernorIntegrationTest
[PASS] test_fullLifecycle_moonwellSupplyBorrowUnwind() (gas: 2070203)
[PASS] test_fullLifecycle_multipleProposalsSequential() (gas: 2593314)
[PASS] test_fullLifecycle_proposeVoteExecuteSettle() (gas: 1641289)
[PASS] test_fullLifecycle_rejectedProposal() (gas: 1127588)
Suite result: ok. 4 passed; 0 failed; 0 skipped; finished in 8.28ms (5.88ms CPU time)

Ran 18 tests for test/SyndicateVault.AsyncRedeem.t.sol:VaultAsyncRedeemTest
[PASS] test_maxRedeem_capsAtPendingShares() (gas: 764245)
[PASS] test_maxWithdrawAndMaxRedeem_zeroDuringActiveProposal() (gas: 298977)
[PASS] test_maxWithdraw_capsAtFloatMinusReserve() (gas: 954401)
[PASS] test_queueClaim_bypassesReserveCheck() (gas: 619520)
[PASS] test_redeem_dustShares_passthrough() (gas: 331144)
[PASS] test_redeem_revertsWhenExceedsMaxRedeem() (gas: 937324)
[PASS] test_requestRedeem_byOwnerArrayGrows() (gas: 723376)
[PASS] test_requestRedeem_callerMustBeOwnerOrApproved() (gas: 295431)
[PASS] test_requestRedeem_emitsRedeemRequested() (gas: 585356)
[PASS] test_requestRedeem_revertsWhenQueueUnset() (gas: 5587603)
[PASS] test_requestRedeem_revertsWhenUnlocked() (gas: 288666)
[PASS] test_requestRedeem_succeedsWhenLocked() (gas: 594938)
[PASS] test_requestRedeem_thirdPartyWithAllowance() (gas: 601979)
[PASS] test_requestRedeem_zeroSharesReverts() (gas: 26854)
[PASS] test_setWithdrawalQueue_onlyFactory() (gas: 1162956)
[PASS] test_setWithdrawalQueue_setOnce() (gas: 1163159)
[PASS] test_withdraw_revertsWhenExceedsMaxWithdraw() (gas: 956376)
[PASS] test_withdraw_shortfallBeyondFloat_revertsQueueReserveBreached() (gas: 5920877)
Suite result: ok. 18 passed; 0 failed; 0 skipped; finished in 5.91ms (4.59ms CPU time)

Ran 10 tests for test/SyndicateVault.InstantLiquidity.t.sol:VaultInstantLiquidityTest
[PASS] test_governorBatch_bufferOff_allowsFullDeploy() (gas: 351020)
[PASS] test_governorBatch_respectsBuffer() (gas: 397938)
[PASS] test_governorBatch_revertsOnBufferBreach() (gas: 417070)
[PASS] test_governorBatch_settleBatch_passesTrivially() (gas: 396651)
[PASS] test_minBufferBps_defaultZero() (gas: 14671)
[PASS] test_setMinBufferBps_acceptsExactCap() (gas: 44457)
[PASS] test_setMinBufferBps_ownerOnly() (gas: 18634)
[PASS] test_setMinBufferBps_resetToZero() (gas: 33810)
[PASS] test_setMinBufferBps_revertsAboveCap() (gas: 18521)
[PASS] test_setMinBufferBps_setsAndEmits() (gas: 45700)
Suite result: ok. 10 passed; 0 failed; 0 skipped; finished in 1.21ms (575.29µs CPU time)

Ran 62 tests for test/SyndicateVault.t.sol:SyndicateVaultTest
[PASS] testFuzz_feeSum_leqPnl(uint128,uint16,uint16,uint16) (runs: 256, μ: 2786, ~: 2780)
[PASS] test_agentFeeBps_defaultsToTheHeadline() (gas: 13265)
[PASS] test_agentsPaginated_respectsCap() (gas: 4567870)
[PASS] test_approveDepositor() (gas: 102939)
[PASS] test_approveDepositor_notOwner_reverts() (gas: 22717)
[PASS] test_approveDepositors_batch() (gas: 209779)
[PASS] test_approvedDepositorsPaginated_basic() (gas: 346036)
[PASS] test_decimalsOffset_cachedAtInit() (gas: 48809)
[PASS] test_decimalsOffset_matchesAssetDecimals() (gas: 16423)
[PASS] test_deposit() (gas: 279917)
[PASS] test_deposit_autoDelegates() (gas: 282962)
[PASS] test_deposit_closedDeposits_approved_succeeds() (gas: 5912997)
[PASS] test_deposit_closedDeposits_unapproved_reverts() (gas: 5629880)
[PASS] test_deposit_zeroAmount_mintsZeroShares() (gas: 144656)
[PASS] test_executeBatch_removed() (gas: 18397)
[PASS] test_executeGovernorBatch_emitsEvent() (gas: 52158)
[PASS] test_executeGovernorBatch_reentrancy_blocked() (gas: 387759)
[PASS] test_executeGovernorBatch_revertsIfExecutorCodehashChanged() (gas: 104564)
[PASS] test_executeGovernorBatch_revertsWhenPaused() (gas: 50598)
[PASS] test_feeSum_worstCase_stillBounded() (gas: 1176)
[PASS] test_getPastTotalSupply_afterDeposit() (gas: 281920)
[PASS] test_getPastVotes_afterDeposit() (gas: 280741)
[PASS] test_inflationAttack_1weiDeposit_blocked() (gas: 464108)
[PASS] test_inflationAttack_mitigated() (gas: 467876)
[PASS] test_initialize() (gas: 36338)
[PASS] test_openDeposits_initialized_true() (gas: 14563)
[PASS] test_pause_blocksDeposits() (gas: 87097)
[PASS] test_pause_blocksDeposits_unpause_allows() (gas: 304898)
[PASS] test_pause_blocksWithdrawals() (gas: 311051)
[PASS] test_receive_rejectsEth() (gas: 20827)
[PASS] test_redeem_returnsCorrectAssets() (gas: 265883)
[PASS] test_redemptionsLocked_revertsIfGovernorZero() (gas: 18224)
[PASS] test_registerAgent() (gas: 19864)
[PASS] test_registerAgent_notAgentOwner_reverts() (gas: 90533)
[PASS] test_registerAgent_notOwner_reverts() (gas: 22989)
[PASS] test_registerAgent_ownerOwnsNft() (gas: 183528)
[PASS] test_registerAgent_revertsAtCap() (gas: 4553886)
[PASS] test_removeAgent() (gas: 40540)
[PASS] test_removeAgent_allowsCleanReRegister() (gas: 98714)
[PASS] test_removeDepositor() (gas: 77686)
[PASS] test_rescueERC20_cannotRescueAsset_reverts() (gas: 64049)
[PASS] test_rescueERC721() (gas: 98859)
[PASS] test_rescueERC721_notOwner_reverts() (gas: 77830)
[PASS] test_rescueEth() (gas: 61270)
[PASS] test_rescueEth_notOwner_reverts() (gas: 18289)
[PASS] test_rescueEth_revertsDuringActiveStrategy() (gas: 25552)
[PASS] test_rescue_covers_strandedTokens() (gas: 73343)
[PASS] test_rotateOwnership_atCap_newOwnerCanRegister() (gas: 7385303)
[PASS] test_rotateOwnership_clearsAgentSet() (gas: 53703)
[PASS] test_setAgentFeeBps_aboveCapReverts() (gas: 20252)
[PASS] test_setAgentFeeBps_atCapSucceeds() (gas: 44665)
[PASS] test_setAgentFeeBps_canSetZero() (gas: 45092)
[PASS] test_setAgentFeeBps_nonOwnerReverts() (gas: 20915)
[PASS] test_setAgentFeeBps_ownerCanSet() (gas: 46736)
[PASS] test_setExecutorImpl_onlyFactory() (gas: 418293)
[PASS] test_setExecutorImpl_rejectsZeroAndCodelessTargets() (gas: 32028)
[PASS] test_setExecutorImpl_updatesAddressAndCodehashAtomically() (gas: 456399)
[PASS] test_setOpenDeposits() (gas: 5845881)
[PASS] test_transferPerformanceFee_assetMatch_succeeds() (gas: 89655)
[PASS] test_transferPerformanceFee_otherAsset_reverts() (gas: 56794)
[PASS] test_transferPerformanceFee_zeroRecipient_reverts() (gas: 56200)
[PASS] test_unmigratedVault_failsClosed_notSilentlyUnmetered() (gas: 130021)
Suite result: ok. 62 passed; 0 failed; 0 skipped; finished in 39.14ms (38.19ms CPU time)

Ran 1 test for test/SyndicateVaultAdminLibParity.t.sol:SyndicateVaultAdminLibParityTest
[PASS] test_mirrorConstants_inLockstep() (gas: 5199862)
Suite result: ok. 1 passed; 0 failed; 0 skipped; finished in 270.88µs (113.96µs CPU time)

Ran 22 tests for test/TierRegistry.t.sol:TierRegistryTest
[PASS] test_certifyAcceptsBoundaryValues() (gas: 192804)
[PASS] test_certifyEmitsEventWithCodehash() (gas: 103936)
[PASS] test_certifyIsPermissionless() (gas: 105387)
[PASS] test_certifyThenTierOfReportsCertified() (gas: 103677)
[PASS] test_codehashMismatchLazilyDemotesToTier2() (gas: 107721)
[PASS] test_demoteOnlyOwner() (gas: 104005)
[PASS] test_keyIsDeterministic() (gas: 13188)
[PASS] test_ownerDemote() (gas: 127058)
[PASS] test_pokePersistsDemotionOnMismatch() (gas: 126310)
[PASS] test_pokeRevertsWhenCodehashStillMatches() (gas: 103536)
[PASS] test_pokeRevertsWhenNotCertified() (gas: 13732)
[PASS] test_pokedDemotionSurvivesCodeRestore() (gas: 132527)
[PASS] test_proposeCertificationOnlyOwner() (gas: 16744)
[PASS] test_proposeCertificationRevertsForEOATarget() (gas: 21077)
[PASS] test_proposeCertificationRevertsForFullNotionalBound() (gas: 19392)
[PASS] test_proposeCertificationRevertsForFundedEOATarget() (gas: 17152)
[PASS] test_proposeCertificationRevertsForTier2() (gas: 19293)
[PASS] test_proposeCertificationRevertsForZeroBound() (gas: 19498)
[PASS] test_recertifyAfterPokeRestoresTier() (gas: 205203)
[PASS] test_recertifySameKeyOverwrites() (gas: 149716)
[PASS] test_twoStepOwnershipTransferGatesPropose() (gas: 133800)
[PASS] test_unknownSelectorDefaultsToTier2FullNotional() (gas: 18542)
Suite result: ok. 22 passed; 0 failed; 0 skipped; finished in 3.29ms (2.96ms CPU time)

Ran 8 tests for test/DemotionGasProbe.t.sol:DemotionGasProbeTest
[PASS] test_demotionGas_fitsInsideTheReservedStipend() (gas: 38522186)
[PASS] test_fullCapConviction_fitsInAMinableTransaction() (gas: 108772508)
[PASS] test_measure_convictionGas_at4Approvers() (gas: 43831383)
[PASS] test_measure_convictionGas_at52Approvers() (gas: 75196685)
[PASS] test_probe_minimalGasDemotionOutcome() (gas: 290996366)
[PASS] test_slashGasFloorFitsRobinhoodMaxTxGas() (gas: 38349829)
[PASS] test_theFloorExceedsWhatAFullCapConvictionSpends() (gas: 107603846)
[PASS] test_theGasFloorSitsTwoExternalFramesBelowAnEoa() (gas: 38332152)
Suite result: ok. 8 passed; 0 failed; 0 skipped; finished in 360.77ms (358.56ms CPU time)

Ran 8 tests for test/deploy/DeployConcentratedLiquidityStrategy.t.sol:DeployConcentratedLiquidityStrategyTest
[PASS] test_book_allowsACompleteBook() (gas: 5625)
[PASS] test_book_allowsAPreCoreBook() (gas: 5889)
[PASS] test_book_failsWhenCoreRanButNamesNoRegistry() (gas: 9417)
[PASS] test_gate_failsWhenTheFactoryIsNotAllowlisted() (gas: 40719)
[PASS] test_gate_failsWhenTheRegistryAddressHoldsNoCode() (gas: 15956)
[PASS] test_gate_failsWhenTheRegistryCannotAnswer() (gas: 56984)
[PASS] test_gate_passesWhenTheFactoryIsAllowlisted() (gas: 18766)
[PASS] test_gate_skipsWhenTheBookNamesNoRegistry() (gas: 12354)
Suite result: ok. 8 passed; 0 failed; 0 skipped; finished in 454.88µs (117.54µs CPU time)

Ran 5 tests for test/deploy/DeployMorphoStrategy.t.sol:DeployMorphoStrategyTest
[PASS] test_deploy_producesTheStrategyTemplate() (gas: 985324)
[PASS] test_deploy_templateCannotBeInitializedDirectly() (gas: 995792)
[PASS] test_deploy_templateIsClonableAndInitializes() (gas: 1317825)
[PASS] test_templateKeys_holdExactlyTheLiveTemplates() (gas: 1837199)
[PASS] test_templateKeys_nameTheMorphoTemplate() (gas: 1831363)
Suite result: ok. 5 passed; 0 failed; 0 skipped; finished in 697.88µs (278.04µs CPU time)

Ran 1 test for test/audit-181/ProposalLifecycle_vetoDenominator.t.sol:ProposalLifecycleVetoDenominatorTest
[PASS] test_escrowedQueueShares_excludedFromVetoDenominator() (gas: 1552260)
Suite result: ok. 1 passed; 0 failed; 0 skipped; finished in 1.42ms (273.08µs CPU time)

Ran 22 tests for test/ProposerBondEscrow.t.sol:ProposerBondEscrowTest
[PASS] testFuzz_balanceMatchesOpenBonds(uint96,uint96,bool) (runs: 256, μ: 106156, ~: 100077)
[PASS] test_constructor_zeroAddressReverts() (gas: 111436)
[PASS] test_forfeitBond_andReleaseAreMutuallyExclusive() (gas: 142944)
[PASS] test_forfeitBond_burnsTheBondAndClearsTheRecord() (gas: 95612)
[PASS] test_forfeitBond_crossGovernorIsolation() (gas: 159387)
[PASS] test_forfeitBond_followsTheFreezerRotation() (gas: 99680)
[PASS] test_forfeitBond_onlyTheCoverageFreezer() (gas: 107971)
[PASS] test_forfeitBond_paysTheProsecutorFeeAndBurnsTheRest() (gas: 117204)
[PASS] test_forfeitBond_rejectsAFeeAboveTheCeiling() (gas: 90383)
[PASS] test_forfeitBond_selfDealingProposerAlwaysLoses() (gas: 99080)
[PASS] test_forfeitBond_unwiredFreezerAuthorizesNobody() (gas: 91880)
[PASS] test_forfeitBond_zeroPayeeOrRateBurnsEverything() (gas: 142650)
[PASS] test_lockBond_amountOverUint96Reverts() (gas: 30474)
[PASS] test_lockBond_duplicateReverts() (gas: 81817)
[PASS] test_lockBond_pullsWoodAndRecords() (gas: 83153)
[PASS] test_lockBond_unauthorizedGovernorReverts() (gas: 18801)
[PASS] test_lockBond_zeroAmountAcceptedAndReleasable() (gas: 51811)
[PASS] test_lockBond_zeroProposerReverts() (gas: 16771)
[PASS] test_releaseBond_afterGovernorDeauthorized() (gas: 73059)
[PASS] test_releaseBond_crossGovernorIsolation() (gas: 136286)
[PASS] test_releaseBond_keyBoundToLockerAndOnce() (gas: 69693)
[PASS] test_releaseBond_returnsToProposer() (gas: 67844)
Suite result: ok. 22 passed; 0 failed; 0 skipped; finished in 20.60ms (20.26ms CPU time)

Ran 6 tests for test/ProtocolConfig.t.sol:ProtocolConfigTest
[PASS] test_defaultsAreZero() (gas: 11136)
[PASS] test_guardianRecipientCanAlwaysBeCleared() (gas: 31757)
[PASS] test_onlyOwner() (gas: 13085)
[PASS] test_ownership2Step() (gas: 32428)
[PASS] test_protocolRecipientCanAlwaysBeCleared() (gas: 31423)
[PASS] test_setProtocolFeeRecipient() (gas: 40476)
Suite result: ok. 6 passed; 0 failed; 0 skipped; finished in 160.83µs (65.71µs CPU time)

Ran 19 tests for test/TierRegistryBondMechanics.t.sol:TierRegistryBondMechanicsTest
[PASS] testFuzz_woodBalanceMatchesBonds(uint8,uint8,uint8,uint32) (runs: 256, μ: 930182, ~: 918799)
[PASS] test_bondEventsEmitted() (gas: 691420)
[PASS] test_certifyWithZeroBondLocksNothingAndEmitsNoBondEvent() (gas: 108108)
[PASS] test_certify_noApprovalReverts() (gas: 714673)
[PASS] test_certify_pullsSubmitterBond() (gas: 762836)
[PASS] test_certify_zeroBondConfigStillWorks() (gas: 103371)
[PASS] test_classBond_orphanedByRepointIsClaimableAndTheSelectorRecertifies() (gas: 1106866)
[PASS] test_classDemote_startsReleaseTimelock_claimAfterDelay() (gas: 733719)
[PASS] test_demote_startsReleaseTimelock_claimAfterDelay() (gas: 687936)
[PASS] test_doubleClaimReverts() (gas: 686287)
[PASS] test_pokePath_bondLifecycle() (gas: 695036)
[PASS] test_proposeCertification_zeroAddressSubmitterRevertsWhenBonded() (gas: 599677)
[PASS] test_recertify_afterClaimSucceeds() (gas: 894131)
[PASS] test_recertify_whileBondActiveReverts() (gas: 804005)
[PASS] test_recertify_whilePendingReleaseReverts() (gas: 828393)
[PASS] test_setBondReleaseDelay_boundsEnforced() (gas: 36003)
[PASS] test_setSubmitterBondWood_tooLargeReverts() (gas: 593086)
[PASS] test_setWood_revertsWhileBondsOutstanding() (gas: 1208328)
[PASS] test_setWood_zeroWhileArmedReverts() (gas: 594192)
Suite result: ok. 19 passed; 0 failed; 0 skipped; finished in 117.94ms (117.49ms CPU time)

Ran 151 tests for test/ChallengeGame.t.sol:ChallengeGameTest
[PASS] testFuzz_woodBalanceEqualsLiveBonds(uint96[3],uint8,uint8,uint8) (runs: 256, μ: 3645765, ~: 3638753)
[PASS] test_challengeFiledAfterPoolCompletedCanBeDefendedByItsOwnCounterBond() (gas: 1935359)
[PASS] test_challengeableUntil_onlyEverLengthens() (gas: 2029141)
[PASS] test_challengeableUntil_survivesATemporarilyShortenedWindow() (gas: 1840683)
[PASS] test_challengeableUntil_unsetFallsBackToExecutedAtPlusWindow() (gas: 990362)
[PASS] test_constructor_rejectsALedgerWhoseWindowIsBelowTheDefault() (gas: 5797156)
[PASS] test_contributionAfterAFailureEarnsNoShareOfItsForfeit() (gas: 2777842)
[PASS] test_defaultTimings() (gas: 19164)
[PASS] test_dispute_aReleasedApproverMayFundTheDefence() (gas: 1121858)
[PASS] test_dispute_anyAddressMayFundTheDefence() (gas: 1179882)
[PASS] test_dispute_autoRefersOnCompletion() (gas: 1273471)
[PASS] test_dispute_courtRevertDoesNotBrickDispute() (gas: 1269678)
[PASS] test_dispute_nConcurrentFilingsAreAnsweredByOneCounterBondPool() (gas: 3483496)
[PASS] test_dispute_noCourtSkipsAutoRefer() (gas: 1115990)
[PASS] test_dispute_overContributionTakesOnlyTheShortfall() (gas: 1279312)
[PASS] test_dispute_partialContributionDoesNotRefer() (gas: 1239520)
[PASS] test_dispute_poolAccumulatesAndOpensTheDisputeOnCompletion() (gas: 1327072)
[PASS] test_dispute_revertsAfterTheDeadlineEvenWithAPartialPool() (gas: 1125936)
[PASS] test_dispute_revertsOnAZeroContribution() (gas: 980914)
[PASS] test_dispute_revertsOnceTheAutoSlashDelayElapsed() (gas: 981569)
[PASS] test_dispute_revertsWhenNotFiled() (gas: 1150762)
[PASS] test_dispute_stopsTheAutoSlashClock() (gas: 1214971)
[PASS] test_dispute_sybilSplitPaysTheSameTotal() (gas: 2457989)
[PASS] test_dispute_underGassedCallSkipsReferralButLandsTheDefence() (gas: 1296680)
[PASS] test_dispute_windowIsPinnedAtFilingNotReadLive() (gas: 1193267)
[PASS] test_file_aSquattedSlotNoLongerDeniesTheHonestChallenge() (gas: 2307396)
[PASS] test_file_acceptsAnAdapterOnlyTheSettlementLegCalls() (gas: 1204786)
[PASS] test_file_bondDividesByTheComposedPriceNotTheRawScalar() (gas: 1014948)
[PASS] test_file_bondIsSizedOnLiabilityNotReservations() (gas: 1034909)
[PASS] test_file_bondScalesWithFrozenExposure() (gas: 1840183)
[PASS] test_file_bondUsesReservationsWhenTheyAreTheSmallerFigure() (gas: 1024774)
[PASS] test_file_everyPredicateTakesTheSamePath() (gas: 4395801)
[PASS] test_file_oneSlotPerChallengerNotPerProposal() (gas: 1536879)
[PASS] test_file_pullsBondFreezesCoverageAndRecords() (gas: 1000337)
[PASS] test_file_refusesWhenAnEarlierDeploymentAlreadyCollectedTheVerdict() (gas: 5455656)
[PASS] test_file_refusesWhenOnlyOneAccusedApproverWasPreviouslySlashed() (gas: 371249)
[PASS] test_file_rejectsAProposalWhoseVerdictWasAlreadyCollected() (gas: 1413713)
[PASS] test_file_rejectsAnAdapterTheProposalNeverTouched() (gas: 1208197)
[PASS] test_file_revertsAfterWindowCloses() (gas: 1250006)
[PASS] test_file_revertsWhenNotExecuted() (gas: 253700)
[PASS] test_file_revertsWhenNothingToFreeze() (gas: 341496)
[PASS] test_file_revertsWhenTheBondTruncatesToZero() (gas: 314012)
[PASS] test_file_revertsWhenWoodPriceUnset() (gas: 349515)
[PASS] test_file_zeroAdapterSkipsTheMembershipTest() (gas: 1319843)
[PASS] test_forfeitBurnBps_defaultIsTwentyPercent() (gas: 12869)
[PASS] test_freshFilingAfterTheLastLiveChallengeIsUndefended() (gas: 2053215)
[PASS] test_inconclusive_burnIsPinnedAtFiling() (gas: 3436286)
[PASS] test_inconclusive_clampsToTheLiveSettleBurnBpsWhenLoweredBelowTheSchedule() (gas: 2739844)
[PASS] test_inconclusive_escalationCostsMoreWood_resumingAtRoundFour() (gas: 3435827)
[PASS] test_inconclusive_escalationSchedule() (gas: 4150422)
[PASS] test_inconclusive_extendsTheRechallengeWindow() (gas: 1855413)
[PASS] test_inconclusive_firstRoundPricedAtEntryTier() (gas: 1315470)
[PASS] test_inconclusive_pinsExposureThroughTheReArmedDeadline() (gas: 1309101)
[PASS] test_inconclusive_roundsResetAfterTheWindowLapsesNaturally() (gas: 1991972)
[PASS] test_inconclusive_sybilCannotResetTheEscalationWithADifferentChallenger() (gas: 1933495)
[PASS] test_noCourtWired_timeoutRefundsBothSides() (gas: 1294985)
[PASS] test_partialOwnDefenceDoesNotBackTheLaterFilingUntilItIsComplete() (gas: 2326291)
[PASS] test_prosecutorFee_ceilingMirrorsTheEscrow() (gas: 14821)
[PASS] test_prosecutorFee_pinnedAtFiling() (gas: 1853660)
[PASS] test_redeployedGame_liveChallengeStillTerminatesWhenV1CollectsFirst() (gas: 6070884)
[PASS] test_renounceOwnership_isDisabled() (gas: 43344)
[PASS] test_resolve_allowsALaterFilingOnTheSameProposal() (gas: 1855381)
[PASS] test_resolve_burnDoesNotPayNonContributors() (gas: 1354037)
[PASS] test_resolve_burnPlusDistributedEqualsTheBondToTheWei() (gas: 1833414)
[PASS] test_resolve_concurrentSettlesConvictOnlyOnce() (gas: 1900121)
[PASS] test_resolve_disputeTimeoutIsPinnedAtFiling() (gas: 1334181)
[PASS] test_resolve_disputedPastTimeoutFailsToTheAccused() (gas: 1396098)
[PASS] test_resolve_enforcesTheSlashGasFloor() (gas: 1375146)
[PASS] test_resolve_failedChallengePaysChallengerNothing() (gas: 1344989)
[PASS] test_resolve_forfeitBurnIsPinnedAtFiling() (gas: 1314317)
[PASS] test_resolve_forfeitIsProRataToContributionAndLeavesNoDust() (gas: 1506048)
[PASS] test_resolve_honestSoleDefenderKeepsEightyPercentOfTheForfeit() (gas: 1351057)
[PASS] test_resolve_leavesTheGameHoldingExactlyItsLiveBonds() (gas: 1332805)
[PASS] test_resolve_noAdapterFloorDoesNotChargeDemotionGas() (gas: 1259441)
[PASS] test_resolve_pinsTheCaseToTheBlockBeforeExecution() (gas: 1333689)
[PASS] test_resolve_refusesABudgetThatClearsOnlyTheOldFloor() (gas: 1380491)
[PASS] test_resolve_returnsBondAndPaysNoBounty() (gas: 1361834)
[PASS] test_resolve_revertsBeforeTheAutoSlashDelay() (gas: 983861)
[PASS] test_resolve_revertsOnATerminalOrUnknownChallenge() (gas: 1319137)
[PASS] test_resolve_revertsWhenStakedWoodUnset() (gas: 4904583)
[PASS] test_resolve_settleBurnIsPinnedAtFiling() (gas: 1283240)
[PASS] test_resolve_settlesEvenWhenTheDemoterRoleWasRevoked() (gas: 1353893)
[PASS] test_resolve_singleHonestFilingIsUnchangedByTheSharedPool() (gas: 1377282)
[PASS] test_resolve_slashBasisPredatesAnythingTheAccusedCanMove() (gas: 1336046)
[PASS] test_resolve_slashesOnlyStillCommittedApprovers() (gas: 1205220)
[PASS] test_resolve_sybilSplitRecoversTheSameTotal() (gas: 1660257)
[PASS] test_resolve_undisputedReturnsAPartialPool() (gas: 1698922)
[PASS] test_resolve_undisputedSlashesDemotesAndReturnsBond() (gas: 1401830)
[PASS] test_resolve_unfreezesOnBothPathsAndReleaseWorksAgain() (gas: 2468378)
[PASS] test_resolve_withoutAnAdapterDemotesNothing() (gas: 1244813)
[PASS] test_resolve_zeroBurnBpsDistributesTheWholeBond() (gas: 1327994)
[PASS] test_rule_convictionBurnsTheSharedPoolExactlyOnce() (gas: 2779384)
[PASS] test_rule_guiltyBurnsThePoolAndPaysNoOne() (gas: 1551955)
[PASS] test_rule_guiltyPathBurnsTheSettleSlice() (gas: 1529270)
[PASS] test_rule_guiltySettles() (gas: 1518253)
[PASS] test_rule_inconclusiveReturnsTheSharedPoolExactlyOnce() (gas: 1952798)
[PASS] test_rule_inconclusive_allowsRefilingSameProposal() (gas: 1852708)
[PASS] test_rule_inconclusive_beatsTimeoutAndBarsASecondRuling() (gas: 1312406)
[PASS] test_rule_inconclusive_contributorsClaimExactlyTheirStake() (gas: 1302589)
[PASS] test_rule_inconclusive_multiContributorClaimsExactStake() (gas: 1434677)
[PASS] test_rule_inconclusive_poolWholeChallengerBondMinusBurn() (gas: 2055817)
[PASS] test_rule_notGuiltyFails() (gas: 1237438)
[PASS] test_rule_onlyCourt() (gas: 1148944)
[PASS] test_rule_onlyFromDisputed() (gas: 978226)
[PASS] test_rule_selfFilingCohortRecoversNothingFromTheBurnedPool() (gas: 2166595)
[PASS] test_rule_thenResolveReverts() (gas: 1516466)
[PASS] test_rule_verdictMapping() (gas: 2614270)
[PASS] test_selfChallenge_roundTripCostsExactlyTheBurn() (gas: 1367489)
[PASS] test_selfChallenge_twoAddressOperatorPaysTheSameBurn() (gas: 1422123)
[PASS] test_selfFiledDecoyProvidesNoShield() (gas: 2146756)
[PASS] test_setAutoSlashDelay_bounded() (gas: 48413)
[PASS] test_setAutoSlashDelay_revertsWindowInvariantViolated() (gas: 27100)
[PASS] test_setAutoSlashDelay_vacuousWithNoCourtWired() (gas: 31146)
[PASS] test_setChallengeWindow_bounded() (gas: 44640)
[PASS] test_setChallengeWindow_boundedByLedgersLiveWindow() (gas: 36418)
[PASS] test_setChallengerBondBps_bounded() (gas: 1002542)
[PASS] test_setCourt_bypassClosed_rewiringAfterVacuousAutoSlashDelayChangeReverts() (gas: 39816)
[PASS] test_setCourt_revertsWindowInvariantViolated_whenNewCourtCannotFit() (gas: 130352)
[PASS] test_setCourt_succeedsWhenRewiringToAFittingCourtAfterAVacuousChange() (gas: 43283)
[PASS] test_setDisputeTimeout_bounded() (gas: 44556)
[PASS] test_setDisputeTimeout_revertsWindowInvariantViolated() (gas: 28183)
[PASS] test_setDisputeTimeout_vacuousWithNoCourtWired() (gas: 28956)
[PASS] test_setExposureLedger_acceptsACorrectlyWiredRePoint() (gas: 2153145)
[PASS] test_setExposureLedger_refusesALedgerThatHasNotNamedThisGame() (gas: 2150847)
[PASS] test_setExposureLedger_revertsWhenNewLedgersWindowIsSmallerThanCurrent() (gas: 819729)
[PASS] test_setExposureLedger_succeedsWhenNewLedgersWindowCoversCurrent() (gas: 853177)
[PASS] test_setFilingsPaused_emits() (gas: 24756)
[PASS] test_setFilingsPaused_gatesFileOnly() (gas: 4594819)
[PASS] test_setFilingsPaused_onlyOwner() (gas: 14796)
[PASS] test_setForfeitBurnBps_bounded() (gas: 25351)
[PASS] test_setForfeitBurnBps_emits() (gas: 22710)
[PASS] test_setForfeitBurnBps_onlyOwner() (gas: 12198)
[PASS] test_setInconclusiveBurnBps_allowsRisingAboveTheLiveSettleBurnBps() (gas: 36004)
[PASS] test_setInconclusiveBurnBps_boundsAndOwner() (gas: 41482)
[PASS] test_setProsecutorFeeBps_boundsAndOwner() (gas: 30102)
[PASS] test_setSettleBurnBps_allowsDroppingBelowTheLiveInconclusiveBurnBps() (gas: 37104)
[PASS] test_setSettleBurnBps_boundedAndZeroRestoresTheFullRefund() (gas: 1272082)
[PASS] test_setStakedWood_doesNotConstrainTheProsecutorFee() (gas: 820491)
[PASS] test_setStakedWood_refusesASlasherThatHasNotNamedThisGame() (gas: 828737)
[PASS] test_setStakedWood_rejectsZero() (gas: 14783)
[PASS] test_setters_onlyOwner() (gas: 28829)
[PASS] test_settleWindowFloor_autoSlashDelayRaisingIntoTheWindowReverts() (gas: 37289)
[PASS] test_settleWindowFloor_disputeTimeoutAtTheFloorPasses_oneSecondUnderReverts() (gas: 36423)
[PASS] test_settle_collectingVerdictStillDemotesTheAdapter() (gas: 1325221)
[PASS] test_settle_divertedVerdictDoesNotDemoteTheAdapter() (gas: 1093758)
[PASS] test_settle_divertsWhenTheVerdictWasCollectedAfterFiling() (gas: 1290895)
[PASS] test_slash_carriesNoPayoutRecipient() (gas: 1317881)
[PASS] test_task4Setters_onlyOwner() (gas: 25035)
[PASS] test_topUpAfterASiblingFailedPaysTheEarnedShareRatherThanStrandingIt() (gas: 2643600)
[PASS] test_topUpWithNoFailedSiblingBooksTheContributionAlone() (gas: 1172552)
[PASS] test_twoFailedSiblingsSettleAtTheirOwnDenominatorsOnTheNextPayment() (gas: 3390871)
Suite result: ok. 151 passed; 0 failed; 0 skipped; finished in 385.93ms (384.19ms CPU time)

Ran 4 tests for test/audit-181b/ChallengeGame_settlementEconomics.t.sol:ChallengeGame_settlementEconomicsTest
[PASS] test_firstEverInconclusiveRound_pinsAPositiveBurnRate() (gas: 1204746)
[PASS] test_genuineNotGuiltyRuling_doesNotReArm() (gas: 1108006)
[PASS] test_selfFundedGuiltyRuling_burnsTheWholePoolPlusASlice() (gas: 1083493)
[PASS] test_unadjudicatedDisputeTimeout_reArmsReChallengeWindow() (gas: 1190847)
Suite result: ok. 4 passed; 0 failed; 0 skipped; finished in 1.10ms (695.21µs CPU time)

Ran 2 tests for test/StakedWood.t.sol:StakedWoodCooldownInvariantTest
[PASS] test_setCooldownPeriod_revertsBelowReviewPeriod() (gas: 34716)
[PASS] test_setCooldownPeriod_succeedsAtOrAboveReviewPeriod() (gas: 45991)
Suite result: ok. 2 passed; 0 failed; 0 skipped; finished in 492.75µs (35.79µs CPU time)

Ran 15 tests for test/fees/ProtocolConfigSplits.t.sol:ProtocolConfigSplitsTest
[PASS] testFuzz_mgmtSplitAcceptedIffItSumsToFullBasisPoints(uint16,uint16,uint16) (runs: 256, μ: 14792, ~: 14792)
[PASS] testFuzz_perfSplitAcceptedIffItSumsToFullBasisPoints(uint16,uint16,uint16,uint16) (runs: 256, μ: 15209, ~: 15209)
[PASS] test_aFreshConfigIsBornWithValidSplits() (gas: 12243)
[PASS] test_bothLaunchSplitsSumToFullBasisPoints() (gas: 29460)
[PASS] test_launchSplitsMakeTheAgentTheLargestEarner() (gas: 30905)
[PASS] test_mgmtSplitMayAllocateZeroToAParty() (gas: 22854)
[PASS] test_mgmtSplitOverFullBasisPointsIsRejected() (gas: 30461)
[PASS] test_mgmtSplitUnderFullBasisPointsIsRejected() (gas: 30507)
[PASS] test_perfSplitOverFullBasisPointsIsRejected() (gas: 31013)
[PASS] test_perfSplitUnderFullBasisPointsIsRejected() (gas: 30992)
[PASS] test_theSeededSplitsAreTheLaunchNumbers() (gas: 12320)
[PASS] test_unauthorizedCallerCannotSetMgmtSplit() (gas: 32753)
[PASS] test_unauthorizedCallerCannotSetPerfSplit() (gas: 33018)
[PASS] test_validMgmtSplitIsStoredAndEmitted() (gas: 22292)
[PASS] test_validPerfSplitIsStoredAndEmitted() (gas: 23667)
Suite result: ok. 15 passed; 0 failed; 0 skipped; finished in 19.67ms (19.48ms CPU time)

Ran 42 tests for test/TierRegistryCertificationTimelock.t.sol:TierRegistryCertificationTimelockTest
[PASS] test_bond_configChangeMidWindow_doesNotRepriceThePull() (gas: 762166)
[PASS] test_bond_lapsedApproval_revertsRetryably() (gas: 780142)
[PASS] test_bond_pulledOnlyAtExecution_notAtPropose() (gas: 761542)
[PASS] test_bond_zeroPinnedAmountSkipsThePull_evenAfterConfigRaised() (gas: 600571)
[PASS] test_cancel_clearsPending_subsequentCertifyReverts() (gas: 68184)
[PASS] test_cancel_doesNotDisturbLiveCertificationOrBond() (gas: 759504)
[PASS] test_cancel_onlyOwner() (gas: 80272)
[PASS] test_cancel_revertsWithNoPending() (gas: 19450)
[PASS] test_certify_bondPendingRelease_thenSucceedsAfterClaim() (gas: 857932)
[PASS] test_certify_codehashChangeMidWindow_voidsAndIsRecoverable() (gas: 125642)
[PASS] test_certify_revertsBeforeReadyAt() (gas: 83483)
[PASS] test_certify_revertsBondActive_overALiveBond() (gas: 832661)
[PASS] test_certify_revertsWithNoPending() (gas: 18051)
[PASS] test_certify_succeedsExactlyAtReadyAtByThirdParty() (gas: 110468)
[PASS] test_demoteByChallenge_cancelsAPendingRecertificationAfterAPreDemotion() (gas: 205605)
[PASS] test_demoteClassByChallenge_cancelsAPendingRecertificationAfterAPreDemotion() (gas: 261768)
[PASS] test_demotionPaths_unaffectedByAnUnrelatedPendingCertification() (gas: 2725948)
[PASS] test_finding1_bondTokenPinnedSurvivesSetWoodMidWindow() (gas: 1267692)
[PASS] test_finding2_demoteByChallenge_cancelsPendingRenewal() (gas: 204896)
[PASS] test_finding2_demote_doesNotCancelUnrelatedKeysPending() (gas: 174128)
[PASS] test_finding2_ownerDemote_cancelsPendingRenewal() (gas: 174047)
[PASS] test_finding2_poke_cancelsPendingRenewal() (gas: 174628)
[PASS] test_finding3_nonSubmitterCannotTriggerBondedCertify() (gas: 763932)
[PASS] test_finding3_ownerCannotTriggerBondedCertifyEither() (gas: 677073)
[PASS] test_finding3_unbondedCertifyStaysPermissionless() (gas: 105341)
[PASS] test_finding5_certifyExpiresAfterMaxCertifyWindow() (gas: 107587)
[PASS] test_finding5_certifyRevertsOneSecondPastMaxCertifyWindow() (gas: 98629)
[PASS] test_finding5_expiredPendingIsRecoverableViaReproposal() (gas: 118505)
[PASS] test_finding6_proposeRevertsOnExpectedCodehashMismatch() (gas: 31973)
[PASS] test_finding6_proposeSucceedsWhenExpectedCodehashMatches() (gas: 82294)
[PASS] test_poke_cancelsSameKeyPendingRenewal() (gas: 179012)
[PASS] test_poke_stillPermissionlessAndInstant() (gas: 129100)
[PASS] test_propose_onlyOwner() (gas: 17008)
[PASS] test_propose_recordsPendingWithoutChangingEffectiveTier() (gas: 96880)
[PASS] test_propose_revertsForNonContractTarget() (gas: 28604)
[PASS] test_propose_revertsForTier2() (gas: 19425)
[PASS] test_propose_revertsForZeroAddressSubmitterWhenBonded() (gas: 522629)
[PASS] test_propose_revertsForZeroOrFullNotionalBound() (gas: 25309)
[PASS] test_reproposal_overwritesEverythingAndRestartsTheClock() (gas: 98706)
[PASS] test_setCertifyDelay_boundsEnforced() (gas: 34386)
[PASS] test_setCertifyDelay_doesNotMoveAnAlreadyPinnedReadyAt() (gas: 118724)
[PASS] test_setCertifyDelay_onlyOwner() (gas: 11553)
Suite result: ok. 42 passed; 0 failed; 0 skipped; finished in 15.45ms (14.50ms CPU time)

Ran 40 tests for test/TierRegistryClassCertification.t.sol:TierRegistryClassCertificationTest
[PASS] test_certifyClass_beforeDelayReverts() (gas: 104678)
[PASS] test_certifyClass_templateMutatedMidWindowReverts() (gas: 107656)
[PASS] test_certifyClass_withNoPendingReverts() (gas: 21696)
[PASS] test_classKey_doesNotAliasAddressKey() (gas: 11837)
[PASS] test_classMembership_cloneInheritsTier() (gas: 430959)
[PASS] test_classMembership_cloneMadeOutsideFactoryIsNotAMember() (gas: 481258)
[PASS] test_classMembership_cloneOfOtherTemplateIsNotAMember() (gas: 746727)
[PASS] test_classMembership_eoaIsNotAMember() (gas: 164280)
[PASS] test_classMembership_factoryCloneWithDriftedBytecodeIsNotAMember() (gas: 434991)
[PASS] test_classMembership_laterClonesInheritToo() (gas: 686199)
[PASS] test_classMembership_lookAlikeIsNotAMember() (gas: 168001)
[PASS] test_classMembership_perInstanceBytecodeDissolvesClassSilently() (gas: 428007)
[PASS] test_classMembership_templateMutationRevokesEveryClone() (gas: 683198)
[PASS] test_classMembership_uncertifiedSelectorStaysTier2() (gas: 426991)
[PASS] test_classOf_isZeroWhileTheFactoryIsUnset() (gas: 2995498)
[PASS] test_classReadsDegradeWhenTheFactoryStopsAnsweringProvenance() (gas: 427571)
[PASS] test_cloneCodehashOf_allClonesShareOneCodehash() (gas: 535854)
[PASS] test_cloneCodehashOf_deterministicCloneSameClass() (gas: 91813)
[PASS] test_cloneCodehashOf_differentTemplateDifferentClass() (gas: 563887)
[PASS] test_cloneCodehashOf_matchesRealFactoryClone() (gas: 283420)
[PASS] test_cloneCodehashOf_pureForUndeployedTemplate() (gas: 11038)
[PASS] test_demoteClass_onUncertifiedClassReverts() (gas: 21645)
[PASS] test_demoteClass_reCertificationRestoresTheTier() (gas: 491066)
[PASS] test_demoteClass_revokesEveryCloneAtOnce() (gas: 653822)
[PASS] test_namespaceIsolation_addressCertNotVisibleAsClass() (gas: 377125)
[PASS] test_namespaceIsolation_classCertNotDemotableAsAddress() (gas: 166106)
[PASS] test_pokeClass_persistsAfterTemplateMutation() (gas: 165568)
[PASS] test_pokeClass_refusesWhileTemplateUnchanged() (gas: 162701)
[PASS] test_precedence_addressEntryWinsOverClass() (gas: 749394)
[PASS] test_proposeClassCertification_codehashDriftReverts() (gas: 20531)
[PASS] test_proposeClassCertification_codelessTemplateReverts() (gas: 19199)
[PASS] test_proposeClassCertification_onlyOwner() (gas: 17299)
[PASS] test_proposeClassCertification_tier2Reverts() (gas: 19433)
[PASS] test_recertifyingAgainstNewTemplateCodeOrphansTheOldCertifications() (gas: 649180)
[PASS] test_recertifyingAgainstUnchangedTemplateCodeKeepsSiblingSelectors() (gas: 603709)
[PASS] test_repointingTheFactoryClosesTheClassTierUntilPointedBack() (gas: 1108453)
[PASS] test_setStrategyFactory_onlyOwner() (gas: 14288)
[PASS] test_setStrategyFactory_refusesAContractWithoutTheProvenanceSelector() (gas: 19252)
[PASS] test_setStrategyFactory_rejectsAnEoa() (gas: 18535)
[PASS] test_setStrategyFactory_rejectsZero() (gas: 14694)
Suite result: ok. 40 passed; 0 failed; 0 skipped; finished in 4.32ms (3.43ms CPU time)

Ran 10 tests for test/TierRegistryClassMemberDenial.t.sol:TierRegistryClassMemberDenialTest
[PASS] test_demoteByChallenge_classOnlyMemberIsReachable() (gas: 469168)
[PASS] test_demoteByChallenge_convictionSurvivesWhileClassStaysLive() (gas: 467619)
[PASS] test_demoteByChallenge_nonMemberStillReverts() (gas: 711126)
[PASS] test_demoteByChallenge_siblingClonesUnaffected() (gas: 987324)
[PASS] test_demoteByChallenge_stillRoleGated() (gas: 417172)
[PASS] test_demoteByChallenge_uncertifiedSelectorStillReverts() (gas: 444221)
[PASS] test_demote_addressCertifiedCloneIsNotRestoredByItsClass() (gas: 490344)
[PASS] test_demote_nonMemberBehaviourUnchanged() (gas: 632917)
[PASS] test_demote_otherSelectorKeepsReadingTheClass() (gas: 548333)
[PASS] test_demotedMember_recoversTierOnlyThroughTheAnnouncedCeremony() (gas: 578397)
Suite result: ok. 10 passed; 0 failed; 0 skipped; finished in 1.24ms (779.29µs CPU time)

Ran 8 tests for test/TierRegistryCounterpartyAllowlist.t.sol:TierRegistryCounterpartyAllowlistTest
[PASS] test_counterpartyGrantAgainstCodelessAddressClosesWhenCodeAppears() (gas: 48038)
[PASS] test_counterpartyStandingDiesOnBytecodeSwap() (gas: 2640440)
[PASS] test_demoteByChallenge_demotes() (gas: 150014)
[PASS] test_demoteByChallenge_onlyDemoter() (gas: 104592)
[PASS] test_demoter_cannotProposeCertification() (gas: 45596)
[PASS] test_demotionLeavesCounterpartyStandingUntouched() (gas: 193899)
[PASS] test_setAuthorizedDemoter_onlyOwner() (gas: 12229)
[PASS] test_setCounterpartyAllowed_onlyOwner() (gas: 12244)
Suite result: ok. 8 passed; 0 failed; 0 skipped; finished in 726.04µs (435.71µs CPU time)

Ran 1 test for test/audit-181/TierRegistry_bondTokenIdentity.t.sol:TierRegistry_bondTokenIdentityTest
[PASS] test_crossTokenDrain_claimPaysOriginalToken_notLiveWoodOrOtherSubmittersCollateral() (gas: 426601)
Suite result: ok. 1 passed; 0 failed; 0 skipped; finished in 496.62µs (103.83µs CPU time)

Ran 8 tests for test/governor/TierResolution.t.sol:TierResolutionTest
[PASS] test_allCertifiedTier0CallsYieldTier0Coverage() (gas: 1275843)
[PASS] test_executeRevertsWhenCoverageRegressedAtSameTier() (gas: 1314029)
[PASS] test_executeRevertsWhenTierRegressedSincePropose() (gas: 1299801)
[PASS] test_executeSucceedsWhenTierUnchanged() (gas: 1422124)
[PASS] test_mixedTier0AndTier1CoverageIsSumNotMax() (gas: 1345180)
[PASS] test_oneUncertifiedCallMakesProposalTier2() (gas: 1216570)
[PASS] test_she210_executeRevertsWhenSettlementLegTierRegressedSincePropose() (gas: 1279709)
[PASS] test_shortCalldataResolvesAsUncertifiedTier2() (gas: 1002141)
Suite result: ok. 8 passed; 0 failed; 0 skipped; finished in 3.06ms (1.91ms CPU time)

Ran 79 tests for test/StakedWood.t.sol:StakedWoodTest
[PASS] test_bindOwnerStake_allowedOncePriorStakeCleared() (gas: 271129)
[PASS] test_bindOwnerStake_consumesPreparedStake() (gas: 147883)
[PASS] test_bindOwnerStake_revertsIfBelowRaisedMinOwnerStake() (gas: 107194)
[PASS] test_bindOwnerStake_revertsIfNotFactory() (gas: 89852)
[PASS] test_bindOwnerStake_revertsWhenPriorStakeNotCleared() (gas: 227497)
[PASS] test_bindOwnerStake_zeroBond_creatorCanOpenMultipleVaults() (gas: 99521)
[PASS] test_bindOwnerStake_zeroBond_neverPreparedCreator() (gas: 69862)
[PASS] test_bindOwnerStake_zeroFloor_honorsNonzeroPreparedStake() (gas: 169265)
[PASS] test_cancelPreparedStake_refunds() (gas: 76728)
[PASS] test_cancelPreparedStake_revertsIfNoPreparedStake() (gas: 18733)
[SKIP] test_cancelUnstakeGuardian_afterSlash_revertsNoActiveStake() (gas: 0)
[PASS] test_cancelUnstakeGuardian_restoresVotingPowerAtResetAge() (gas: 474042)
[PASS] test_claimUnstakeGuardian_afterCooldown_returnsWood() (gas: 357954)
[PASS] test_claimUnstakeGuardian_beforeCooldown_reverts() (gas: 394554)
[PASS] test_claimUnstakeOwner_afterCooldown_returnsWoodAndClearsSlot() (gas: 139195)
[PASS] test_claimUnstakeOwner_beforeCooldown_reverts() (gas: 160455)
[PASS] test_claimUnstakeOwner_revertsIfNoUnstakeRequested() (gas: 144246)
[PASS] test_getPastTotalSupply_equalsTotalVotes() (gas: 566793)
[PASS] test_getPastTotalSupply_readsHistoricalValue() (gas: 588889)
[PASS] test_getPastTotalSupply_zeroBeforeAnyStake() (gas: 17733)
[PASS] test_getPastTotalVotes_tracksTotalGuardianStake() (gas: 310167)
[PASS] test_getPastTotalVotes_zeroAfterUnstakeRequest() (gas: 393830)
[PASS] test_getPastVotes_afterUnstakeRequest_returnsZero() (gas: 382908)
[PASS] test_getPastVotes_ownStakeAtPar() (gas: 316028)
[PASS] test_getVotes_liveMatchesHistoricalRead() (gas: 374212)
[PASS] test_getVotes_ownTermZeroAfterUnstakeRequest() (gas: 389806)
[PASS] test_getVotes_zeroWhenNoStake() (gas: 20569)
[PASS] test_initialize_acceptsFullMaxSlash() (gas: 3630142)
[PASS] test_initialize_acceptsMaxSlashEquals10000() (gas: 3629130)
[PASS] test_initialize_revertsIfMaxSlashAbove10000() (gas: 3515462)
[PASS] test_initialize_revertsIfMinSlashAboveMax() (gas: 3514911)
[PASS] test_initialize_setsAgeWeightParams() (gas: 17959)
[PASS] test_initialize_setsSlashBounds() (gas: 17783)
[PASS] test_isActiveGuardian_falseMidUnstake() (gas: 391732)
[PASS] test_isActiveGuardian_falseWhenNeverStaked() (gas: 17825)
[PASS] test_isActiveGuardian_staysActiveBelowMinStake_byDesign() (gas: 476529)
[PASS] test_isActiveGuardian_trueAgainAfterCancelUnstake() (gas: 464566)
[PASS] test_isActiveGuardian_trueWhenStakedAndNoPendingUnstake() (gas: 310622)
[PASS] test_prepareOwnerStake_escrowsWood() (gas: 97541)
[PASS] test_prepareOwnerStake_revertsBelowMinOwnerStake() (gas: 20860)
[PASS] test_prepareOwnerStake_revertsIfAlreadyPrepared() (gas: 89231)
[PASS] test_requestUnstakeGuardian_revokesVotingPowerImmediately() (gas: 400430)
[PASS] test_requestUnstakeOwner_revertsIfAlreadyRequested() (gas: 157460)
[PASS] test_requestUnstakeOwner_revertsIfNotOwner() (gas: 142883)
[PASS] test_requestUnstakeOwner_revertsWhenActiveProposal() (gas: 174012)
[PASS] test_requestUnstakeOwner_revertsWhenOpenProposalCount() (gas: 171870)
[PASS] test_requestUnstakeOwner_stampsUnstakeRequest() (gas: 156983)
[PASS] test_requiredOwnerBond_returnsMinOwnerStakeFloor() (gas: 32526)
[PASS] test_setAgeFloorBps_emitsKey() (gas: 31393)
[PASS] test_setAgeParams_bounds() (gas: 52505)
[PASS] test_setCooldownPeriod_revertsIfNotOwner() (gas: 20449)
[PASS] test_setCooldownPeriod_revertsOutOfBounds() (gas: 28637)
[PASS] test_setCooldownPeriod_updatesAndEmits() (gas: 32634)
[PASS] test_setCooldownPeriod_worksWhenRegistryUnset() (gas: 31869)
[PASS] test_setMaturationPeriod_emitsKey() (gas: 30010)
[PASS] test_setMaxSlashBps_acceptsAt10000() (gas: 30720)
[PASS] test_setMaxSlashBps_revertsAbove10000() (gas: 21625)
[PASS] test_setMaxSlashBps_revertsBelowMin() (gas: 21448)
[PASS] test_setMaxSlashBps_revertsIfNotOwner() (gas: 19789)
[PASS] test_setMaxSlashBps_updatesAndEmits() (gas: 34050)
[PASS] test_setMinGuardianStake_revertsBelowFloor() (gas: 18184)
[PASS] test_setMinGuardianStake_revertsIfNotOwner() (gas: 20185)
[PASS] test_setMinGuardianStake_updatesAndEmits() (gas: 30465)
[PASS] test_setMinOwnerStake_permitsZeroButFloorsNonzero() (gas: 30199)
[PASS] test_setMinSlashBps_revertsAboveMax() (gas: 22550)
[PASS] test_setMinSlashBps_revertsIfNotOwner() (gas: 20207)
[PASS] test_setMinSlashBps_updatesAndEmits() (gas: 33523)
[PASS] test_setters_acceptBoundaryValues() (gas: 53628)
[PASS] test_stakeAsGuardian_checkpointsPastVotes() (gas: 314972)
[PASS] test_stakeAsGuardian_firstStake_setsStakeAndTotal() (gas: 312749)
[PASS] test_stakeAsGuardian_revertsIfBelowMinOnFirstStake() (gas: 23384)
[PASS] test_stakeAsGuardian_revertsWhenUnstakeRequested() (gas: 325488)
[PASS] test_stakeAsGuardian_topUp_accumulates_ignoresAgentIdChange() (gas: 326293)
[PASS] test_stakeAsGuardian_transfersWoodFromCaller() (gas: 312474)
[PASS] test_transferOwnerStakeSlot_revertsIfNotFactory() (gas: 141653)
[PASS] test_transferOwnerStakeSlot_revertsWhenPriorStakeNotCleared() (gas: 234943)
[PASS] test_transferOwnerStakeSlot_succeedsWhenStakeCleared() (gas: 286026)
[PASS] test_zeroBond_emergencySettleBondRecheckBlocks() (gas: 70792)
[PASS] test_zeroBond_slashOwnerBondIsNoop() (gas: 107527)
Suite result: ok. 78 passed; 0 failed; 1 skipped; finished in 17.30ms (16.73ms CPU time)

Ran 14 tests for test/StakedWoodAgeWeight.t.sol:StakedWoodAgeWeightTest
[PASS] test_ageWeight_floorAtStake() (gas: 314972)
[PASS] test_ageWeight_getVotesStaysBitIdenticalToLiveGetPastVotes() (gas: 324379)
[PASS] test_ageWeight_linearMidpoint() (gas: 316108)
[PASS] test_ageWeight_oneSecondBeforeMaturation() (gas: 316606)
[PASS] test_ageWeight_parAtMaturationAndBeyond() (gas: 319278)
[PASS] test_ageWeight_pastReadUsesRequestedTimestamp() (gas: 316036)
[PASS] test_ageWeight_readBeforeFirstStakeReturnsZero() (gas: 313075)
[PASS] test_ageWeight_topUpAfterTsDoesNotChangePastRead() (gas: 428090)
[PASS] test_ageWeight_totalsStayRaw() (gas: 309032)
[PASS] test_ageWeight_unstakeRequestAfterTsDoesNotChangePastRead() (gas: 403161)
[PASS] test_requestUnstake_ageAccruesThroughCooldownToPar() (gas: 467532)
[PASS] test_requestUnstake_resetsAgeClock() (gas: 469980)
[PASS] test_topUp_roundsTowardNow() (gas: 432297)
[PASS] test_topUp_weightedAverageAge() (gas: 422050)
Suite result: ok. 14 passed; 0 failed; 0 skipped; finished in 884.62µs (577.13µs CPU time)

Ran 5 tests for test/StakedWoodSlashableStakeAt.t.sol:StakedWoodSlashableStakeAtTest
[PASS] test_slashableStakeAt_agreesWithVerdictSlash_at100PctSeverity() (gas: 415824)
[PASS] test_slashableStakeAt_excludesPostAnchorTopUp() (gas: 497410)
[PASS] test_slashableStakeAt_futureAnchorReverts() (gas: 309851)
[PASS] test_slashableStakeAt_sameBlockTopUpExcluded() (gas: 496327)
[PASS] test_slashableStakeAt_unstakeRequestDoesNotZeroBasis() (gas: 471730)
Suite result: ok. 5 passed; 0 failed; 0 skipped; finished in 636.17µs (353.38µs CPU time)

Ran 16 tests for test/StakedWoodSlashing.t.sol:StakedWoodSlashingTest
[PASS] test_flushBurn_drainsPendingBurnAfterRecovery() (gas: 4645843)
[PASS] test_initialize_accepts_maxSlashAt10000() (gas: 3629086)
[PASS] test_setMaxSlashBps_accepts_at10000() (gas: 29118)
[PASS] test_slashGuardians_burnReturnsFalse_queuesPendingBurn() (gas: 4653305)
[PASS] test_slashGuardians_burnReverts_queuesPendingBurn() (gas: 4652610)
[PASS] test_slashGuardians_clampSnapshotAboveLiveStake() (gas: 447266)
[PASS] test_slashGuardians_emptyApprovers() (gas: 327946)
[PASS] test_slashGuardians_onlyRegistry() (gas: 20438)
[PASS] test_slashGuardians_openedAtZero_uninformativeSnapshot() (gas: 320590)
[PASS] test_slashGuardians_ownStake() (gas: 444703)
[PASS] test_slashGuardians_snapshotAwareOwnSlash() (gas: 461790)
[PASS] test_slashOwnerBond_brokenWood_queuesPendingBurn() (gas: 4359149)
[PASS] test_slashOwnerBond_burnsBondAndClearsSlot() (gas: 143531)
[PASS] test_slashOwnerBond_noBond_noOp() (gas: 32216)
[PASS] test_slashOwnerBond_onlyRegistry() (gas: 144259)
[PASS] test_slash_ownBasisIsRawCheckpointNotAgedWeight() (gas: 360011)
Suite result: ok. 16 passed; 0 failed; 0 skipped; finished in 9.85ms (9.46ms CPU time)

Ran 8 tests for test/pashov-audit/StakedWood_ownerBondFloor.t.sol:StakedWood_ownerBondFloorTest
[PASS] test_floorConstantMatchesTheSetterRule() (gas: 358970)
[PASS] test_initialize_acceptsExactlyTheFloor() (gas: 348118)
[PASS] test_initialize_acceptsZeroSentinel() (gas: 326975)
[PASS] test_initialize_rejectsNonzeroDustMinOwnerStake() (gas: 209162)
[PASS] test_initialize_rejectsOneWeiMinOwnerStake() (gas: 209140)
[PASS] test_requiredOwnerBond_floorsUnderTheZeroSentinel() (gas: 335981)
[PASS] test_requiredOwnerBond_isVaultIndependentInV1() (gas: 347488)
[PASS] test_requiredOwnerBond_tracksMinOwnerStakeAboveTheFloor() (gas: 354718)
Suite result: ok. 8 passed; 0 failed; 0 skipped; finished in 452.96µs (211.25µs CPU time)

Ran 73 tests for test/TokenCourt.t.sol:TokenCourtTest
[PASS] test_ageFloorLoweredOnStakedWoodSide_isLegalAndVisibleButNotGuardedHere() (gas: 45866)
[PASS] test_constructor_defaults() (gas: 13461)
[PASS] test_finalize_accusedOutweighingTheElectorateCannotDenyAVerdict() (gas: 972190)
[PASS] test_finalize_accusedWeightLowersFloor() (gas: 962563)
[PASS] test_finalize_belowFloorInconclusive_andZeroTurnout() (gas: 1513775)
[PASS] test_finalize_belowFloorStillInconclusive_withBothCheckpointsSet() (gas: 1073394)
[PASS] test_finalize_emitsCaseFinalized() (gas: 945702)
[PASS] test_finalize_floorDoesNotUnderflowWhenSnapshotPrecedesLookback() (gas: 1001903)
[PASS] test_finalize_floorFallsBackToSnapshotTotalWhenNoEarlierElectorateExists() (gas: 1006745)
[PASS] test_finalize_floorIgnoresAPreDrainStakeSurge_denialOfQuorumClosed() (gas: 1074590)
[PASS] test_finalize_floorIsMonotoneAcrossTheAccusedWeightBoundary() (gas: 2026086)
[PASS] test_finalize_floorPinsTheReducedTermWhenItBindsBeforeTheLookback() (gas: 866857)
[PASS] test_finalize_floorStillInflatableByAMonthOldStake_knownResidual() (gas: 1168365)
[PASS] test_finalize_floorSurvivesElectorateGrowthPastTheLookback() (gas: 867338)
[PASS] test_finalize_floorTakesTheMinNotTheEarlierReadAlone() (gas: 1074201)
[PASS] test_finalize_floorUnchangedWhenElectorateStable() (gas: 1072705)
[PASS] test_finalize_guards() (gas: 879543)
[PASS] test_finalize_notCourt_bubblesAndLeavesCaseVoting() (gas: 991771)
[PASS] test_finalize_rulesThePinnedGameNotTheLiveOne() (gas: 1600001)
[PASS] test_finalize_terminalRace_caseClosesViaCatch() (gas: 916105)
[PASS] test_finalize_tieAcquits() (gas: 1024909)
[PASS] test_finalize_transientRevert_bubblesAndLeavesCaseVoting() (gas: 989801)
[PASS] test_finalize_underGassedCall_revertsAndLeavesCaseVoting() (gas: 1008832)
[PASS] test_finalize_verdictMatrix_guiltyMajority() (gas: 1020349)
[PASS] test_finalize_zeroFloorStillInconclusiveOnAnEmptyVote() (gas: 851995)
[PASS] test_finding2_counterBondContributorCannotVoteItsOwnAcquittal() (gas: 863763)
[PASS] test_finding6_referRefusesAChallengeThatPinnedNoCourt() (gas: 243483)
[PASS] test_floorLookback_isAThirtyDayConstant() (gas: 6489)
[PASS] test_ledgerAndWeightPinnedTogether() (gas: 1360748)
[PASS] test_ledgerPinnedAtRefer() (gas: 737161)
[PASS] test_referSnapshotsTheAccusedSet_laterLedgerMovesAreInert() (gas: 647652)
[PASS] test_refer_accusedByPledgeNotBySettledBooking() (gas: 860881)
[PASS] test_refer_accusedWeight_sumsMultiple() (gas: 911775)
[PASS] test_refer_afterGameMigration_doesNotCollideOnChallengeId() (gas: 1506458)
[PASS] test_refer_clockCheckBoundary() (gas: 658914)
[PASS] test_refer_dedupesRepeatedApprover() (gas: 808673)
[PASS] test_refer_guards() (gas: 4354872)
[PASS] test_refer_recordsSnapshotAndAccused() (gas: 781818)
[PASS] test_refer_secondChallengeOnSameProposal_distinctCase() (gas: 832461)
[PASS] test_renounceOwnership_reverts() (gas: 19014)
[PASS] test_repointAfterReferDoesNotDisturbCase() (gas: 1335487)
[PASS] test_setChallengeGame_bypassClosed_wiringAfterVacuousVoteWindowRaiseReverts() (gas: 2495939)
[PASS] test_setChallengeGame_revertsWindowInvariantViolated_whenNewGameCannotFit() (gas: 658142)
[PASS] test_setParticipationFloorBps_acceptsStrictlyBelowWiredAgeFloor() (gas: 32248)
[PASS] test_setParticipationFloorBps_revertsFloorInvariantViolated_atOrAboveWiredAgeFloor() (gas: 35314)
[PASS] test_setParticipationFloorBps_vacuousWithNoStakedWoodWired_bypassClosedAtWiring() (gas: 3210647)
[PASS] test_setStakedWood_revertsFloorInvariantViolated_whenNewAgeFloorAtOrBelowCurrentFloor() (gas: 2741135)
[PASS] test_setVoteWindow_emitsOldNew() (gas: 34467)
[PASS] test_setVoteWindow_revertsWindowInvariantViolated_whenGameNumbersCannotFit() (gas: 32292)
[PASS] test_setVoteWindow_vacuousWithNoGameWired() (gas: 1854217)
[PASS] test_setters_boundsAndValues() (gas: 55816)
[PASS] test_setters_onlyOwner() (gas: 13852)
[PASS] test_setters_wiringEmitOldNew() (gas: 2044766)
[PASS] test_views_nonexistentCaseReturnDefaults() (gas: 47222)
[PASS] test_vote_acceptsACurrentHolderWithHistoricWeight() (gas: 914542)
[PASS] test_vote_accusedCannotVote_ordinaryNonZeroBooking() (gas: 937027)
[PASS] test_vote_bothChecksFail_getsNoVotingPowerNotNoPresentHoldings() (gas: 819323)
[PASS] test_vote_emitsWeight() (gas: 868339)
[PASS] test_vote_growthGate_bootstrapSkipsTheClampEvenWhenGateWouldBeTrue() (gas: 843639)
[PASS] test_vote_growthGate_freshAddressAttackClosed() (gas: 839407)
[PASS] test_vote_growthGate_partialPositionTopUpBuysNothingBeyondMonthAgoWorth() (gas: 932783)
[PASS] test_vote_growthGate_shrunkPositionNeverGetsTheHistoricalFigure() (gas: 931876)
[PASS] test_vote_growthGate_steadyMatureRegression_tallyBitIdenticalToSnapshotRead() (gas: 933368)
[PASS] test_vote_growthGate_topUpBoundsTallyAtLookbackWeight() (gas: 934238)
[PASS] test_vote_growthGate_weightFellOnGrowthPath_tallyIsTheSmallerCurrentWeight() (gas: 933732)
[PASS] test_vote_growthGate_youngSteadyStakerVotesAtParUnclamped() (gas: 930843)
[PASS] test_vote_guards() (gas: 909990)
[PASS] test_vote_presentHolderWithoutSnapshotWeightRevertsNoVotingPower() (gas: 865075)
[PASS] test_vote_refusesAFullyExitedHolder() (gas: 898999)
[PASS] test_vote_refusesAGuardianMidCooldown() (gas: 899351)
[PASS] test_vote_tallies_agedWeight() (gas: 943302)
[PASS] test_vote_windowIsThePinnedOne() (gas: 888754)
[PASS] test_vote_windowLengtheningDoesNotExtendLiveCase() (gas: 898045)
Suite result: ok. 73 passed; 0 failed; 0 skipped; finished in 18.04ms (17.12ms CPU time)

Ran 12 tests for test/audit-fixes/StakedWood_ownerStakeBindingConsent.t.sol:StakedWood_ownerStakeBindingConsent
[PASS] test_approvalWithoutPreparedStake_isInert() (gas: 2734695)
[PASS] test_approval_isVaultSpecific() (gas: 5319376)
[PASS] test_approve_overwritesPreviousApproval() (gas: 5266741)
[PASS] test_approve_rejectsZeroVault() (gas: 17446)
[PASS] test_cancelPreparedStake_clearsApproval() (gas: 2787181)
[PASS] test_consentDoesNotBypassBondFloor() (gas: 2798982)
[PASS] test_consumedApproval_cannotBeReplayedAfterFreshPrepare() (gas: 2919899)
[PASS] test_freshPrepare_clearsApproval_noReplayAgainstLaterEscrow() (gas: 5254068)
[PASS] test_revoke_thenRotate_reverts() (gas: 2775837)
[PASS] test_revoke_withNothingApproved_isNoOp() (gas: 22201)
[PASS] test_rotateOwner_withConsent_bindsAndConsumesApproval() (gas: 2846185)
[PASS] test_rotateOwner_withoutConsent_cannotSpendThirdPartyEscrow() (gas: 5274079)
Suite result: ok. 12 passed; 0 failed; 0 skipped; finished in 7.20ms (5.57ms CPU time)

Ran 10 tests for test/audit-fixes/StakedWood_she215OwnerBondLive.t.sol:StakedWoodShe215OwnerBondLiveTest
[PASS] test_cancelUnstakeOwner_cannotResurrectASlashedSlot() (gas: 153599)
[PASS] test_cancelUnstakeOwner_restoresTheLiveBond() (gas: 172189)
[PASS] test_cancelUnstakeOwner_revertsForAStrangerAndForNoRequest() (gas: 167081)
[PASS] test_cancelUnstakeOwner_thenRequestAgainRestartsTheCooldown() (gas: 148362)
[PASS] test_ownerBondLive_falseAfterTheBondIsClaimed() (gas: 135259)
[PASS] test_ownerBondLive_falseAfterTheBondIsSlashed() (gas: 138340)
[PASS] test_ownerBondLive_falseWhileTheUnstakeRequestIsPending() (gas: 161929)
[PASS] test_ownerBondLive_trueForAFreshlyBoundSlot() (gas: 146511)
[PASS] test_ownerBondLive_trueForAZeroBondOnboardingVault() (gas: 65529)
[PASS] test_registryPassthrough_tracksTheSwoodPredicate() (gas: 188251)
Suite result: ok. 10 passed; 0 failed; 0 skipped; finished in 956.62µs (463.92µs CPU time)

Ran 9 tests for test/StrategyFactory.t.sol:StrategyFactoryTest
[PASS] test_cloneAndInitDeterministic_predictableAddress() (gas: 277784)
[PASS] test_cloneAndInitDeterministic_saltBoundToVault() (gas: 640180)
[PASS] test_cloneAndInitRegistersTheClone() (gas: 535777)
[PASS] test_cloneAndInit_atomic() (gas: 280642)
[PASS] test_cloneAndInit_initializeAgain_reverts() (gas: 281706)
[PASS] test_registerStrategy_isPermissionless() (gas: 216142)
[PASS] test_registerStrategy_rejectsAContractWithoutTheInterface() (gas: 39229)
[PASS] test_registerStrategy_rejectsAPartialInterface() (gas: 210986)
[PASS] test_registeredStrategyDeregistersOnCodeChange() (gas: 220331)
Suite result: ok. 9 passed; 0 failed; 0 skipped; finished in 602.88µs (275.50µs CPU time)

Ran 12 tests for test/audit-fixes/StrategyFactory_auth.t.sol:StrategyFactoryAuthTest
[PASS] testFuzz_cloneAndInit_succeedsForAnyCaller(address) (runs: 256, μ: 281309, ~: 281309)
[PASS] test_cloneAndInitDeterministic_revertsForUnregisteredVault() (gas: 26235)
[PASS] test_cloneAndInitDeterministic_revertsWhenProposerIsNotSender() (gas: 30696)
[PASS] test_cloneAndInitDeterministic_succeedsForRegisteredAgent() (gas: 280859)
[PASS] test_cloneAndInit_revertsForUnapprovedTemplate() (gas: 581601)
[PASS] test_cloneAndInit_revertsForUnregisteredVault() (gas: 26682)
[PASS] test_cloneAndInit_revertsWhenProposerIsNotSender() (gas: 30947)
[PASS] test_cloneAndInit_succeedsForRandomEoa() (gas: 282218)
[PASS] test_cloneAndInit_succeedsForRegisteredAgent() (gas: 278934)
[PASS] test_cloneAndInit_succeedsForVaultOwner() (gas: 278752)
[PASS] test_constructor_zeroSyndicateFactory_reverts() (gas: 60706)
[PASS] test_setTemplateApproval_onlyOwner() (gas: 15780)
Suite result: ok. 12 passed; 0 failed; 0 skipped; finished in 11.89ms (11.53ms CPU time)

Ran 8 tests for test/TokenCourtEndToEnd.t.sol:TokenCourtEndToEndTest
[PASS] test_arc_convictedElsewhereToZeroStake_isStillAccused() (gas: 4279059)
[PASS] test_arc_guiltyVerdict_slashesAndPaysChallenger() (gas: 3943747)
[PASS] test_arc_inconclusive_unwindsAndAllowsRefiling() (gas: 4167232)
[PASS] test_arc_lateFinalize_cannotConvictPastTheDisputeDeadline() (gas: 3607102)
[PASS] test_arc_notGuilty_forfeitsToDefenders() (gas: 3528506)
[PASS] test_arc_requestedUnstakeMidCooldown_blocksVote() (gas: 3773027)
[PASS] test_arc_timeoutRace_bothOrderings() (gas: 4455838)
[PASS] test_revertingRefer_leavesNoPoisonAndAnyoneCanReferAFreshChallenge() (gas: 3930742)
Suite result: ok. 8 passed; 0 failed; 0 skipped; finished in 16.80ms (14.14ms CPU time)

Ran 158 tests for test/audit-final/ChallengeGame_poolBurnAndAdoption.t.sol:ChallengeGamePoolBurnAndAdoptionTest
[PASS] testFuzz_woodBalanceEqualsLiveBonds(uint96[3],uint8,uint8,uint8) (runs: 256, μ: 3643462, ~: 3639058)
[PASS] test_challengeFiledAfterPoolCompletedCanBeDefendedByItsOwnCounterBond() (gas: 1935450)
[PASS] test_challengeableUntil_onlyEverLengthens() (gas: 2029141)
[PASS] test_challengeableUntil_survivesATemporarilyShortenedWindow() (gas: 1840793)
[PASS] test_challengeableUntil_unsetFallsBackToExecutedAtPlusWindow() (gas: 990362)
[PASS] test_constructor_rejectsALedgerWhoseWindowIsBelowTheDefault() (gas: 5797156)
[PASS] test_contributionAfterAFailureEarnsNoShareOfItsForfeit() (gas: 2777889)
[PASS] test_defaultTimings() (gas: 19296)
[PASS] test_dispute_aReleasedApproverMayFundTheDefence() (gas: 1121858)
[PASS] test_dispute_adoptedSiblingGetsNoCaseAutomatically() (gas: 2293950)
[PASS] test_dispute_anyAddressMayFundTheDefence() (gas: 1179992)
[PASS] test_dispute_autoRefersOnCompletion() (gas: 1273471)
[PASS] test_dispute_courtRevertDoesNotBrickDispute() (gas: 1269725)
[PASS] test_dispute_nConcurrentFilingsAreAnsweredByOneCounterBondPool() (gas: 3483499)
[PASS] test_dispute_noCourtSkipsAutoRefer() (gas: 1115990)
[PASS] test_dispute_overContributionTakesOnlyTheShortfall() (gas: 1279425)
[PASS] test_dispute_partialContributionDoesNotRefer() (gas: 1239520)
[PASS] test_dispute_poolAccumulatesAndOpensTheDisputeOnCompletion() (gas: 1327122)
[PASS] test_dispute_revertsAfterTheDeadlineEvenWithAPartialPool() (gas: 1126002)
[PASS] test_dispute_revertsOnAZeroContribution() (gas: 981046)
[PASS] test_dispute_revertsOnceTheAutoSlashDelayElapsed() (gas: 981701)
[PASS] test_dispute_revertsWhenNotFiled() (gas: 1150762)
[PASS] test_dispute_stopsTheAutoSlashClock() (gas: 1214974)
[PASS] test_dispute_sybilSplitPaysTheSameTotal() (gas: 2457992)
[PASS] test_dispute_underGassedCallSkipsReferralButLandsTheDefence() (gas: 1296680)
[PASS] test_dispute_windowIsPinnedAtFilingNotReadLive() (gas: 1193421)
[PASS] test_file_aSquattedSlotNoLongerDeniesTheHonestChallenge() (gas: 2307484)
[PASS] test_file_acceptsAnAdapterOnlyTheSettlementLegCalls() (gas: 1204896)
[PASS] test_file_bondDividesByTheComposedPriceNotTheRawScalar() (gas: 1014948)
[PASS] test_file_bondIsSizedOnLiabilityNotReservations() (gas: 1034997)
[PASS] test_file_bondScalesWithFrozenExposure() (gas: 1840183)
[PASS] test_file_bondUsesReservationsWhenTheyAreTheSmallerFigure() (gas: 1024774)
[PASS] test_file_everyPredicateTakesTheSamePath() (gas: 4395801)
[PASS] test_file_oneSlotPerChallengerNotPerProposal() (gas: 1536879)
[PASS] test_file_pullsBondFreezesCoverageAndRecords() (gas: 1000381)
[PASS] test_file_refusesWhenAnEarlierDeploymentAlreadyCollectedTheVerdict() (gas: 5455656)
[PASS] test_file_refusesWhenOnlyOneAccusedApproverWasPreviouslySlashed() (gas: 371249)
[PASS] test_file_rejectsAProposalWhoseVerdictWasAlreadyCollected() (gas: 1413757)
[PASS] test_file_rejectsAnAdapterTheProposalNeverTouched() (gas: 1208307)
[PASS] test_file_revertsAfterWindowCloses() (gas: 1250006)
[PASS] test_file_revertsWhenNotExecuted() (gas: 253700)
[PASS] test_file_revertsWhenNothingToFreeze() (gas: 341496)
[PASS] test_file_revertsWhenTheBondTruncatesToZero() (gas: 314144)
[PASS] test_file_revertsWhenWoodPriceUnset() (gas: 349625)
[PASS] test_file_zeroAdapterSkipsTheMembershipTest() (gas: 1319843)
[PASS] test_forfeitBurnBps_defaultIsTwentyPercent() (gas: 12957)
[PASS] test_freshFilingAfterTheLastLiveChallengeIsUndefended() (gas: 2053369)
[PASS] test_inconclusive_burnIsPinnedAtFiling() (gas: 3436286)
[PASS] test_inconclusive_clampsToTheLiveSettleBurnBpsWhenLoweredBelowTheSchedule() (gas: 2739976)
[PASS] test_inconclusive_escalationCostsMoreWood_resumingAtRoundFour() (gas: 3435981)
[PASS] test_inconclusive_escalationSchedule() (gas: 4150422)
[PASS] test_inconclusive_extendsTheRechallengeWindow() (gas: 1855413)
[PASS] test_inconclusive_firstRoundPricedAtEntryTier() (gas: 1315470)
[PASS] test_inconclusive_pinsExposureThroughTheReArmedDeadline() (gas: 1309211)
[PASS] test_inconclusive_roundsResetAfterTheWindowLapsesNaturally() (gas: 1991972)
[PASS] test_inconclusive_sybilCannotResetTheEscalationWithADifferentChallenger() (gas: 1933495)
[PASS] test_noCourtWired_timeoutRefundsBothSides() (gas: 1294988)
[PASS] test_partialOwnDefenceDoesNotBackTheLaterFilingUntilItIsComplete() (gas: 2326294)
[PASS] test_prosecutorFee_ceilingMirrorsTheEscrow() (gas: 14953)
[PASS] test_prosecutorFee_pinnedAtFiling() (gas: 1853660)
[PASS] test_redeployedGame_liveChallengeStillTerminatesWhenV1CollectsFirst() (gas: 6070884)
[PASS] test_renounceOwnership_isDisabled() (gas: 43344)
[PASS] test_resolve_allowsALaterFilingOnTheSameProposal() (gas: 1855381)
[PASS] test_resolve_burnDoesNotPayNonContributors() (gas: 1354125)
[PASS] test_resolve_burnPlusDistributedEqualsTheBondToTheWei() (gas: 1833417)
[PASS] test_resolve_concurrentSettlesConvictOnlyOnce() (gas: 1900209)
[PASS] test_resolve_disputeTimeoutIsPinnedAtFiling() (gas: 1334181)
[PASS] test_resolve_disputedPastTimeoutFailsToTheAccused() (gas: 1396211)
[PASS] test_resolve_enforcesTheSlashGasFloor() (gas: 1375146)
[PASS] test_resolve_failedChallengePaysChallengerNothing() (gas: 1344992)
[PASS] test_resolve_forfeitBurnIsPinnedAtFiling() (gas: 1314427)
[PASS] test_resolve_forfeitIsProRataToContributionAndLeavesNoDust() (gas: 1506051)
[PASS] test_resolve_honestSoleDefenderKeepsEightyPercentOfTheForfeit() (gas: 1351167)
[PASS] test_resolve_leavesTheGameHoldingExactlyItsLiveBonds() (gas: 1332808)
[PASS] test_resolve_noAdapterFloorDoesNotChargeDemotionGas() (gas: 1259463)
[PASS] test_resolve_pinsTheCaseToTheBlockBeforeExecution() (gas: 1333689)
[PASS] test_resolve_refusesABudgetThatClearsOnlyTheOldFloor() (gas: 1380579)
[PASS] test_resolve_returnsBondAndPaysNoBounty() (gas: 1361834)
[PASS] test_resolve_revertsBeforeTheAutoSlashDelay() (gas: 983971)
[PASS] test_resolve_revertsOnATerminalOrUnknownChallenge() (gas: 1319137)
[PASS] test_resolve_revertsWhenStakedWoodUnset() (gas: 4904583)
[PASS] test_resolve_settleBurnIsPinnedAtFiling() (gas: 1283240)
[PASS] test_resolve_settlesEvenWhenTheDemoterRoleWasRevoked() (gas: 1353896)
[PASS] test_resolve_singleHonestFilingIsUnchangedByTheSharedPool() (gas: 1377373)
[PASS] test_resolve_slashBasisPredatesAnythingTheAccusedCanMove() (gas: 1336156)
[PASS] test_resolve_slashesOnlyStillCommittedApprovers() (gas: 1205264)
[PASS] test_resolve_sybilSplitRecoversTheSameTotal() (gas: 1660389)
[PASS] test_resolve_undisputedReturnsAPartialPool() (gas: 1699079)
[PASS] test_resolve_undisputedSlashesDemotesAndReturnsBond() (gas: 1401833)
[PASS] test_resolve_unfreezesOnBothPathsAndReleaseWorksAgain() (gas: 2468378)
[PASS] test_resolve_unreferredSiblingForfeitsAtTimeout() (gas: 2486319)
[PASS] test_resolve_withoutAnAdapterDemotesNothing() (gas: 1244923)
[PASS] test_resolve_zeroBurnBpsDistributesTheWholeBond() (gas: 1328129)
[PASS] test_rule_convictionBurnsTheSharedPoolExactlyOnce() (gas: 2779246)
[PASS] test_rule_guiltyBurnsThePoolAndPaysNoOne() (gas: 1551958)
[PASS] test_rule_guiltyPathBurnsTheSettleSlice() (gas: 1529270)
[PASS] test_rule_guiltySettles() (gas: 1518253)
[PASS] test_rule_inconclusiveReturnsTheSharedPoolExactlyOnce() (gas: 1952798)
[PASS] test_rule_inconclusive_allowsRefilingSameProposal() (gas: 1852708)
[PASS] test_rule_inconclusive_beatsTimeoutAndBarsASecondRuling() (gas: 1312516)
[PASS] test_rule_inconclusive_contributorsClaimExactlyTheirStake() (gas: 1302589)
[PASS] test_rule_inconclusive_multiContributorClaimsExactStake() (gas: 1434677)
[PASS] test_rule_inconclusive_poolWholeChallengerBondMinusBurn() (gas: 2055820)
[PASS] test_rule_notGuiltyFails() (gas: 1237438)
[PASS] test_rule_onlyCourt() (gas: 1148944)
[PASS] test_rule_onlyFromDisputed() (gas: 978336)
[PASS] test_rule_selfFilingCohortRecoversNothingFromTheBurnedPool() (gas: 2166705)
[PASS] test_rule_thenResolveReverts() (gas: 1516466)
[PASS] test_rule_verdictMapping() (gas: 2614380)
[PASS] test_selfChallenge_roundTripCostsExactlyTheBurn() (gas: 1367492)
[PASS] test_selfChallenge_twoAddressOperatorPaysTheSameBurn() (gas: 1422126)
[PASS] test_selfFiledDecoyProvidesNoShield() (gas: 2146866)
[PASS] test_setAutoSlashDelay_bounded() (gas: 48523)
[PASS] test_setAutoSlashDelay_revertsWindowInvariantViolated() (gas: 27144)
[PASS] test_setAutoSlashDelay_vacuousWithNoCourtWired() (gas: 31212)
[PASS] test_setChallengeWindow_bounded() (gas: 44640)
[PASS] test_setChallengeWindow_boundedByLedgersLiveWindow() (gas: 36418)
[PASS] test_setChallengerBondBps_bounded() (gas: 1002674)
[PASS] test_setCourt_bypassClosed_rewiringAfterVacuousAutoSlashDelayChangeReverts() (gas: 39882)
[PASS] test_setCourt_revertsWindowInvariantViolated_whenNewCourtCannotFit() (gas: 130396)
[PASS] test_setCourt_succeedsWhenRewiringToAFittingCourtAfterAVacuousChange() (gas: 43283)
[PASS] test_setDisputeTimeout_bounded() (gas: 44556)
[PASS] test_setDisputeTimeout_revertsWindowInvariantViolated() (gas: 28337)
[PASS] test_setDisputeTimeout_vacuousWithNoCourtWired() (gas: 28956)
[PASS] test_setExposureLedger_acceptsACorrectlyWiredRePoint() (gas: 2153145)
[PASS] test_setExposureLedger_refusesALedgerThatHasNotNamedThisGame() (gas: 2150891)
[PASS] test_setExposureLedger_revertsWhenNewLedgersWindowIsSmallerThanCurrent() (gas: 819729)
[PASS] test_setExposureLedger_succeedsWhenNewLedgersWindowCoversCurrent() (gas: 853309)
[PASS] test_setFilingsPaused_emits() (gas: 24888)
[PASS] test_setFilingsPaused_gatesFileOnly() (gas: 4594819)
[PASS] test_setFilingsPaused_onlyOwner() (gas: 14796)
[PASS] test_setForfeitBurnBps_bounded() (gas: 25351)
[PASS] test_setForfeitBurnBps_emits() (gas: 22710)
[PASS] test_setForfeitBurnBps_onlyOwner() (gas: 12198)
[PASS] test_setInconclusiveBurnBps_allowsRisingAboveTheLiveSettleBurnBps() (gas: 36114)
[PASS] test_setInconclusiveBurnBps_boundsAndOwner() (gas: 41592)
[PASS] test_setProsecutorFeeBps_boundsAndOwner() (gas: 30102)
[PASS] test_setSettleBurnBps_allowsDroppingBelowTheLiveInconclusiveBurnBps() (gas: 37214)
[PASS] test_setSettleBurnBps_boundedAndZeroRestoresTheFullRefund() (gas: 1272148)
[PASS] test_setStakedWood_doesNotConstrainTheProsecutorFee() (gas: 820491)
[PASS] test_setStakedWood_refusesASlasherThatHasNotNamedThisGame() (gas: 828847)
[PASS] test_setStakedWood_rejectsZero() (gas: 14783)
[PASS] test_setters_onlyOwner() (gas: 28829)
[PASS] test_settleWindowFloor_autoSlashDelayRaisingIntoTheWindowReverts() (gas: 37399)
[PASS] test_settleWindowFloor_disputeTimeoutAtTheFloorPasses_oneSecondUnderReverts() (gas: 36511)
[PASS] test_settle_collectingVerdictStillDemotesTheAdapter() (gas: 1325265)
[PASS] test_settle_completedPoolIsStillBurned() (gas: 1550542)
[PASS] test_settle_divertedVerdictDoesNotDemoteTheAdapter() (gas: 1093758)
[PASS] test_settle_divertsWhenTheVerdictWasCollectedAfterFiling() (gas: 1291008)
[PASS] test_settle_partFundedPoolIsReturnedNotBurned() (gas: 1541445)
[PASS] test_settle_poolCompletedTooLateForTheEarliestChallengeSurvives() (gas: 2142607)
[PASS] test_settle_releasedPoolRefusesFurtherContribution() (gas: 1539500)
[PASS] test_settle_unbackedPoolIsReleasedWhenNoSiblingRemains() (gas: 1530754)
[PASS] test_slash_carriesNoPayoutRecipient() (gas: 1317881)
[PASS] test_task4Setters_onlyOwner() (gas: 25035)
[PASS] test_topUpAfterASiblingFailedPaysTheEarnedShareRatherThanStrandingIt() (gas: 2643735)
[PASS] test_topUpWithNoFailedSiblingBooksTheContributionAlone() (gas: 1172706)
[PASS] test_twoFailedSiblingsSettleAtTheirOwnDenominatorsOnTheNextPayment() (gas: 3390918)
Suite result: ok. 158 passed; 0 failed; 0 skipped; finished in 434.25ms (431.05ms CPU time)

Ran 2 tests for test/audit-fixes/Strategy_cloneRatchetBinding.t.sol:Strategy_cloneRatchetBinding_LifecycleTest
[PASS] test_ownProposal_duplicateExecuteInBatch_stillAlreadyExecuted() (gas: 1462592)
[PASS] test_unrelatedProposalCannotExecuteForeignClone_thenOwnProposalSucceeds() (gas: 2616261)
Suite result: ok. 2 passed; 0 failed; 0 skipped; finished in 5.04ms (2.54ms CPU time)

Ran 38 tests for test/pashov-final/Queue_stampMonotonicity.t.sol:PashovFinalQueueStampTest
[PASS] test_batch_allClaimAtOnePrice() (gas: 523252)
[PASS] test_cancel_afterStampReverts_G7() (gas: 411687)
[PASS] test_cancel_deposit_beforeStamp_returnsAssets() (gas: 205904)
[PASS] test_cancel_nonOwnerReverts() (gas: 254548)
[PASS] test_cancel_redeem_beforeStamp_returnsShares() (gas: 228700)
[PASS] test_cancel_redeem_releasesReserveShareTracking() (gas: 315606)
[PASS] test_claimDeposit_ignoresStampsEntirely() (gas: 435849)
[PASS] test_claimDeposit_waitingConfersNoAdvantage() (gas: 546057)
[PASS] test_claim_anyoneCanCall_ownerReceives() (gas: 381516)
[PASS] test_claim_deposit_mintsAtTheLivePrice() (gas: 273528)
[PASS] test_claim_deposit_priceRisingBeforeClaimIsPricedIn() (gas: 268467)
[PASS] test_claim_deposit_refusedWhileDepositsLocked() (gas: 275720)
[PASS] test_claim_deposit_succeedsWithNoStampAtAll() (gas: 268214)
[PASS] test_claim_redeem_paysFrozenAssets() (gas: 384196)
[PASS] test_claim_redeem_revertsBeforeStamp() (gas: 258248)
[PASS] test_claim_revertsWhileVaultLocked() (gas: 417563)
[PASS] test_claim_twiceReverts() (gas: 378737)
[PASS] test_claim_unknownReverts() (gas: 11183)
[PASS] test_depositCancelOpenEvenWhileTheDepositGateHoldsClaimShut() (gas: 215902)
[PASS] test_finding10_depositCancelStaysOpenBecauseTheOptionIsWorthless() (gas: 306337)
[PASS] test_finding10_depositCancelStillOpenBeforeAnySettlementSinceRequest() (gas: 300719)
[PASS] test_finding10_redeemCancelStillGatesOnItsOwnPid() (gas: 320096)
[PASS] test_getRequestsByOwner() (gas: 425410)
[PASS] test_queueDeposit_onlyVault() (gas: 11089)
[PASS] test_queueDeposit_recordsRequest() (gas: 215750)
[PASS] test_queueDeposit_zeroReverts() (gas: 14386)
[PASS] test_queueRedeem_onlyVault() (gas: 10853)
[PASS] test_queueRedeem_recordsRequest() (gas: 253574)
[PASS] test_queueRedeem_zeroReverts() (gas: 13864)
[PASS] test_reserve_noPhantomAfterFullClaim() (gas: 705169)
[PASS] test_reserve_partialClaim_staysCovered() (gas: 766965)
[PASS] test_stampSettlement_allowsForwardGaps() (gas: 178370)
[PASS] test_stampSettlement_firstStampAtAnyPid() (gas: 107991)
[PASS] test_stampSettlement_onlyVault() (gas: 9632)
[PASS] test_stampSettlement_refusesABackwardsPid() (gas: 108123)
[PASS] test_stampSettlement_repeatOfCurrentPidStillReportsAlreadySettled() (gas: 105715)
[PASS] test_stampSettlement_twiceReverts() (gas: 105967)
[PASS] test_stamp_reservesRedeemAssets() (gas: 410242)
Suite result: ok. 38 passed; 0 failed; 0 skipped; finished in 3.59ms (2.87ms CPU time)

Ran 4 tests for test/audit-fixes/Strategy_cloneRatchetBinding.t.sol:Strategy_cloneRatchetBinding_UnitTest
[PASS] test_governorWithoutProposalStatusViews_reverts() (gas: 794123)
[PASS] test_noActiveProposal_reverts() (gas: 1094723)
[PASS] test_orphanedClone_laterProposalCanStillSettleAndRecoverFunds() (gas: 19260403)
[PASS] test_vaultWithoutGovernor_reverts() (gas: 660182)
Suite result: ok. 4 passed; 0 failed; 0 skipped; finished in 4.57ms (3.80ms CPU time)

Ran 4 tests for test/audit-181/TokenCourt_floorAndProsecutor.t.sol:TokenCourt_floorAndProsecutorTest
[PASS] test_participationFloor_clampBasisIsTheLookbackInstantNotTheSnapshot() (gas: 1646652)
[PASS] test_participationFloor_dustLookbackRemainderCannotCollapseTheFloor() (gas: 917986)
[PASS] test_participationFloor_freshNeverApprovingStakeCannotInflateFloorPastHonestCohort() (gas: 1669171)
[PASS] test_vote_revertsChallengerCannotVote() (gas: 1055990)
Suite result: ok. 4 passed; 0 failed; 0 skipped; finished in 8.54ms (7.81ms CPU time)

Ran 4 tests for test/audit-2/TokenCourt_floorCollapse.t.sol:TokenCourt_floorCollapseTest
[PASS] test_participationFloor_accusedConsumedEntireLookbackElectorateFallsBackToUnclampedReduced() (gas: 924268)
[PASS] test_participationFloor_genuineBootstrapFallsBackToUnclampedReduced() (gas: 864819)
[PASS] test_participationFloor_meaningfulLookbackTermStillBindsUnclamped() (gas: 917843)
[PASS] test_participationFloor_tinyNonzeroLookbackResidualNoLongerCollapsesFloorToZero() (gas: 2078549)
Suite result: ok. 4 passed; 0 failed; 0 skipped; finished in 1.29ms (902.75µs CPU time)

Ran 18 tests for test/governor/OpenProposalCount.t.sol:OpenProposalCountTest
[PASS] test_draft_locksDeposits() (gas: 1188116)
[PASS] test_emergencyCancel_draftDecrements() (gas: 2100932)
[PASS] test_openProposalCount_collaborativeLifecycle() (gas: 1450235)
[PASS] test_openProposalCount_rejectCollaboration_noDecrement() (gas: 1162633)
[PASS] test_openProposalCount_trackedAcrossLifecycle() (gas: 2426851)
[PASS] test_requestUnstakeOwner_revertsDuringApproved() (gas: 1230494)
[PASS] test_requestUnstakeOwner_revertsDuringExecuted() (gas: 1485407)
[PASS] test_requestUnstakeOwner_revertsDuringGuardianReview() (gas: 1151655)
[PASS] test_requestUnstakeOwner_revertsDuringPending() (gas: 1066238)
[PASS] test_requestUnstakeOwner_succeedsAfterCancel() (gas: 1121246)
[PASS] test_requestUnstakeOwner_succeedsAfterEmergencyCancel() (gas: 1128793)
[PASS] test_requestUnstakeOwner_succeedsAfterProposalSettled() (gas: 1511855)
[PASS] test_requestUnstakeOwner_succeedsAfterVeto() (gas: 1124479)
[PASS] test_resolveProposalState_armsCooldownLikeVeto() (gas: 2127060)
[PASS] test_resolveProposalState_flushesExpiredApproved() (gas: 1219005)
[PASS] test_resolveProposalState_flushesVetoRejection() (gas: 1228875)
[PASS] test_resolveProposalState_idempotent() (gas: 1104600)
[PASS] test_resolveProposalState_revertsIfProposalDoesNotExist() (gas: 22916)
Suite result: ok. 18 passed; 0 failed; 0 skipped; finished in 8.95ms (5.30ms CPU time)

Ran 4 tests for test/vault/OutflowMetering.t.sol:OutflowMeteringTest
[PASS] test_batchAtExactCapExecutes() (gas: 370864)
[PASS] test_batchExceedingCapReverts() (gas: 387006)
[PASS] test_batchWithinCapExecutes() (gas: 370634)
[PASS] test_inflowBatchPassesTrivially() (gas: 107769)
Suite result: ok. 4 passed; 0 failed; 0 skipped; finished in 992.50µs (411.67µs CPU time)

Ran 10 tests for test/RegistryExposureHook.t.sol:RegistryExposureHookTest
[PASS] test_approveVote_recordsExposure() (gas: 394439)
[PASS] test_blockVote_recordsNothing() (gas: 139547)
[PASS] test_getApproverCoverage_theFreeRiderNeverReachesTheList() (gas: 669561)
[PASS] test_getApproverCoverage_unwiredLedgerReportsPricedZeros() (gas: 196077)
[PASS] test_ledgerUnset_votesUnaffected() (gas: 208696)
[PASS] test_overCapGuardianIsRefusedTheSlot() (gas: 302701)
[PASS] test_setExposureLedger_accessControl() (gas: 34246)
[PASS] test_voteChange_approveBlockApprove_rebooks() (gas: 541133)
[PASS] test_voteChange_approveToBlock_releases() (gas: 348438)
[PASS] test_voteChange_blockToApprove_booksFresh() (gas: 409770)
Suite result: ok. 10 passed; 0 failed; 0 skipped; finished in 10.90ms (953.75µs CPU time)

Ran 7 tests for test/factory/OwnerStakeAtCreation.t.sol:OwnerStakeAtCreationTest
[PASS] test_createSyndicate_bindFailureRevertsEntireTx() (gas: 2730774)
[PASS] test_createSyndicate_bindsPreparedStakeAtomic() (gas: 2737443)
[PASS] test_createSyndicate_revertsIfNoPreparedStake() (gas: 49942)
[PASS] test_rotateOwner_happyPath_transfersVaultAndSlot() (gas: 2882044)
[PASS] test_rotateOwner_rejectsFactoryOwner() (gas: 2787928)
[PASS] test_rotateOwner_rejectsNonOwnerNonCreator() (gas: 2788478)
[PASS] test_rotateOwner_revertsIfOldOwnerStillStaked() (gas: 2797193)
Suite result: ok. 7 passed; 0 failed; 0 skipped; finished in 3.10ms (1.45ms CPU time)

Ran 15 tests for test/pashov-final/Registry_emergencyReopenCommitsVerdict.t.sol:PashovFinalEmergencyReopenTest
[PASS] test_cancelEmergency_onlyGovernor() (gas: 169527)
[PASS] test_finalizeEmergency_beforeEnd_reverts() (gas: 169980)
[PASS] test_finalizeEmergency_belowQuorum_returnsFalse() (gas: 231459)
[PASS] test_finalizeEmergency_idempotent() (gas: 309152)
[PASS] test_finalizeEmergency_quorumReached_slashesOwner_burnsWood() (gas: 312631)
[PASS] test_finalizeEmergency_zeroElectorateReturnsFalse() (gas: 693690)
[PASS] test_openEmergency_atReviewEndCommitsTheBlockedVerdict() (gas: 313736)
[PASS] test_openEmergency_firstOpenIsUnaffected() (gas: 173811)
[PASS] test_openEmergency_onlyGovernor() (gas: 20269)
[PASS] test_openEmergency_reopenAfterUnblockedRoundDoesNotSlash() (gas: 230946)
[PASS] test_openEmergency_reopenStillProceedsAfterCommitting() (gas: 339573)
[PASS] test_openEmergency_snapshotsTotalStakeAtOpen() (gas: 1453054)
[PASS] test_openEmergency_stillRefusedWhileWindowRunning() (gas: 168608)
[PASS] test_voteBlockEmergencySettle_revertsIfDoubleVote() (gas: 212504)
[PASS] test_voteBlockEmergencySettle_updatesTally() (gas: 206479)
Suite result: ok. 15 passed; 0 failed; 0 skipped; finished in 4.06ms (3.32ms CPU time)

Ran 15 tests for test/governor/RiskEnvelope.t.sol:RiskEnvelopeTest
[PASS] test_envelopeImmutableAcrossCollaborativeApprove() (gas: 1315099)
[PASS] test_envelopePersistsThroughVoteAndExecute() (gas: 1276661)
[PASS] test_getRiskEnvelope_nonexistentIdReturnsZero() (gas: 16529)
[PASS] test_honestZeroOutflowSettlementPassesUnderCap() (gas: 1282776)
[PASS] test_loweredMaxCapitalBpsBindsProposals() (gas: 1869568)
[PASS] test_maxCapitalBpsDefaultsTo100Pct() (gas: 13853)
[PASS] test_proposeAcceptsDrawdownAtExactly100Pct() (gas: 958825)
[PASS] test_proposeAcceptsMaxCapitalAtCeiling() (gas: 958881)
[PASS] test_proposeRevertsAboveMaxCapitalCeiling() (gas: 910828)
[PASS] test_proposeRevertsOnDrawdownOver100Pct() (gas: 76425)
[PASS] test_proposeRevertsOnZeroMaxCapital() (gas: 76248)
[PASS] test_proposeStoresEnvelope() (gas: 958417)
[PASS] test_setMaxCapitalBpsOnlyVaultOwner() (gas: 30380)
[PASS] test_setMaxCapitalBpsRejectsOutOfBounds() (gas: 55807)
[PASS] test_settlementBatchExceedingMaxCapitalReverts() (gas: 1558773)
Suite result: ok. 15 passed; 0 failed; 0 skipped; finished in 3.16ms (2.09ms CPU time)

Ran 1 test for test/audit-fixes/SetGuardianRegistry.t.sol:SetGuardianRegistryTest
[PASS] test_setGuardianRegistry_isAbsentFromGovernorAndFactory() (gas: 53839)
Suite result: ok. 1 passed; 0 failed; 0 skipped; finished in 1.07ms (28.62µs CPU time)

Ran 80 tests for test/pashov-final/TokenCourt_proposerBar.t.sol:PashovFinalProposerBarTest
[PASS] test_ageFloorLoweredOnStakedWoodSide_isLegalAndVisibleButNotGuardedHere() (gas: 45932)
[PASS] test_constructor_defaults() (gas: 13527)
[PASS] test_finalize_accusedOutweighingTheElectorateCannotDenyAVerdict() (gas: 972300)
[PASS] test_finalize_accusedWeightLowersFloor() (gas: 962563)
[PASS] test_finalize_belowFloorInconclusive_andZeroTurnout() (gas: 1513797)
[PASS] test_finalize_belowFloorStillInconclusive_withBothCheckpointsSet() (gas: 1073416)
[PASS] test_finalize_emitsCaseFinalized() (gas: 945702)
[PASS] test_finalize_floorDoesNotUnderflowWhenSnapshotPrecedesLookback() (gas: 1001903)
[PASS] test_finalize_floorFallsBackToSnapshotTotalWhenNoEarlierElectorateExists() (gas: 1006811)
[PASS] test_finalize_floorIgnoresAPreDrainStakeSurge_denialOfQuorumClosed() (gas: 1074612)
[PASS] test_finalize_floorIsMonotoneAcrossTheAccusedWeightBoundary() (gas: 2026108)
[PASS] test_finalize_floorPinsTheReducedTermWhenItBindsBeforeTheLookback() (gas: 866879)
[PASS] test_finalize_floorStillInflatableByAMonthOldStake_knownResidual() (gas: 1168453)
[PASS] test_finalize_floorSurvivesElectorateGrowthPastTheLookback() (gas: 867360)
[PASS] test_finalize_floorTakesTheMinNotTheEarlierReadAlone() (gas: 1074333)
[PASS] test_finalize_floorUnchangedWhenElectorateStable() (gas: 1072705)
[PASS] test_finalize_guards() (gas: 879565)
[PASS] test_finalize_notCourt_bubblesAndLeavesCaseVoting() (gas: 991925)
[PASS] test_finalize_rulesThePinnedGameNotTheLiveOne() (gas: 1600023)
[PASS] test_finalize_terminalRace_caseClosesViaCatch() (gas: 916193)
[PASS] test_finalize_tieAcquits() (gas: 1024931)
[PASS] test_finalize_transientRevert_bubblesAndLeavesCaseVoting() (gas: 989801)
[PASS] test_finalize_underGassedCall_revertsAndLeavesCaseVoting() (gas: 1008854)
[PASS] test_finalize_verdictMatrix_guiltyMajority() (gas: 1020349)
[PASS] test_finalize_zeroFloorStillInconclusiveOnAnEmptyVote() (gas: 851995)
[PASS] test_finding1_codelessEscrowStillRefers() (gas: 763813)
[PASS] test_finding1_pinSurvivesTheEscrowRecordBeingCleared() (gas: 1093353)
[PASS] test_finding1_proposerCannotVoteGuiltyEither() (gas: 994974)
[PASS] test_finding1_proposerCannotVoteItsOwnAcquittal() (gas: 1007866)
[PASS] test_finding1_shortReturnEscrowStillRefers() (gas: 818567)
[PASS] test_finding1_unrelatedVoterIsUnaffected() (gas: 1200764)
[PASS] test_finding1_zeroBondLeavesTheProposerUnbarred() (gas: 1075296)
[PASS] test_finding2_counterBondContributorCannotVoteItsOwnAcquittal() (gas: 863763)
[PASS] test_finding6_referRefusesAChallengeThatPinnedNoCourt() (gas: 243505)
[PASS] test_floorLookback_isAThirtyDayConstant() (gas: 6511)
[PASS] test_ledgerAndWeightPinnedTogether() (gas: 1360858)
[PASS] test_ledgerPinnedAtRefer() (gas: 737183)
[PASS] test_referSnapshotsTheAccusedSet_laterLedgerMovesAreInert() (gas: 647784)
[PASS] test_refer_accusedByPledgeNotBySettledBooking() (gas: 860881)
[PASS] test_refer_accusedWeight_sumsMultiple() (gas: 911863)
[PASS] test_refer_afterGameMigration_doesNotCollideOnChallengeId() (gas: 1506458)
[PASS] test_refer_clockCheckBoundary() (gas: 658936)
[PASS] test_refer_dedupesRepeatedApprover() (gas: 808805)
[PASS] test_refer_guards() (gas: 4354894)
[PASS] test_refer_recordsSnapshotAndAccused() (gas: 781906)
[PASS] test_refer_secondChallengeOnSameProposal_distinctCase() (gas: 832615)
[PASS] test_renounceOwnership_reverts() (gas: 19014)
[PASS] test_repointAfterReferDoesNotDisturbCase() (gas: 1335487)
[PASS] test_setChallengeGame_bypassClosed_wiringAfterVacuousVoteWindowRaiseReverts() (gas: 2495939)
[PASS] test_setChallengeGame_revertsWindowInvariantViolated_whenNewGameCannotFit() (gas: 658274)
[PASS] test_setParticipationFloorBps_acceptsStrictlyBelowWiredAgeFloor() (gas: 32270)
[PASS] test_setParticipationFloorBps_revertsFloorInvariantViolated_atOrAboveWiredAgeFloor() (gas: 35314)
[PASS] test_setParticipationFloorBps_vacuousWithNoStakedWoodWired_bypassClosedAtWiring() (gas: 3210669)
[PASS] test_setStakedWood_revertsFloorInvariantViolated_whenNewAgeFloorAtOrBelowCurrentFloor() (gas: 2741267)
[PASS] test_setVoteWindow_emitsOldNew() (gas: 34599)
[PASS] test_setVoteWindow_revertsWindowInvariantViolated_whenGameNumbersCannotFit() (gas: 32314)
[PASS] test_setVoteWindow_vacuousWithNoGameWired() (gas: 1854217)
[PASS] test_setters_boundsAndValues() (gas: 55882)
[PASS] test_setters_onlyOwner() (gas: 13874)
[PASS] test_setters_wiringEmitOldNew() (gas: 2044788)
[PASS] test_views_nonexistentCaseReturnDefaults() (gas: 47222)
[PASS] test_vote_acceptsACurrentHolderWithHistoricWeight() (gas: 914564)
[PASS] test_vote_accusedCannotVote_ordinaryNonZeroBooking() (gas: 937049)
[PASS] test_vote_bothChecksFail_getsNoVotingPowerNotNoPresentHoldings() (gas: 819323)
[PASS] test_vote_emitsWeight() (gas: 868361)
[PASS] test_vote_growthGate_bootstrapSkipsTheClampEvenWhenGateWouldBeTrue() (gas: 843639)
[PASS] test_vote_growthGate_freshAddressAttackClosed() (gas: 839407)
[PASS] test_vote_growthGate_partialPositionTopUpBuysNothingBeyondMonthAgoWorth() (gas: 932783)
[PASS] test_vote_growthGate_shrunkPositionNeverGetsTheHistoricalFigure() (gas: 931964)
[PASS] test_vote_growthGate_steadyMatureRegression_tallyBitIdenticalToSnapshotRead() (gas: 933390)
[PASS] test_vote_growthGate_topUpBoundsTallyAtLookbackWeight() (gas: 934326)
[PASS] test_vote_growthGate_weightFellOnGrowthPath_tallyIsTheSmallerCurrentWeight() (gas: 933754)
[PASS] test_vote_growthGate_youngSteadyStakerVotesAtParUnclamped() (gas: 930843)
[PASS] test_vote_guards() (gas: 910078)
[PASS] test_vote_presentHolderWithoutSnapshotWeightRevertsNoVotingPower() (gas: 865075)
[PASS] test_vote_refusesAFullyExitedHolder() (gas: 899021)
[PASS] test_vote_refusesAGuardianMidCooldown() (gas: 899373)
[PASS] test_vote_tallies_agedWeight() (gas: 943324)
[PASS] test_vote_windowIsThePinnedOne() (gas: 888820)
[PASS] test_vote_windowLengtheningDoesNotExtendLiveCase() (gas: 898067)
Suite result: ok. 80 passed; 0 failed; 0 skipped; finished in 18.49ms (17.49ms CPU time)

Ran 18 tests for test/governor/PerCallCapitalDeclarations.t.sol:PerCallCapitalDeclarationsTest
[PASS] test_allZeroCaps_pricesZeroCoverage_meterStillBlocksOutflow() (gas: 1599860)
[PASS] test_issueHeadlineScenario_tierAndCoverage() (gas: 1476876)
[PASS] test_regression_coverageRegressed_whenACappedCallsBoundRises() (gas: 1286988)
[PASS] test_regression_tierRegressed_whenAdapterDemoted() (gas: 1275209)
[PASS] test_regression_zeroCapCallDemotion_insideAlreadyTier2Batch_executesFine() (gas: 1519451)
[PASS] test_she210_certifiedSettlementLegKeepsLowTier() (gas: 1123157)
[PASS] test_she210_settlementLegLiftsProposalTier() (gas: 1151742)
[PASS] test_tier2CallCapBps_frozenDuringOpenProposal() (gas: 958484)
[PASS] test_tier2CallCapBps_onlyVaultOwner() (gas: 31238)
[PASS] test_tier2CallCapBps_setterBoundsAndEvent() (gas: 75884)
[PASS] test_tier2CallCapBps_unsetReadsAsInertDefault() (gas: 13152)
[PASS] test_tier2Ceiling_aboveCeilingRejectedAtPropose() (gas: 1048829)
[PASS] test_tier2Ceiling_sameCapAcceptedOnCertifiedTier0Call() (gas: 1147000)
[PASS] test_validation_execAndSettleCapsIndependentlyBounded() (gas: 798669)
[PASS] test_validation_execCapsLengthMismatch() (gas: 117154)
[PASS] test_validation_execCapsSumExceedsMaxCapital() (gas: 100819)
[PASS] test_validation_settleCapsLengthMismatch() (gas: 116484)
[PASS] test_validation_zeroCapCallMoving1WeiReverts() (gas: 1418410)
Suite result: ok. 18 passed; 0 failed; 0 skipped; finished in 9.66ms (7.32ms CPU time)

Ran 9 tests for test/governor/PerVaultParams.t.sol:PerVaultParamsTest
[PASS] test_forceSetParamsBypassesFreezeWhileProposalOpen() (gas: 1025794)
[PASS] test_initializeRevertsOnSub20PctVetoThreshold() (gas: 279409)
[PASS] test_initializeRevertsOnSub24hVotingPeriod() (gas: 279763)
[PASS] test_setterRevertsWhileProposalActive() (gas: 995618)
[PASS] test_setterSucceedsAfterSettle() (gas: 1336293)
[PASS] test_settleIgnoresPostVoteProtocolRateChange() (gas: 1453915)
[PASS] test_snapshottedSplitsSumToFullBasisPoints() (gas: 1007023)
[PASS] test_splitChangeAfterProposeDoesNotAffectTheInFlightProposal() (gas: 1029028)
[PASS] test_splitChangeBeforeProposeIsPickedUpByTheNextProposal() (gas: 1028826)
Suite result: ok. 9 passed; 0 failed; 0 skipped; finished in 3.19ms (2.04ms CPU time)

Ran 46 tests for test/PortfolioStrategy.t.sol:PortfolioStrategyTest
[PASS] test_clonesHaveIsolatedStorage() (gas: 509143)
[PASS] test_execute() (gas: 515645)
[PASS] test_execute_onlyVault() (gas: 16984)
[PASS] test_execute_revertsWhenAnyBasketFeedIsStale() (gas: 1795411)
[PASS] test_execute_twice_reverts() (gas: 507827)
[PASS] test_fullLifecycle() (gas: 674995)
[PASS] test_gas_rebalanceDelta_20tokens() (gas: 19149344)
[PASS] test_init_decimalsMismatch_reverts() (gas: 294837)
[PASS] test_init_zeroFeed_reverts() (gas: 130921)
[PASS] test_initialize() (gas: 100240)
[PASS] test_initialize_duplicateToken_reverts() (gas: 396160)
[PASS] test_initialize_invalidWeights_reverts() (gas: 487059)
[PASS] test_initialize_lengthMismatch_reverts() (gas: 138736)
[PASS] test_initialize_rejectsSlippageAboveTheProtocolCeiling() (gas: 145516)
[PASS] test_initialize_tooManyTokens_reverts() (gas: 258369)
[PASS] test_initialize_twice_reverts() (gas: 43756)
[PASS] test_initialize_zeroAmount_reverts() (gas: 131990)
[PASS] test_initialize_zeroAsset_reverts() (gas: 113299)
[PASS] test_maxBasketSize_20tokens() (gas: 18104563)
[PASS] test_multipleRebalanceDeltas() (gas: 1208388)
[PASS] test_rebalanceDelta() (gas: 699939)
[PASS] test_rebalanceDelta_8DecFeeds_happyPath() (gas: 1670432)
[PASS] test_rebalanceDelta_cannotBeLoopedIntoADrainWhenWeightsAreFrozen() (gas: 1923916)
[PASS] test_rebalanceDelta_decimalsDrift_reverts() (gas: 863883)
[PASS] test_rebalanceDelta_handles1e8FeedDecimals() (gas: 1669322)
[PASS] test_rebalanceDelta_onlyProposer() (gas: 508046)
[PASS] test_rebalanceDelta_reBuyLeg_revertsOnPoolManipulated() (gas: 798745)
[PASS] test_rebalanceDelta_sellLeg_revertsOnPoolManipulated() (gas: 725828)
[PASS] test_rebalanceDelta_stalePrice_reverts() (gas: 1559265)
[PASS] test_rebalanceDelta_zeroAnswer_reverts() (gas: 1536856)
[PASS] test_rebalanceDelta_zeroWeightSlotIsSoldNotRebought() (gas: 1142132)
[PASS] test_rebalanceIsGone_selectorReverts() (gas: 571531)
[PASS] test_settle() (gas: 612839)
[PASS] test_settle_afterZeroWeightRebalance() (gas: 1136306)
[PASS] test_settle_beforeExecute_reverts() (gas: 18257)
[PASS] test_settle_onlyVault() (gas: 507887)
[PASS] test_settle_withProfit() (gas: 621681)
[PASS] test_singleTokenPortfolio() (gas: 725411)
[PASS] test_updateParams_emptyUpdateIsANoOp() (gas: 520098)
[PASS] test_updateParams_onlyProposer() (gas: 509550)
[PASS] test_updateParams_onlyWhenExecuted() (gas: 26622)
[PASS] test_updateParams_routesAreFrozenAfterExecute() (gas: 532894)
[PASS] test_updateParams_slippageCanBeTightened() (gas: 518730)
[PASS] test_updateParams_slippageCannotBeLoosened() (gas: 516750)
[PASS] test_updateParams_weightsFrozenAfterExecute() (gas: 520878)
[PASS] test_zeroWeightToken_execute() (gas: 994846)
Suite result: ok. 46 passed; 0 failed; 0 skipped; finished in 25.26ms (24.55ms CPU time)

Ran 18 tests for test/PortfolioStrategyAdapterAllowlist.t.sol:PortfolioStrategyAdapterAllowlistTest
[PASS] test_allowlistedAdapter_accepted() (gas: 889069)
[PASS] test_allowlistedAdapter_rebalanceDelta_stillSucceeds() (gas: 1403330)
[PASS] test_codelessVault_initFailsClosed() (gas: 116257)
[PASS] test_demotedAdapter_rebalanceDelta_reverts() (gas: 1360405)
[PASS] test_demotionAfterInit_doesNotBrickSettle() (gas: 1361748)
[PASS] test_floorBottomsOut_reassertSucceeds_belowFails() (gas: 1384362)
[PASS] test_governorTierRegistryZero_initFailsClosed() (gas: 307482)
[PASS] test_governorWithoutRegistryGetter_initFailsClosed() (gas: 274274)
[PASS] test_initAboveCeiling_stillReverts() (gas: 116137)
[PASS] test_initAtExactFloor_succeeds() (gas: 889314)
[PASS] test_initBelowFloor_49_reverts() (gas: 115902)
[PASS] test_initBelowFloor_zero_reverts() (gas: 115716)
[PASS] test_malformedReturnRegistry_failsClosed() (gas: 386646)
[PASS] test_nonAllowlistedAdapter_refused() (gas: 479488)
[PASS] test_revertingRegistry_failsClosed() (gas: 394020)
[PASS] test_tightenBelowFloor_reverts_valueUnchanged() (gas: 1377756)
[PASS] test_tighten_zeroSentinel_keepsCurrent() (gas: 1377132)
[PASS] test_vaultGovernorReturnsZero_initFailsClosed() (gas: 197571)
Suite result: ok. 18 passed; 0 failed; 0 skipped; finished in 2.07ms (1.69ms CPU time)

Ran 32 tests for test/vesting/TokenVesting.t.sol:TokenVestingTest
[PASS] testFuzz_cancel_conservation(uint64,uint64) (runs: 256, μ: 286235, ~: 294892)
[PASS] testFuzz_vestedAmount_monotoneAndBounded(uint64,uint64) (runs: 256, μ: 228127, ~: 228021)
[PASS] test_cancel_afterFullVest_returnsNothing() (gas: 257644)
[PASS] test_cancel_afterPartialRelease() (gas: 319027)
[PASS] test_cancel_balanceShrink_clampsResidue() (gas: 317560)
[PASS] test_cancel_beforeCliff_returnsEverything() (gas: 242567)
[PASS] test_cancel_emitsVestingCancelled() (gas: 279858)
[PASS] test_cancel_midVest_splitsVestedAndResidue() (gas: 312828)
[PASS] test_cancel_revertsForNonOwner() (gas: 222011)
[PASS] test_cancel_revertsOnDoubleCancel() (gas: 239035)
[PASS] test_cancel_revertsWhenNotCancelable() (gas: 221549)
[PASS] test_implementation_cannotBeInitialized() (gas: 18169)
[PASS] test_initialize_onlyOnce() (gas: 222020)
[PASS] test_initialize_revertsOnScheduleOverflow() (gas: 80147)
[PASS] test_initialize_revertsOnZeroAddresses() (gas: 218366)
[PASS] test_initialize_revertsOnZeroDuration() (gas: 80100)
[PASS] test_initialize_revertsWhenCliffExceedsDuration() (gas: 79915)
[PASS] test_initialize_storesParams() (gas: 229554)
[PASS] test_release_balanceShrink_clampsInsteadOfBricking() (gas: 276069)
[PASS] test_release_beforeCliff_isNoop() (gas: 228442)
[PASS] test_release_emitsReleased() (gas: 273507)
[PASS] test_release_incremental() (gas: 265078)
[PASS] test_release_paysBeneficiary() (gas: 277164)
[PASS] test_release_permissionless_anyCaller() (gas: 255643)
[PASS] test_topUp_afterCancel_isStranded() (gas: 335631)
[PASS] test_topUp_afterVestEnd_unlocksInstantly() (gas: 228832)
[PASS] test_vestedAmount_fullAfterEnd() (gas: 225432)
[PASS] test_vestedAmount_linearMidVest() (gas: 222294)
[PASS] test_vestedAmount_noCliffIsPlainLinear() (gas: 224685)
[PASS] test_vestedAmount_retroactiveAtCliff() (gas: 222535)
[PASS] test_vestedAmount_topUpGrowsCurve() (gas: 225694)
[PASS] test_vestedAmount_zeroBeforeCliff() (gas: 226561)
Suite result: ok. 32 passed; 0 failed; 0 skipped; finished in 51.61ms (51.26ms CPU time)

Ran 7 tests for test/UniswapAdapterPathTest.t.sol:UniswapAdapterEndpointBindingTest
[PASS] test_degenerateSingleAddressPath_rejectedForDistinctTokens() (gas: 10215)
[PASS] test_headMatchesButTailRedirected_rejected() (gas: 10250)
[PASS] test_headMismatch_rejected() (gas: 9685)
[PASS] test_multiHopTailRedirected_rejected() (gas: 10402)
[PASS] test_multiHop_matchingEndpoints_accepted() (gas: 7328)
[PASS] test_shortPath_rejected() (gas: 9567)
[PASS] test_singleHop_matchingEndpoints_accepted() (gas: 7105)
Suite result: ok. 7 passed; 0 failed; 0 skipped; finished in 215.79µs (62.16µs CPU time)

Ran 27 tests for test/UniswapAdapterPathTest.t.sol:UniswapAdapterPathTest
[PASS] test_extractAddressAt() (gas: 9688)
[PASS] test_extractFeeAt() (gas: 8926)
[PASS] test_extractFeeAt_allTiers() (gas: 14170)
[PASS] test_extractFirstAddress() (gas: 7223)
[PASS] test_extractFirstAddress_reverts_tooShort() (gas: 9494)
[PASS] test_mode2_quote_reverts_whenV4QuoterUnset() (gas: 13586)
[PASS] test_mode2_swap_reverts_whenPoolManagerUnset() (gas: 544110)
[PASS] test_mode3_quote_reverts_emptyPath() (gas: 1964121)
[PASS] test_mode3_quote_reverts_lastCurrencyNotTokenOut() (gas: 1968183)
[PASS] test_mode3_quote_reverts_singleHopPath() (gas: 1965003)
[PASS] test_mode3_quote_reverts_whenV4QuoterUnset() (gas: 15418)
[PASS] test_mode3_swap_reverts_emptyPath() (gas: 543905)
[PASS] test_mode3_swap_reverts_whenPoolManagerUnset() (gas: 546211)
[PASS] test_mode3_unlockCallback_reverts_whenCallerNotPoolManager() (gas: 18791)
[PASS] test_orientHops_forward_passthrough() (gas: 11852)
[PASS] test_orientHops_reverse_flipsCurrenciesAndPools() (gas: 15995)
[PASS] test_orientHops_reverse_isInvolution_3hop() (gas: 31246)
[PASS] test_orientHops_reverse_nativeIntermediate() (gas: 14661)
[PASS] test_orientHops_reverts_neitherEndpoint() (gas: 21394)
[PASS] test_reversePath_isInvolution() (gas: 62353)
[PASS] test_reversePath_reverts_invalidLength() (gas: 11635)
[PASS] test_reversePath_singleHop() (gas: 25787)
[PASS] test_reversePath_threeHop() (gas: 42855)
[PASS] test_reversePath_twoHop() (gas: 36093)
[PASS] test_unlockCallback_reverts_whenCallerNotPoolManager() (gas: 11606)
[PASS] test_unsupportedMode_quote_reverts() (gas: 13947)
[PASS] test_unsupportedMode_swap_reverts() (gas: 568028)
Suite result: ok. 27 passed; 0 failed; 0 skipped; finished in 4.23ms (3.95ms CPU time)

Ran 13 tests for test/VaultLayoutPins.t.sol:VaultLayoutPinsTest
[PASS] test_layout_agentFeeBpsPlusOnePinnedToSlot11() (gas: 38172)
[PASS] test_layout_agentSetPinnedToSlot1() (gas: 136997)
[PASS] test_layout_agentsPinnedToSlot0() (gas: 140492)
[PASS] test_layout_approvedDepositorsPinnedToSlot4() (gas: 93599)
[PASS] test_layout_cachedDecimalsOffsetPinnedToSlot10() (gas: 20961)
[PASS] test_layout_executorImplPinnedToSlot3() (gas: 8025)
[PASS] test_layout_expectedExecutorCodehashPinnedToSlot9() (gas: 10357)
[PASS] test_layout_factoryPinnedToSlot8() (gas: 13127)
[PASS] test_layout_gapStartsAtSlot16() (gas: 6715)
[PASS] test_layout_managementAccrualAndHighWaterMarkSlots() (gas: 426226)
[PASS] test_layout_managementFeeBpsPinnedToSlot7() (gas: 11807)
[PASS] test_layout_minBufferBpsSlot12() (gas: 43019)
[PASS] test_layout_openDepositsPinnedToSlot6() (gas: 40757)
Suite result: ok. 13 passed; 0 failed; 0 skipped; finished in 1.34ms (631.08µs CPU time)

Ran 7 tests for test/SlashGasCeiling.t.sol:SlashGasCeilingTest
[PASS] test_demotionGas_fitsInsideTheReservedStipend() (gas: 38522240)
[PASS] test_fullCapConviction_fitsInAMinableTransaction() (gas: 108772536)
[PASS] test_measure_convictionGas_at4Approvers() (gas: 43831415)
[PASS] test_measure_convictionGas_at52Approvers() (gas: 75196739)
[PASS] test_slashGasFloorFitsRobinhoodMaxTxGas() (gas: 38349861)
[PASS] test_theFloorExceedsWhatAFullCapConvictionSpends() (gas: 107603878)
[PASS] test_theGasFloorSitsTwoExternalFramesBelowAnEoa() (gas: 38332184)
Suite result: ok. 7 passed; 0 failed; 0 skipped; finished in 91.88ms (90.64ms CPU time)

Ran 8 tests for test/audit-181/PortfolioStrategy_oracleBinding.t.sol:PortfolioStrategy_oracleBindingTest
[PASS] test_init_revertsWhenPushFeedAggregatorNotAllowlisted() (gas: 624585)
[PASS] test_init_revertsWhenPushFeedNotPairedWithToken() (gas: 672901)
[PASS] test_init_revertsWhenRegistryUnresolvable() (gas: 422629)
[PASS] test_init_succeedsWhenPriceSourceAllowlisted() (gas: 1694591)
[PASS] test_initialize_revertsWhenBasketTokenHasNoAttestedFeed() (gas: 1083308)
[PASS] test_pushFeedPrice_futureUpdatedAt_doesNotPanic() (gas: 1726010)
[PASS] test_pushFeedPrice_reallyStale_stillRevertsStalePrice() (gas: 1713723)
[PASS] test_settle_zeroOutputSell_revertsSwapFailed() (gas: 1483063)
Suite result: ok. 8 passed; 0 failed; 0 skipped; finished in 3.44ms (2.75ms CPU time)

Ran 5 tests for test/audit-fixes/PortfolioStrategy_stuckSettleEmergency.t.sol:PortfolioStrategy_stuckSettleEmergencyTest
[PASS] test_darkFeedForever_emergencyBatchRescuesTheBasketAndFinalises() (gas: 2541002)
[PASS] test_rescueTo_isReachableFromAnEmergencyBatch() (gas: 2214032)
[PASS] test_rescueTo_onlyVault() (gas: 2190959)
[PASS] test_settle_clearsWhenFeedIsLive() (gas: 2170183)
[PASS] test_stuckSettle_isRecoveredByEmergencySettleWithCalls() (gas: 2563347)
Suite result: ok. 5 passed; 0 failed; 0 skipped; finished in 5.44ms (3.65ms CPU time)

Ran 13 tests for test/governor/ProposalLifecycle.t.sol:ProposalLifecycleTest
[PASS] test_cancelDuringPending_closesTheRegistryReview() (gas: 1086960)
[PASS] test_lpVetoRejection_closesTheRegistryReview() (gas: 1201437)
[PASS] test_pausedRegistry_doesNotHoldAnAlreadyResolvedReview() (gas: 1490504)
[PASS] test_pausedRegistry_holdsGuardianReviewThenResolvesOnUnpause() (gas: 1494484)
[PASS] test_registerReview_pushedAtPendingTransition() (gas: 2253652)
[PASS] test_stateOf_draftExpiry() (gas: 1057386)
[PASS] test_stateOf_expiryReleasesVault() (gas: 2117212)
[PASS] test_stateOf_pendingDuringVote() (gas: 1069715)
[PASS] test_stateOf_trueViewApprovedAfterReviewEnd() (gas: 1662302)
[PASS] test_stateOf_trueViewRejectedThenCommitAgrees() (gas: 2075107)
[PASS] test_stateOf_vetoRejectsWithoutEconomicCommit() (gas: 1207433)
[PASS] test_unregisteredWindowExpiresAndCannotExecute() (gas: 1203833)
[PASS] test_vetoProposal_closesTheRegistryReview() (gas: 1091166)
Suite result: ok. 13 passed; 0 failed; 0 skipped; finished in 5.91ms (3.96ms CPU time)

Ran 6 tests for test/audit-fixes/Vault_queueReservedNav.t.sol:VaultQueueReservedNavTest
[PASS] test_claimingAStampedRedeemDoesNotMoveTheResidualPrice() (gas: 810313)
[PASS] test_genuineShortfallStillHaltsBatchesAndIsVisibleInThePrice() (gas: 905298)
[PASS] test_preStampEscrowStaysInThePricingSupply() (gas: 704482)
[PASS] test_residualHolderRedeemsAtTheResidualPrice() (gas: 879809)
[PASS] test_stampedUnclaimedRedeem_isExcludedFromPricingOnBothSides() (gas: 887730)
[PASS] test_vaultWithoutQueuePricesNormally() (gas: 5855365)
Suite result: ok. 6 passed; 0 failed; 0 skipped; finished in 1.87ms (1.21ms CPU time)

Ran 11 tests for test/audit-2/PortfolioStrategy_floorsAndOracle.t.sol:PortfolioStrategy_floorsAndOracleTest
[PASS] test_execute_buyLeg_revertsOnPoolManipulatedBeforeExecute() (gas: 1717330)
[PASS] test_finding9_removedAgentLosesProposerRightsOnLiveClone() (gas: 1785653)
[PASS] test_floorIsFeedPriceMinusMaxSlippage_independentOfPoolState(uint256) (runs: 256, μ: 1746008, ~: 1738725)
[PASS] test_rebalanceDelta_revertsWhenPriceSourceRevokedPostExecute() (gas: 1722566)
[PASS] test_sellFloor_boundary_freshRejectsManipulation_staleRevertsBeforeSwap() (gas: 3458496)
[PASS] test_settle_clearsAtMaxAge_revertsOneSecondPast() (gas: 3429265)
[PASS] test_settle_revertsWhenFeedDecimalsDrift() (gas: 1757594)
[PASS] test_settle_revertsWhenFeedIsCodeless() (gas: 1758076)
[PASS] test_settle_revertsWhenFeedIsStale_proposalStaysExecuted() (gas: 1776791)
[PASS] test_settle_staleFeedRevertsRegardlessOfPoolMove() (gas: 3453554)
[PASS] test_settle_untouchedByPriceSourceRevocation() (gas: 1717542)
Suite result: ok. 11 passed; 0 failed; 0 skipped; finished in 77.74ms (78.92ms CPU time)

Ran 11 tests for test/audit-fixes/Vault_redemptionLockSemantics.t.sol:VaultRedemptionLockSemanticsTest
[PASS] test_deposit_allowedAfterSettle() (gas: 284022)
[PASS] test_deposit_revertsDuringApproved() (gas: 22881)
[PASS] test_deposit_revertsDuringExecuted() (gas: 23758)
[PASS] test_deposit_revertsDuringGuardianReview() (gas: 22837)
[PASS] test_deposit_revertsDuringPending() (gas: 22639)
[PASS] test_requestDepositRevertsWhenTheGovernorCannotReportAProposalCount() (gas: 1193087)
[PASS] test_requestRedeemRevertsWhenTheGovernorCannotReportAProposalCount() (gas: 1448598)
[PASS] test_rescueERC20_blockedDuringExecuted() (gas: 544636)
[PASS] test_rescueERC20_blockedDuringPending() (gas: 542977)
[PASS] test_withdraw_revertsDuringExecuted() (gas: 279709)
[PASS] test_withdraw_revertsDuringPending() (gas: 293061)
Suite result: ok. 11 passed; 0 failed; 0 skipped; finished in 1.06ms (527.08µs CPU time)

Ran 14 tests for test/pashov-final/Vault_spendableFee.t.sol:PashovFinalSpendableFeeTest
[PASS] test_onlyGovernor_revertBitesBeforeCapCheck() (gas: 74054)
[PASS] test_revertsOnEmptyVault() (gas: 33980)
[PASS] test_revertsOnUintMax() (gas: 79527)
[PASS] test_revertsWhenAmountExceedsBalance() (gas: 79767)
[PASS] test_spendableFee_boundsAnOversizedFeeRequest() (gas: 101860)
[PASS] test_spendableFee_isExactlyTheTransferBound() (gas: 102404)
[PASS] test_spendableFee_tracksBalanceChanges() (gas: 84387)
[PASS] test_spendableFee_zeroForNonVaultAsset() (gas: 18377)
[PASS] test_spendableFee_zeroOnEmptyVault() (gas: 30420)
[PASS] test_succeedsWhenAmountBelowBalance() (gas: 106595)
[PASS] test_succeedsWhenAmountEqualsBalance() (gas: 86941)
[PASS] test_wrongAssetRevertsBeforeCapCheck() (gas: 540486)
[PASS] test_zeroAmountIsNoop() (gas: 86493)
[PASS] test_zeroRecipientRevertsBeforeCapCheck() (gas: 72840)
Suite result: ok. 14 passed; 0 failed; 0 skipped; finished in 928.29µs (397.96µs CPU time)

Ran 2 tests for test/audit-181/Vault_settleStampDenominator.t.sol:VaultSettleStampDenominatorTest
[PASS] test_depositClaim_mintsExactlyConvertToShares_notMoreFromStaleUnclaimedRedeem() (gas: 1234106)
[PASS] test_requestDeposit_succeedsWhileProposalPending_andTagsTheOpenPid() (gas: 249033)
Suite result: ok. 2 passed; 0 failed; 0 skipped; finished in 938.88µs (316.67µs CPU time)

Ran 9 tests for test/audit-fixes/Vault_transferPerformanceFee_cap.t.sol:VaultTransferPerformanceFeeCapTest
[PASS] test_onlyGovernor_revertBitesBeforeCapCheck() (gas: 73988)
[PASS] test_revertsOnEmptyVault() (gas: 33980)
[PASS] test_revertsOnUintMax() (gas: 79461)
[PASS] test_revertsWhenAmountExceedsBalance() (gas: 79657)
[PASS] test_succeedsWhenAmountBelowBalance() (gas: 106573)
[PASS] test_succeedsWhenAmountEqualsBalance() (gas: 86837)
[PASS] test_wrongAssetRevertsBeforeCapCheck() (gas: 540442)
[PASS] test_zeroAmountIsNoop() (gas: 86449)
[PASS] test_zeroRecipientRevertsBeforeCapCheck() (gas: 72752)
Suite result: ok. 9 passed; 0 failed; 0 skipped; finished in 702.62µs (219.58µs CPU time)

Ran 8 tests for test/audit-fixes/Vault_she206HwmPricingSupply.t.sol:VaultShe206HwmPricingSupplyTest
[PASS] test_hwm_aZeroValueDepositIntoAnAllStampedFundBanksNoMark() (gas: 832178)
[PASS] test_hwm_asyncFullExitReseedsTheMarkWithNoResidue() (gas: 921549)
[PASS] test_hwm_asyncFullExitThenReseedDepositChargesNoPerformanceFee() (gas: 943124)
[PASS] test_hwm_instantFullExitThenReseedDepositIsUnchanged() (gas: 480066)
[PASS] test_hwm_ratchetBanksNothingAgainstAnEmptyPricingSupply() (gas: 792067)
[PASS] test_hwm_realProfitAboveAReseededMarkIsStillChargeable() (gas: 933660)
[PASS] test_hwm_resetFiresOnAPartialClaimWhileTheRawSupplyIsStillNonZero() (gas: 908439)
[PASS] test_hwm_resetStillFiresWhenTheEscrowIsClaimedOut() (gas: 645715)
Suite result: ok. 8 passed; 0 failed; 0 skipped; finished in 2.17ms (1.53ms CPU time)

Ran 9 tests for test/vesting/VestingFactory.t.sol:VestingFactoryTest
[PASS] test_clone_isIndependentOfImplementation() (gas: 293679)
[PASS] test_createVesting_deploysInitializedFundedClone() (gas: 264041)
[PASS] test_createVesting_emitsEvent() (gas: 259604)
[PASS] test_createVesting_invalidParamsBubbleUp() (gas: 83275)
[PASS] test_createVesting_registersWalletPerBeneficiary() (gas: 474307)
[PASS] test_createVesting_revertsWithoutFunds() (gas: 252082)
[PASS] test_createVesting_zeroAmountIsUnfundedShell() (gas: 259288)
[PASS] test_createVesting_zeroAmountSkipsTransferFrom() (gas: 230365)
[PASS] test_implementation_cannotBeInitialized() (gas: 21102)
Suite result: ok. 9 passed; 0 failed; 0 skipped; finished in 2.86ms (2.62ms CPU time)

Ran 6 tests for test/audit-181b/VestingFactory_pagination.t.sol:VestingFactoryPaginationTest
[PASS] test_walletCountOf_matchesNumberCreated() (gas: 596179)
[PASS] test_walletsOfPaginated_clampsLimitToMaxPageLimit() (gas: 19442468)
[PASS] test_walletsOfPaginated_emptyForBeneficiaryWithNoWallets() (gas: 12865)
[PASS] test_walletsOfPaginated_matchesWalletsOfSlice() (gas: 967190)
[PASS] test_walletsOfPaginated_offsetAtOrPastTotalReturnsEmpty() (gas: 407801)
[PASS] test_walletsOfPaginated_offsetPlusLimitOverflowDoesNotRevert() (gas: 222117)
Suite result: ok. 6 passed; 0 failed; 0 skipped; finished in 1.62ms (1.40ms CPU time)

Ran 6 tests for test/pricing/WoodPoolFeed.t.sol:WoodPoolFeedLedgerTest
[PASS] test_aPoolBelowTheDepthFloorHaltsTheProposePath() (gas: 94659)
[PASS] test_aReadingOlderThanMaxDelayIsRejected() (gas: 162262)
[PASS] test_aV3RingThatCannotServeTheWindowHaltsTheProposePath() (gas: 64952)
[PASS] test_swappingInAPlainAggregatorIsOneCall() (gas: 277829)
[PASS] test_theCapStillBindsThePoolFeed() (gas: 72728)
[PASS] test_theLedgerPricesWoodOffThePoolFeed() (gas: 62908)
Suite result: ok. 6 passed; 0 failed; 0 skipped; finished in 812.58µs (317.04µs CPU time)

Ran 29 tests for test/pricing/WoodPoolFeed.t.sol:WoodPoolFeedTest
[PASS] test_aCardinalityOneRingMakesTheFeedUnavailable() (gas: 195118)
[PASS] test_aHundredXSpikeHeldThreeMinutesMovesTheAnswerByAtMostItsTimeShareOfTheWindow() (gas: 233215)
[PASS] test_aMalformedObserveResponseMakesTheFeedUnavailable() (gas: 195177)
[PASS] test_aNegativeMeanTickRoundsTowardNegativeInfinity() (gas: 260546)
[PASS] test_aNonPositiveEthAnswerMakesTheFeedUnavailable() (gas: 181711)
[PASS] test_aPoolBelowTheDepthFloorCannotBeSnapshot() (gas: 236402)
[PASS] test_aPoolBelowTheDepthFloorMakesTheFeedUnavailable() (gas: 187756)
[PASS] test_aPositiveMeanTickIsNotRoundedDown() (gas: 2365709)
[PASS] test_aSnapshotSpanAboveTheCeilingMakesTheFeedUnavailable() (gas: 158916)
[PASS] test_aSpikeLeftIdleUntilTheNextSnapshotCountsForTheWholeIdleSpan() (gas: 239761)
[PASS] test_aStaleEthLegMakesTheFeedUnavailable() (gas: 183951)
[PASS] test_aSustainedCrashInTheV3PoolIsTracked() (gas: 204614)
[PASS] test_aTickAboveTheSquaringBoundIsPricedThroughTheWideBranch() (gas: 229219)
[PASS] test_aV3PoolBelowTheLiquidityFloorMakesTheFeedUnavailable() (gas: 194853)
[PASS] test_anObserveThatRevertsMakesTheFeedUnavailable() (gas: 213926)
[PASS] test_constructorRefusesAPairThatDoesNotHoldWoodAndWeth() (gas: 67796)
[PASS] test_constructorRefusesAV3PoolThatDoesNotHoldWoodAndWeth() (gas: 688724)
[PASS] test_constructorRefusesAWindowBelowTwentyFourHours() (gas: 45819)
[PASS] test_constructorRefusesAZeroV3LiquidityFloor() (gas: 45755)
[PASS] test_constructorRefusesTheSameVenueTwice() (gas: 43168)
[PASS] test_isUnavailableUntilAFullWindowHasBeenSpanned() (gas: 122645)
[PASS] test_pricesTheTwoPoolsInUsdAtEightDecimals() (gas: 185187)
[PASS] test_theFeedStaysFreshAcrossWindowsInWhichThePoolNeverTrades() (gas: 294282)
[PASS] test_theV2LegManipulatedAloneCannotRaiseTheAnswer() (gas: 236938)
[PASS] test_theV3LegIsAveragedOverExactlyTheConfiguredWindow() (gas: 191682)
[PASS] test_theV3LegIsOrientedFromThePoolsOwnTokenOrdering() (gas: 2334771)
[PASS] test_theV3LegManipulatedAloneCannotRaiseTheAnswer() (gas: 202461)
[PASS] test_updateIsPermissionless() (gas: 185006)
[PASS] test_updatedAtIsTheOlderOfTheTwoLegs() (gas: 215274)
Suite result: ok. 29 passed; 0 failed; 0 skipped; finished in 2.71ms (2.41ms CPU time)

Ran 6 tests for test/GuardianRegistry.t.sol:GuardianRegistryParamTest
[PASS] test_setBlockQuorumBps_boundsEnforced() (gas: 52428)
[PASS] test_setReviewPeriod_boundsEnforced() (gas: 73353)
[PASS] test_setReviewPeriod_ownerInstant() (gas: 50637)
[PASS] test_setReviewPeriod_revertsAboveCooldown() (gas: 48206)
[PASS] test_setReviewPeriod_succeedsAtOrBelowCooldown() (gas: 54406)
[PASS] test_setters_onlyOwner() (gas: 28304)
Suite result: ok. 6 passed; 0 failed; 0 skipped; finished in 631.25µs (129.42µs CPU time)

Ran 5 tests for test/GuardianRegistry.t.sol:GuardianRegistryPauseTest
[PASS] test_pause_freezesVoteOnProposal() (gas: 156361)
[PASS] test_pause_onlyOwner() (gas: 18782)
[PASS] test_unpause_byOwner_immediate() (gas: 39418)
[PASS] test_unpause_deadman_afterDelay() (gas: 43440)
[PASS] test_unpause_deadman_beforeDelay_reverts() (gas: 49573)
Suite result: ok. 5 passed; 0 failed; 0 skipped; finished in 709.67µs (110.33µs CPU time)

Ran 8 tests for test/GuardianRegistry.t.sol:GuardianRegistryResolveTest
[PASS] test_cancelUnstake_slashedResidue_allowsCancelButKeepsSlash() (gas: 720065)
[PASS] test_resolveReview_belowQuorum_returnsFalse_noSlash() (gas: 565037)
[PASS] test_resolveReview_idempotent() (gas: 604066)
[PASS] test_resolveReview_noReviewOpened_returnsFalse() (gas: 77264)
[PASS] test_resolveReview_quorumReached_slashesApprovers_burnsWood() (gas: 839240)
[PASS] test_resolveReview_revertsBeforeReviewEnd() (gas: 88848)
[PASS] test_resolveReview_slashesOnlyVoteSnapshot_notTopUp() (gas: 735456)
[PASS] test_resolveReview_thinCohortBlocksOnUnanimousBlockVotes() (gas: 556889)
Suite result: ok. 8 passed; 0 failed; 0 skipped; finished in 3.89ms (3.25ms CPU time)

Ran 7 tests for test/GuardianRegistry.t.sol:GuardianRegistryVoteChangeTest
[PASS] test_firstVote_inLockoutWindow_reverts() (gas: 50570)
[PASS] test_firstVote_justBeforeLockout_succeeds() (gas: 124338)
[PASS] test_voteChange_approveToBlock_updatesArraysAndTallies() (gas: 517431)
[PASS] test_voteChange_blockToApprove_revertsIfApproverCapFull() (gas: 37913003)
[PASS] test_voteChange_inLockoutWindow_reverts() (gas: 274175)
[PASS] test_voteChange_justBeforeLockout_succeeds() (gas: 237619)
[PASS] test_voteChange_sameSide_revertsNoVoteChange() (gas: 270537)
Suite result: ok. 7 passed; 0 failed; 0 skipped; finished in 7.88ms (7.21ms CPU time)

Ran 9 tests for test/GuardianRegistry.t.sol:GuardianRegistryVoteTest
[PASS] test_voteOnProposal_approve_updatesApprovers_andWeight() (gas: 312681)
[PASS] test_voteOnProposal_block_updatesBlockers_andWeight() (gas: 171830)
[PASS] test_voteOnProposal_capHitEmitsEventAndReverts() (gas: 38156705)
[PASS] test_voteOnProposal_hundredDustBlockersCannotCensorAnHonestBlock() (gas: 28750646)
[PASS] test_voteOnProposal_revertsAfterReviewEnd() (gas: 88646)
[PASS] test_voteOnProposal_revertsIfNotActiveGuardian() (gas: 90756)
[PASS] test_voteOnProposal_revertsIfReviewNotOpen() (gas: 23640)
[PASS] test_voteOnProposal_revertsIfSupportIsNone() (gas: 84490)
[PASS] test_voteOnProposal_snapshotsStake_topUpNeitherInflatesNorDeflates() (gas: 337365)
Suite result: ok. 9 passed; 0 failed; 0 skipped; finished in 12.38ms (11.69ms CPU time)

Ran 3 tests for test/GuardianRegistryCompositeKey.t.sol:GuardianRegistryCompositeKeyTest
[PASS] test_emergencyCallsIsolatedAcrossGovernors() (gas: 363776)
[PASS] test_emergencyResolveSlashesCorrectVault() (gas: 798624)
[PASS] test_reviewStateIsolatedAcrossGovernors() (gas: 501811)
Suite result: ok. 3 passed; 0 failed; 0 skipped; finished in 1.32ms (461.62µs CPU time)

Ran 4 tests for test/GuardianRegistryLayoutPins.t.sol:GuardianRegistryLayoutPinsTest
[PASS] test_layout_exposureLedgerPinnedToSlot21() (gas: 51709)
[PASS] test_layout_gapStartsAtSlot22() (gas: 49154)
[PASS] test_layout_paramsAndPrivilegedPinned() (gas: 8023)
[PASS] test_layout_vaultOfPinnedToSlot20() (gas: 108272)
Suite result: ok. 4 passed; 0 failed; 0 skipped; finished in 322.33µs (58.04µs CPU time)

Ran 9 tests for test/GuardianRegistryOutcome.t.sol:GuardianRegistryOutcomeTest
[PASS] testFuzz_outcomeOf_agreesWithResolveReview(uint128,uint128,bool) (runs: 256, μ: 469979, ~: 480377)
[PASS] test_outcomeOf_blockedAtQuorum() (gas: 239706)
[PASS] test_outcomeOf_cachedClearedSurvivesLateBlockInflation() (gas: 192514)
[PASS] test_outcomeOf_clearedBelowQuorum() (gas: 307370)
[PASS] test_outcomeOf_clearedWhenNeverOpened() (gas: 29415)
[PASS] test_outcomeOf_reportsCachedAfterResolve() (gas: 256549)
[PASS] test_outcomeOf_thinCohortUnanimousBlockIsBlocked() (gas: 530178)
[PASS] test_outcomeOf_unregisteredIsUnresolved() (gas: 17645)
[PASS] test_outcomeOf_unresolvedBeforeReviewEnd() (gas: 87302)
Suite result: ok. 9 passed; 0 failed; 0 skipped; finished in 45.30ms (44.71ms CPU time)

Ran 4 tests for test/GuardianRegistryPauseIntegration.t.sol:GuardianRegistryPauseIntegrationTest
[PASS] test_pause_deadman_6days23h59m59s_strangerReverts() (gas: 49573)
[PASS] test_pause_deadman_7days_thenAnyoneUnpauses() (gas: 61472)
[PASS] test_pause_freezesVoteOnProposal_butNotStakeOrUnstake() (gas: 829915)
[PASS] test_pause_whenAlreadyPaused_reverts() (gas: 48738)
Suite result: ok. 4 passed; 0 failed; 0 skipped; finished in 801.62µs (239.00µs CPU time)

Ran 7 tests for test/GuardianRegistryRegisterReview.t.sol:GuardianRegistryRegisterReviewTest
[PASS] test_addGovernor_recordsVault() (gas: 92560)
[PASS] test_initialize_revertsOnReviewPeriodBelowFloor() (gas: 4375233)
[PASS] test_registerReview_revertsForNonGovernor() (gas: 17070)
[PASS] test_registerReview_revertsOnInvalidWindow() (gas: 19432)
[PASS] test_registerReview_revertsOnReRegister() (gas: 54282)
[PASS] test_registerReview_revertsOnZeroLengthWindow() (gas: 19318)
[PASS] test_registerReview_storesWindow() (gas: 52944)
Suite result: ok. 7 passed; 0 failed; 0 skipped; finished in 650.04µs (202.62µs CPU time)

Ran 7 tests for test/GuardianRegistrySeverity.t.sol:GuardianRegistrySeverityTest
[PASS] test_severity_ceilingAtSupermajority() (gas: 1140706)
[PASS] test_severity_collapsedBandSingleValue() (gas: 1159866)
[PASS] test_severity_degenerateQuorumAboveSupermajority() (gas: 1151959)
[PASS] test_severity_floorAtScrapedQuorum() (gas: 1141026)
[PASS] test_severity_quadraticMidpoint() (gas: 1141525)
[PASS] test_severity_respectsRaisedFloor() (gas: 1152083)
[PASS] test_vote_blockCarriesNoSeverityArg() (gas: 592596)
Suite result: ok. 7 passed; 0 failed; 0 skipped; finished in 1.76ms (1.19ms CPU time)

Ran 7 tests for test/audit-2/GuardianRegistry_basisAndWiring.t.sol:GuardianRegistry_basisAndWiringTest
[PASS] test_initialize_acceptsInRangeBlockQuorumBps() (gas: 4208657)
[PASS] test_initialize_rejectsBlockQuorumBpsAboveTenThousand() (gas: 4047722)
[PASS] test_initialize_rejectsZeroBlockQuorumBps() (gas: 4047825)
[PASS] test_setExposureLedger_codelessLedgerRevertsWiringTx() (gas: 33379)
[PASS] test_setExposureLedger_wellFormedLedgerStillWiresCleanly() (gas: 2901134)
[PASS] test_voteOnProposal_freshStakeAttackerCannotContributeToBlockNumerator() (gas: 738549)
[PASS] test_voteOnProposal_matureGuardianWeightIsNotClamped() (gas: 567840)
Suite result: ok. 7 passed; 0 failed; 0 skipped; finished in 1.21ms (686.79µs CPU time)

Ran 8 tests for test/audit-fixes/Vault_she206ResidualDustBypass.t.sol:VaultShe206ResidualDustBypassTest
[PASS] testFuzz_performanceFeeBaseIsMinOfViewAndRealizedPnl(uint256) (runs: 256, μ: 3538437, ~: 3541723)
[PASS] test_donationBetweenSettlementsIsNeverChargedAsPerformanceFee() (gas: 2896045)
[PASS] test_perfBaseNeverExceedsRealizedPnl_lossUnderAStaleMarkChargesNothing() (gas: 3477452)
[PASS] test_perfBaseNeverExceedsRealizedPnl_oneWeiBurnedToDead() (gas: 3542866)
[PASS] test_perfBaseNeverExceedsRealizedPnl_oneWeiNoDonation() (gas: 3444650)
[PASS] test_perfBaseNeverExceedsRealizedPnl_oneWeiWithDonation() (gas: 3452583)
[PASS] test_performanceFeeBaseNeverExceedsTheProposalsRealizedPnl() (gas: 3555050)
[PASS] test_shareSupplyIsConstantBetweenExecuteAndSettle() (gas: 4168195)
Suite result: ok. 8 passed; 0 failed; 0 skipped; finished in 482.73ms (481.58ms CPU time)

Ran 1 test for test/audit-fixes/Vault_she256MaxDeposit.t.sol:Vault_she256MaxDepositTest
[PASS] test_maxDepositIsZeroWhileAProposalIsOpenOrTheCallerIsNotWhitelisted() (gas: 383721)
Suite result: ok. 1 passed; 0 failed; 0 skipped; finished in 769.12µs (157.08µs CPU time)

Ran 4 tests for test/strategies/MorphoSupplyStrategy.t.sol:MorphoSupplySettlementTest
[PASS] test_settle_atPinnedUtilization_revertsRatherThanDeliveringPartially() (gas: 250487)
[PASS] test_settle_revertsRatherThanDeliveringPartially_whenMorphoIsFlashDrained() (gas: 260858)
[PASS] test_settle_succeedsOnRetryOnceLiquidityReturns() (gas: 312523)
[PASS] test_settle_whenFullyLiquid_unwindsCompletelyWithInterest() (gas: 314285)
Suite result: ok. 4 passed; 0 failed; 0 skipped; finished in 937.75µs (454.75µs CPU time)

Ran 10 tests for test/strategies/MorphoSupplyStrategy.t.sol:MorphoSupplyStrategyTest
[PASS] test_execute_onlyVault() (gas: 13556)
[PASS] test_execute_suppliesToMarket() (gas: 189174)
[PASS] test_init_revertsOnLoanAssetMismatch() (gas: 602396)
[PASS] test_init_revertsOnUncreatedMarket() (gas: 143298)
[PASS] test_init_revertsOnZeroAmount() (gas: 130452)
[PASS] test_init_revertsOnZeroMorpho() (gas: 110827)
[PASS] test_init_storesMarketAndAmount() (gas: 48637)
[PASS] test_settle_fullUnwind_includesAccruedInterest() (gas: 314359)
[PASS] test_settle_fullUnwind_noInterest() (gas: 217712)
[PASS] test_updateParams_reverts() (gas: 180203)
Suite result: ok. 10 passed; 0 failed; 0 skipped; finished in 935.21µs (465.38µs CPU time)

Ran 9 tests for test/pashov-audit/MorphoSupplyStrategy_singletonBinding.t.sol:MorphoSupplyStrategy_singletonBindingTest
[PASS] test_execute_revertsWhenSingletonDemotedAfterInit() (gas: 392176)
[PASS] test_hostileSingletonDrainsTheVaultWhenAllowlisted() (gas: 632461)
[PASS] test_init_failsClosedWhenGovernorHasNoRegistryGetter() (gas: 186758)
[PASS] test_init_failsClosedWhenRegistryUnset() (gas: 125791)
[PASS] test_init_failsClosedWhenResolvedRegistryCannotAnswer() (gas: 186799)
[PASS] test_init_hostileSingletonSelfAttestsButIsRejected() (gas: 349562)
[PASS] test_init_revertsWhenSingletonNotAllowlisted() (gas: 133039)
[PASS] test_init_succeedsWhenSingletonAllowlisted() (gas: 363481)
[PASS] test_settle_notGatedByAllowlist() (gas: 455556)
Suite result: ok. 9 passed; 0 failed; 0 skipped; finished in 809.54µs (419.96µs CPU time)

Ran 2 tests for test/invariants/VaultSolvencyInvariant.t.sol:VaultSolvencyColdStartInvariantTest
[PASS] invariant_vaultSolvency_coldStart() (runs: 256, calls: 128000, reverts: 0)

╭----------------------+---------------+-------+---------+----------╮
| Contract             | Selector      | Calls | Reverts | Discards |
+===================================================================+
| VaultSolvencyHandler | depositRandom | 63527 | 0       | 0        |
|----------------------+---------------+-------+---------+----------|
| VaultSolvencyHandler | redeemRandom  | 64473 | 0       | 0        |
╰----------------------+---------------+-------+---------+----------╯

[PASS] test_solvency_firstDepositorInflationAttack_blocked() (gas: 341063)
Suite result: ok. 2 passed; 0 failed; 0 skipped; finished in 49.46s (49.45s CPU time)

Ran 40 tests for test/governor/GovernorEmergency.t.sol:GovernorEmergencyTest
[PASS] test_blockedEmergencyRoundCannotBeReplacedByAnUnbondedOne() (gas: 2013184)
[PASS] test_cancelEmergencySettle_afterStandardSettle_reverts() (gas: 1755810)
[PASS] test_cancelEmergencySettle_belowQuorum_succeeds() (gas: 1644205)
[PASS] test_cancelEmergencySettle_clearsState() (gas: 1653749)
[PASS] test_cancelEmergencySettle_revertsAfterBlockQuorum() (gas: 1840099)
[PASS] test_capBreach_executeLeg_leavesProposalApproved() (gas: 1700039)
[PASS] test_capBreach_settleLeg_emergencyRescueSucceedsUnderEmptyCaps() (gas: 2031180)
[PASS] test_capBreach_settleLeg_leavesExecutedAndUnstickReplaysIdentically() (gas: 1893289)
[PASS] test_emergencyBatchIsHeldToTheSameRules() (gas: 1821127)
[PASS] test_emergencySettleWithCalls_callsLengthExceeds_reverts() (gas: 1645842)
[PASS] test_emergencySettleWithCalls_opensReviewWindow() (gas: 1742928)
[PASS] test_emergencySettleWithCalls_reopenAfterASubQuorumRoundRetiresItsVotes() (gas: 2151313)
[PASS] test_emergencySettleWithCalls_reopenAttemptLeavesTheBondAndRoundIntact() (gas: 2068396)
[PASS] test_emergencySettleWithCalls_reopenStillWorksWhenTheLastRoundWasNotBlocked() (gas: 1786928)
[PASS] test_emergencySettleWithCalls_revertsAtZeroBondEvenIfRegistryReportsNoRequirement() (gas: 1871049)
[PASS] test_emergencySettleWithCalls_revertsAtZeroBondUnderOpenOnboarding() (gas: 1887345)
[PASS] test_emergencySettleWithCalls_revertsIfInsufficientBond() (gas: 1869626)
[PASS] test_emergencySettleWithCalls_stillOpensAtZeroSentinelWithARealBond() (gas: 1755017)
[PASS] test_emergencySettle_blocked_revertsFinalize_ownerNotSlashed() (gas: 1931587)
[PASS] test_emergencySettle_notBlocked_finalizes() (gas: 1683478)
[PASS] test_emergencySettle_reopenWithoutCancel_reverts() (gas: 1755946)
[PASS] test_finalizeEmergencySettle_blocked_reverts() (gas: 1896887)
[PASS] test_finalizeEmergencySettle_notBlocked_executes() (gas: 1679270)
[PASS] test_finalizeEmergencySettle_revertsIfTheBondIsGoneByExecutionTime() (gas: 1903053)
[PASS] test_finalizeEmergencySettle_stillRunsWithTheBondPosted() (gas: 1660537)
[PASS] test_finalizeEmergencySettle_vaultSelfTargetingCalls_reverts() (gas: 1830963)
[PASS] test_finalize_afterStandardSettle_reverts() (gas: 1779265)
[PASS] test_isEmergencyOpen_lifecycle() (gas: 1719397)
[PASS] test_registryClearsCallsOnCancel() (gas: 1733345)
[PASS] test_registryStoresAndReturnsCalls() (gas: 1677930)
[PASS] test_reopenAfterCancel_revertsBeforeCooldownElapses() (gas: 1831660)
[PASS] test_reopenAfterCancel_startsFresh() (gas: 1907434)
[PASS] test_settleProposal_doesNotCancelOpenEmergencyReview() (gas: 1918059)
[PASS] test_standardSettleDoesNotCancelEmergencyViaRegistry() (gas: 1778890)
[PASS] test_subFloorSettlementIsClearedByFinalizeEmergencySettle() (gas: 1922665)
[PASS] test_unstick_afterDuration_runsPrecommitted() (gas: 1508315)
[PASS] test_unstick_beforeDuration_reverts() (gas: 1486862)
[PASS] test_unstick_doesNotRequireOwnerStake() (gas: 1643690)
[PASS] test_unstick_notVaultOwner_reverts() (gas: 1485940)
[PASS] test_voteBlockEmergencySettle_revertsAfterCancel() (gas: 1645177)
Suite result: ok. 40 passed; 0 failed; 0 skipped; finished in 90.57ms (87.73ms CPU time)

Ran 2 tests for test/audit-2/GovernorEmergency_coverageCaps.t.sol:GovernorEmergency_FinalizeCoverageCapsTest
[PASS] test_finalizeEmergencySettle_scaledCeiling_blocksOversizedRescue() (gas: 2185463)
[PASS] test_finalizeEmergencySettle_zeroEffectiveCeiling_honestRescueStillSucceeds() (gas: 1845253)
Suite result: ok. 2 passed; 0 failed; 0 skipped; finished in 9.51ms (6.72ms CPU time)

Ran 2 tests for test/audit-2/GovernorEmergency_coverageCaps.t.sol:GovernorEmergency_UnstickCoverageCapsTest
[PASS] test_unstick_fullCoverage_settleLegHasZeroEgressBudget() (gas: 1929561)
[PASS] test_unstick_replaysAtCoverageScaledCap_cannotWidenBeyondSettleProposal() (gas: 1938529)
Suite result: ok. 2 passed; 0 failed; 0 skipped; finished in 7.03ms (4.30ms CPU time)

Ran 18 tests for test/governor/GovernorHardening.t.sol:GovernorHardeningTest
[PASS] test_addVault_revertsOnNonVault() (gas: 272)
[PASS] test_cancelProposal_Draft_earlyOk() (gas: 1608518)
[PASS] test_cancelProposal_Draft_revertsNearQuorum() (gas: 1613788)
[PASS] test_cancelProposal_Draft_singleCoProposer_leadCanCancel() (gas: 1395351)
[PASS] test_emergencyCancel_revertsOnCancelledProposal() (gas: 1387133)
[PASS] test_emergencyCancel_revertsOnExpiredProposal() (gas: 1462016)
[PASS] test_emergencyCancel_revertsOnRejectedProposal() (gas: 1412845)
[PASS] test_executionWindow_snapshotAtPropose_collaborative() (gas: 1595404)
[PASS] test_getVoteWeight_postDraft_returnsSnapshot() (gas: 1550174)
[PASS] test_getVoteWeight_revertsIfDraft() (gas: 1332887)
[PASS] test_propose_revertsIfExecuteCallsExceedCap() (gas: 173345)
[PASS] test_propose_revertsIfMetadataURITooLong() (gas: 129799)
[PASS] test_propose_revertsIfSettlementCallsExceedCap() (gas: 173587)
[PASS] test_propose_revertsIfVaultHasPending() (gas: 1387155)
[PASS] test_propose_revertsWhenVaultHasDraft() (gas: 1341051)
[PASS] test_vetoThresholdBps_snapshotAtPropose() (gas: 1467137)
[PASS] test_veto_emptySupply_doesNotAutoReject() (gas: 1181459)
[PASS] test_votingPeriod_snapshotAtPropose_collaborative() (gas: 1600139)
Suite result: ok. 18 passed; 0 failed; 0 skipped; finished in 6.97ms (5.31ms CPU time)

Ran 5 tests for test/governor/GovernorLayoutPins.t.sol:GovernorLayoutPinsTest
[PASS] test_layout_appendedFieldsPinned() (gas: 25421)
[PASS] test_layout_lifecycleBasePrefixPinned() (gas: 8570)
[PASS] test_layout_maxCapitalBpsPinnedToSlot28() (gas: 46879)
[PASS] test_layout_paramsPrefixPinned() (gas: 9469)
[PASS] test_layout_planBFieldsPinned() (gas: 73456)
Suite result: ok. 5 passed; 0 failed; 0 skipped; finished in 780.75µs (109.29µs CPU time)

Ran 35 tests for test/GovernorParameters.t.sol:GovernorParametersTest
[PASS] test_allSetters_notOwner_revert() (gas: 130139)
[PASS] test_paramKeys_matchKeccak() (gas: 11753)
[PASS] test_protocolConfig_rejectsADegenerateCeiling() (gas: 22436)
[PASS] test_setCollaborationWindow_aboveMax_reverts() (gas: 25367)
[PASS] test_setCollaborationWindow_belowMin_reverts() (gas: 26094)
[PASS] test_setCollaborationWindow_happyPath() (gas: 58145)
[PASS] test_setCooldownPeriod_aboveMax_reverts() (gas: 25521)
[PASS] test_setCooldownPeriod_belowMin_reverts() (gas: 27230)
[PASS] test_setCooldownPeriod_happyPath() (gas: 59632)
[PASS] test_setExecutionWindow_aboveMax_reverts() (gas: 25345)
[PASS] test_setExecutionWindow_belowMin_reverts() (gas: 25676)
[PASS] test_setExecutionWindow_happyPath() (gas: 58849)
[PASS] test_setMaxCoProposers_aboveAbsoluteMax_reverts() (gas: 24630)
[PASS] test_setMaxCoProposers_happyPath() (gas: 58142)
[PASS] test_setMaxCoProposers_zero_reverts() (gas: 23275)
[PASS] test_setMaxPerformanceFeeBps_aboveCap_reverts() (gas: 22527)
[PASS] test_setMaxPerformanceFeeBps_happyPath() (gas: 59108)
[PASS] test_setMaxStrategyDuration_aboveAbsoluteMax_reverts() (gas: 25212)
[PASS] test_setMaxStrategyDuration_allowsLongHorizon() (gas: 56708)
[PASS] test_setMaxStrategyDuration_belowCurrentMin_reverts() (gas: 26457)
[PASS] test_setMaxStrategyDuration_happyPath() (gas: 67188)
[PASS] test_setMaxStrategyDuration_respectsTheProtocolCeiling() (gas: 97193)
[PASS] test_setMaxStrategyDuration_unsetCeilingIsUnbounded() (gas: 60038)
[PASS] test_setMinStrategyDuration_aboveCurrentMax_reverts() (gas: 27002)
[PASS] test_setMinStrategyDuration_belowAbsoluteMin_reverts() (gas: 26248)
[PASS] test_setMinStrategyDuration_happyPath() (gas: 59653)
[PASS] test_setProtocolFeeRecipient_happyPath() (gas: 27181)
[PASS] test_setProtocolFeeRecipient_zero_reverts() (gas: 15236)
[PASS] test_setVetoThresholdBps_aboveMax_reverts() (gas: 24809)
[PASS] test_setVetoThresholdBps_belowMin_reverts() (gas: 27032)
[PASS] test_setVetoThresholdBps_happyPath() (gas: 59575)
[PASS] test_setVotingPeriod_aboveMax_reverts() (gas: 27647)
[PASS] test_setVotingPeriod_belowMin_reverts() (gas: 25998)
[PASS] test_setVotingPeriod_happyPath() (gas: 59941)
[PASS] test_setters_beforeInit_revertOwnable() (gas: 7254295)
Suite result: ok. 35 passed; 0 failed; 0 skipped; finished in 2.44ms (1.66ms CPU time)

Ran 4 tests for test/governor/GovernorReentrancy.t.sol:GovernorReentrancyTest
[PASS] test_cancelProposal_revertsOnReentry() (gas: 1190125)
[PASS] test_emergencyCancel_revertsOnReentry() (gas: 1196568)
[PASS] test_vetoProposal_revertsOnReentry() (gas: 1194390)
[PASS] test_vote_hasNonReentrantGuard() (gas: 1192372)
Suite result: ok. 4 passed; 0 failed; 0 skipped; finished in 3.66ms (1.51ms CPU time)

Ran 5 tests for test/audit-181/Governor_capCollabAndFees.t.sol:Governor_capCollabAndFeesTest
[PASS] test_cancelProposal_draftNearQuorum_reverts() (gas: 1040792)
[PASS] test_executeProposal_liveCeilingShrunkByRedemption_reverts() (gas: 1243132)
[PASS] test_executeProposal_liveCeilingUnchanged_stillSucceeds() (gas: 1310693)
[PASS] test_rejectCollaboration_draftNearQuorum_reverts() (gas: 1041641)
[PASS] test_removeCoProposer_beforeSettle_doesNotInflateLeadShare() (gas: 1739229)
Suite result: ok. 5 passed; 0 failed; 0 skipped; finished in 7.85ms (3.33ms CPU time)

Ran 3 tests for test/audit-fixes/Governor_emergencyCancelOnSettle.t.sol:Governor_emergencyCancelOnSettle_Test
[PASS] test_owner_canStillCancelEmergency_explicitly() (gas: 1637958)
[PASS] test_settleProposal_doesNotCancelOpenEmergency_whenBlockVotesPresent() (gas: 1911938)
[PASS] test_settleProposal_doesNotCancelOpenEmergency_whenNoBlockVotes() (gas: 1783101)
Suite result: ok. 3 passed; 0 failed; 0 skipped; finished in 4.17ms (2.07ms CPU time)

Ran 6 tests for test/audit-fixes/Governor_proposeCooldown.t.sol:GovernorProposeCooldownTest
[PASS] test_cancelThenProposeAfterCooldownSucceeds() (gas: 1871639)
[PASS] test_cancelThenProposeWithinCooldownReverts() (gas: 1066649)
[PASS] test_firstProposalIgnoresTheZeroSettleClock() (gas: 990918)
[PASS] test_lpGetsOneCooldownOfOpenExitPerCancelCycle() (gas: 5134992)
[PASS] test_newCooldownAppliesFromTheNextTerminalEvent() (gas: 2728737)
[PASS] test_ownerCannotShrinkAnOpenExitWindowFromInsideIt() (gas: 1931460)
Suite result: ok. 6 passed; 0 failed; 0 skipped; finished in 9.11ms (7.44ms CPU time)

Ran 4 tests for test/audit-fixes/Governor_proposeTargetValidation.t.sol:GovernorProposeTargetValidationTest
[PASS] test_claimUnclaimedFees_ordinaryClaim_stillPaysUnderLatch() (gas: 1578117)
[PASS] test_claimUnclaimedFees_reentrantMidBatch_reverts() (gas: 1636628)
[PASS] test_propose_acceptsBenignProposal() (gas: 1011795)
[PASS] test_propose_rejectsVaultTargetInExecuteCalls() (gas: 109759)
Suite result: ok. 4 passed; 0 failed; 0 skipped; finished in 3.26ms (1.62ms CPU time)

Ran 5 tests for test/audit-fixes/Governor_proposerSelfSettle_minDuration.t.sol:Governor_proposerSelfSettle_minDuration_Test
[PASS] test_nonProposer_atMinDuration_reverts() (gas: 1173594)
[PASS] test_nonProposer_atStrategyDuration_succeeds() (gas: 1187333)
[PASS] test_proposerSelfSettle_atMinDuration_succeeds() (gas: 1185030)
[PASS] test_proposerSelfSettle_belowMinDuration_reverts() (gas: 1171111)
[PASS] test_proposerSelfSettle_sameBlock_reverts() (gas: 1170379)
Suite result: ok. 5 passed; 0 failed; 0 skipped; finished in 3.68ms (2.32ms CPU time)

Ran 12 tests for test/fees/FeeConstantsCap.t.sol:FeeConstantsCapTest
[PASS] test_aVaultThatNeverSetsARateChargesTheDefault() (gas: 8117)
[PASS] test_bothConsumersAgreeOnTheCeiling() (gas: 13055)
[PASS] test_bpsDenominatorIsFullBasisPoints() (gas: 731)
[PASS] test_ceilingLeavesRoomForTheTwentyPercentHeadline() (gas: 661)
[PASS] test_ceilingPropagatesToGovernorPerformanceFeeCap() (gas: 6107)
[PASS] test_ceilingPropagatesToVaultAgentFeeCap() (gas: 7319)
[PASS] test_defaultAgentFeeDoesNotExceedThePerVaultCeiling() (gas: 815)
[PASS] test_defaultAgentFeeIsTheHeadline() (gas: 595)
[PASS] test_defaultPerVaultCeilingIsTheHeadline() (gas: 485)
[PASS] test_defaultPerVaultCeilingSitsStrictlyBelowTheProtocolCeiling() (gas: 419)
[PASS] test_everyRateFitsWithinTheDenominator() (gas: 338)
[PASS] test_performanceFeeCeilingIsTwentyFivePercent() (gas: 703)
Suite result: ok. 12 passed; 0 failed; 0 skipped; finished in 853.58µs (81.58µs CPU time)

Ran 12 tests for test/fees/FeeDistribution.t.sol:FeeDistributionTest
[PASS] test_aBrickedRecipientDoesNotBrickSettlement() (gas: 1562260)
[PASS] test_aFlatProposalStillPaysTheManagementFee() (gas: 1453163)
[PASS] test_aLosingProposalStillPaysTheManagementFee() (gas: 1481277)
[PASS] test_aProfitableProposalChargesBothFees() (gas: 1550708)
[PASS] test_aRecoveryToThePreviousPeakChargesNoPerformanceFee() (gas: 2765558)
[PASS] test_anUnpayableFeeIsEscrowedAndRecoverable() (gas: 1562134)
[PASS] test_depositorsKeepTheRemainder() (gas: 1540431)
[PASS] test_theGapBetweenProposalsIsFree() (gas: 2659570)
[PASS] test_theManagementFeeCanPushASettlementBelowTheMark() (gas: 1453093)
[PASS] test_theManagementFeeIsAnnounced() (gas: 1455663)
[PASS] test_theManagementFeeSplitsThreeWays() (gas: 1459478)
[PASS] test_theSplitsDivideOneBaseAndSumBackToIt() (gas: 1546769)
Suite result: ok. 12 passed; 0 failed; 0 skipped; finished in 32.34ms (30.43ms CPU time)

Ran 12 tests for test/fizz/FoundryTester.sol:FoundryTester
[PASS] test_challengeableProposal_skipsAConvictedProposal() (gas: 4058567)
[PASS] test_challengeableProposal_skipsAProposalThisChallengerAlreadyFiled() (gas: 3109037)
[PASS] test_fizz_proposalLaneRecoversAfterOwnerRequestsUnstake() (gas: 1301223)
[PASS] test_fizz_proposalLaneRecoversAfterSlashOwnerBond() (gas: 1374851)
[PASS] test_fizz_recordApprovalStillBooksUnderTheFuzzDistribution() (gas: 12335836)
[PASS] test_lifecycleProbe() (gas: 2192729)
[PASS] test_lifecycleProbe_toConviction() (gas: 3979547)
[PASS] test_property_GL14_ledgerClauseHasTeeth() (gas: 3315442)
[PASS] test_sequence() (gas: 503)
[PASS] test_setupSanity() (gas: 164147)
[PASS] test_triage_GL09() (gas: 291558)
[PASS] test_triage_GL16() (gas: 1180179)
Suite result: ok. 12 passed; 0 failed; 0 skipped; finished in 51.98ms (29.39ms CPU time)

Ran 5 tests for test/governor/GovernorAdapterBinding.t.sol:GovernorStrategyOnProposalTest
[PASS] test_propose_storesStrategyOnProposal() (gas: 1175335)
[PASS] test_strategy_immutableOnceProposed() (gas: 1227811)
[PASS] test_vault_activeStrategyAdapter_resolvesAfterExecute() (gas: 1508106)
[PASS] test_vault_activeStrategyAdapter_zeroAfterSettle() (gas: 1568047)
[PASS] test_vault_activeStrategyAdapter_zeroBeforeExecute() (gas: 1157011)
Suite result: ok. 5 passed; 0 failed; 0 skipped; finished in 13.35ms (3.47ms CPU time)

Ran 4 tests for test/GovernorBeacon.t.sol:GovernorBeaconTest
[PASS] test_implementationIsImplA() (gas: 9828)
[PASS] test_ownerIsMultisig() (gas: 9894)
[PASS] test_upgradeToOnlyOwner() (gas: 13019)
[PASS] test_upgradeToUpgradesAllProxies() (gas: 264026)
Suite result: ok. 4 passed; 0 failed; 0 skipped; finished in 290.83µs (125.71µs CPU time)

Ran 41 tests for test/GovernorCoverageGates.t.sol:GovernorCoverageGatesTest
[PASS] test_execute_coveredByApprovers_succeeds() (gas: 1628327)
[PASS] test_execute_dustCoverage_floorsEffectiveMaxCapitalToZero() (gas: 1611803)
[PASS] test_execute_highestTierWithCoverageAndNoApprovers_stillRequiresTheQuorum() (gas: 1328469)
[PASS] test_execute_ledgerUnwired_skipsQuorum() (gas: 1244173)
[PASS] test_execute_perCallCapsScaleByTheSameCoverageRatio() (gas: 2288436)
[PASS] test_execute_staleFeedBlocksQuorum() (gas: 1520956)
[PASS] test_execute_surplusCoverage_effectiveMaxCapitalEqualsDeclared() (gas: 1630613)
[PASS] test_execute_tier0WithCoverageAndNoApprovers_reverts() (gas: 4151392)
[PASS] test_execute_tier0WithCoveringApprover_succeeds() (gas: 4449224)
[PASS] test_execute_tier2NoApprovers_reverts() (gas: 1322048)
[PASS] test_execute_underCoveredApprovers_executesAtScaledSize() (gas: 1637682)
[PASS] test_execute_zeroRequiredCoverage_passesOptimistically() (gas: 4100849)
[PASS] test_propose_bondBindsToEscrowAtProposeTime() (gas: 1714939)
[PASS] test_propose_collaborativeDraft_bondsAndStaysDraft() (gas: 1375526)
[PASS] test_propose_collaborative_reentrantWoodCannotExpireDraft() (gas: 2570256)
[PASS] test_propose_escrowUnwired_capEnforcedNoBond() (gas: 1952163)
[PASS] test_propose_insufficientWoodAllowanceReverts() (gas: 1091923)
[PASS] test_propose_ledgerUnwired_skipsGates() (gas: 962310)
[PASS] test_propose_locksRiskScaledBond() (gas: 1146894)
[PASS] test_propose_revertsOverCoveredTvlCap() (gas: 964783)
[PASS] test_propose_zeroBondBps_noLockBond() (gas: 1027840)
[PASS] test_reclaimBond_activeProposalReverts() (gas: 1130234)
[PASS] test_reclaimBond_afterCancel() (gas: 1088330)
[PASS] test_reclaimBond_afterExpiry() (gas: 1118085)
[PASS] test_reclaimBond_afterRejected() (gas: 1174902)
[PASS] test_reclaimBond_challengeableUntilAboveTheWindow_waitsForIt() (gas: 1863415)
[PASS] test_reclaimBond_executedProposalReverts() (gas: 1635491)
[PASS] test_reclaimBond_forfeitedBond_acknowledgesInstead() (gas: 1771752)
[PASS] test_reclaimBond_freezerThatCannotAnswer_failsClosedButIsRecoverable() (gas: 1863816)
[PASS] test_reclaimBond_gameWindowAboveTheLedgers_waitsForTheGame() (gas: 1864530)
[PASS] test_reclaimBond_gameWiredNeverChallenged_opensOneSecondPastTheDeadline() (gas: 1845232)
[PASS] test_reclaimBond_holdSpansTheStrategyTermNotJustTheWindow() (gas: 1860867)
[PASS] test_reclaimBond_idempotent() (gas: 1091238)
[PASS] test_reclaimBond_noBondReverts() (gas: 1017960)
[PASS] test_reclaimBond_permissionlessPaysProposer() (gas: 1093571)
[PASS] test_reclaimBond_prePinFallback_failsClosedWhenLiveLedgerIsAlsoUnset() (gas: 1737591)
[PASS] test_reclaimBond_prePinFallsBackToLiveLedger() (gas: 1727659)
[PASS] test_reclaimBond_rePointedLedgerCannotDetachTheGate() (gas: 1861011)
[PASS] test_reclaimBond_releasesAgainstStoredEscrow() (gas: 1641406)
[PASS] test_reclaimBond_unsetCoverageFreezer_reclaimsOnTheOrdinarySchedule() (gas: 1698349)
[PASS] test_settle_reusesStoredEffectiveMaxCapital_despiteCoverageCollapsingBeforeSettle() (gas: 1982360)
Suite result: ok. 41 passed; 0 failed; 0 skipped; finished in 122.28ms (117.80ms CPU time)

Ran 10 tests for test/GuardianRegistry.t.sol:GuardianRegistryEmergencyTest
[PASS] test_cancelEmergency_onlyGovernor() (gas: 169417)
[PASS] test_finalizeEmergency_beforeEnd_reverts() (gas: 169843)
[PASS] test_finalizeEmergency_belowQuorum_returnsFalse() (gas: 231393)
[PASS] test_finalizeEmergency_idempotent() (gas: 309064)
[PASS] test_finalizeEmergency_quorumReached_slashesOwner_burnsWood() (gas: 312521)
[PASS] test_finalizeEmergency_zeroElectorateReturnsFalse() (gas: 693580)
[PASS] test_openEmergency_onlyGovernor() (gas: 20159)
[PASS] test_openEmergency_snapshotsTotalStakeAtOpen() (gas: 1453054)
[PASS] test_voteBlockEmergencySettle_revertsIfDoubleVote() (gas: 212394)
[PASS] test_voteBlockEmergencySettle_updatesTally() (gas: 206479)
Suite result: ok. 10 passed; 0 failed; 0 skipped; finished in 9.94ms (8.57ms CPU time)

Ran 2 tests for test/GuardianRegistry.t.sol:GuardianRegistryInitTest
[PASS] test_initialize_revertsOnZeroSwood() (gas: 4045371)
[PASS] test_initialize_setsFields() (gas: 46687)
Suite result: ok. 2 passed; 0 failed; 0 skipped; finished in 1.20ms (192.12µs CPU time)

Ran 6 tests for test/GuardianRegistry.t.sol:GuardianRegistryOpenReviewTest
[PASS] test_openReview_idempotent() (gas: 1614969)
[PASS] test_openReview_neverReopensACancelledReview() (gas: 1370890)
[PASS] test_openReview_revertsBeforeVoteEnd() (gas: 1327753)
[PASS] test_openReview_revertsIfProposalMissing() (gas: 26083)
[PASS] test_openReview_snapshotsTotalStakeAtOpen() (gas: 1367891)
[PASS] test_openReview_thinCohortOpensNormally() (gas: 918292)
Suite result: ok. 6 passed; 0 failed; 0 skipped; finished in 2.11ms (1.11ms CPU time)

Ran 7 tests for test/GuardianRegistry.t.sol:GuardianRegistryAppealTest
[PASS] test_fundSlashAppealReserve_onlyOwner() (gas: 18470)
[PASS] test_fundSlashAppealReserve_pullsWoodAndIncrements() (gas: 97730)
[PASS] test_refundSlash_capResetsNextEpoch() (gas: 188463)
[PASS] test_refundSlash_enforcesEpochCap() (gas: 155000)
[PASS] test_refundSlash_movesWood() (gas: 158963)
[PASS] test_refundSlash_onlyOwner() (gas: 95913)
[PASS] test_refundSlash_revertsZeroRecipient() (gas: 92200)
Suite result: ok. 7 passed; 0 failed; 0 skipped; finished in 7.61ms (6.77ms CPU time)

Ran 3 tests for test/audit-fixes/Vault_batchQueueTargets_lifecycle.t.sol:VaultBatchQueueTargetsLifecycleTest
[PASS] test_queueTargetingSettlementBatch_isRejectedAtPropose() (gas: 116454)
[PASS] test_sixStepQueueSteal_isRejectedAtPropose() (gas: 1876648)
[PASS] test_unstickWithHonestCallsStillSettles() (gas: 1477731)
Suite result: ok. 3 passed; 0 failed; 0 skipped; finished in 3.68ms (1.60ms CPU time)

Ran 4 tests for test/audit-2/Vault_depositLifecycleAndHwm.t.sol:VaultDepositLifecycleAndHwmTest
[PASS] test_depositClaim_recoversAfterTaggedProposalDiesWithoutSettling_viaNextRealSettlement() (gas: 620253)
[PASS] test_highWaterMark_resetsOnFullDrain_andReseedsCleanOnNextDeposit() (gas: 488262)
[PASS] test_highWaterMark_seedsOnQueueOnlyFirstMint_viaSettleDeposit() (gas: 590756)
[PASS] test_redeemClaim_staysGatedOnOwnPid_noEquivalentHole() (gas: 632149)
Suite result: ok. 4 passed; 0 failed; 0 skipped; finished in 1.98ms (1.00ms CPU time)

Ran 3 tests for test/audit-fixes/Vault_hwmDecimalQuantization.t.sol:VaultHwmDecimalQuantizationTest
[PASS] test_aboveHighWaterMark_isProportionalAt99PercentGain() (gas: 289119)
[PASS] test_aboveHighWaterMark_risesSmoothlyAcrossTheDoublingBoundary() (gas: 299287)
[PASS] test_pricePerShare_movesContinuouslyFor18DecimalAsset() (gas: 317973)
Suite result: ok. 3 passed; 0 failed; 0 skipped; finished in 1.06ms (327.04µs CPU time)

Ran 34 tests for test/queue/VaultWithdrawalQueue.t.sol:VaultWithdrawalQueueTest
[PASS] test_batch_allClaimAtOnePrice() (gas: 523200)
[PASS] test_cancel_afterStampReverts_G7() (gas: 411599)
[PASS] test_cancel_deposit_beforeStamp_returnsAssets() (gas: 205816)
[PASS] test_cancel_nonOwnerReverts() (gas: 254460)
[PASS] test_cancel_redeem_beforeStamp_returnsShares() (gas: 228612)
[PASS] test_cancel_redeem_releasesReserveShareTracking() (gas: 315606)
[PASS] test_claimDeposit_ignoresStampsEntirely() (gas: 435761)
[PASS] test_claimDeposit_waitingConfersNoAdvantage() (gas: 545991)
[PASS] test_claim_anyoneCanCall_ownerReceives() (gas: 381516)
[PASS] test_claim_deposit_mintsAtTheLivePrice() (gas: 273484)
[PASS] test_claim_deposit_priceRisingBeforeClaimIsPricedIn() (gas: 268445)
[PASS] test_claim_deposit_refusedWhileDepositsLocked() (gas: 275632)
[PASS] test_claim_deposit_succeedsWithNoStampAtAll() (gas: 268214)
[PASS] test_claim_redeem_paysFrozenAssets() (gas: 384196)
[PASS] test_claim_redeem_revertsBeforeStamp() (gas: 258204)
[PASS] test_claim_revertsWhileVaultLocked() (gas: 417563)
[PASS] test_claim_twiceReverts() (gas: 378684)
[PASS] test_claim_unknownReverts() (gas: 11161)
[PASS] test_depositCancelOpenEvenWhileTheDepositGateHoldsClaimShut() (gas: 215880)
[PASS] test_finding10_depositCancelStaysOpenBecauseTheOptionIsWorthless() (gas: 306249)
[PASS] test_finding10_depositCancelStillOpenBeforeAnySettlementSinceRequest() (gas: 300631)
[PASS] test_finding10_redeemCancelStillGatesOnItsOwnPid() (gas: 320074)
[PASS] test_getRequestsByOwner() (gas: 425366)
[PASS] test_queueDeposit_onlyVault() (gas: 11045)
[PASS] test_queueDeposit_recordsRequest() (gas: 215684)
[PASS] test_queueDeposit_zeroReverts() (gas: 14298)
[PASS] test_queueRedeem_onlyVault() (gas: 10853)
[PASS] test_queueRedeem_recordsRequest() (gas: 253508)
[PASS] test_queueRedeem_zeroReverts() (gas: 13842)
[PASS] test_reserve_noPhantomAfterFullClaim() (gas: 705103)
[PASS] test_reserve_partialClaim_staysCovered() (gas: 766899)
[PASS] test_stampSettlement_onlyVault() (gas: 9544)
[PASS] test_stampSettlement_twiceReverts() (gas: 105923)
[PASS] test_stamp_reservesRedeemAssets() (gas: 410176)
Suite result: ok. 34 passed; 0 failed; 0 skipped; finished in 2.08ms (1.57ms CPU time)

Ran 7 tests for test/audit-fixes/Vault_batchQueueTargets.t.sol:VaultBatchQueueTargetsTest
[PASS] test_adapterOnlyVaultEntrypointsStayReachable() (gas: 983564)
[PASS] test_governorBatch_cannotMintDepositClaimOutOfThinAir() (gas: 587617)
[PASS] test_governorBatch_cannotMintRedeemClaimAgainstAnotherOwnersEscrow() (gas: 643559)
[PASS] test_governorBatch_cannotPreBrickFutureSettlements() (gas: 864854)
[PASS] test_ordinaryTargetsStillExecute() (gas: 601610)
[PASS] test_targetGate_bitesEvenWhenGovernorHasNoTierGetter() (gas: 586364)
[PASS] test_targetGate_bitesEvenWithNoTierRegistryWired() (gas: 582607)
Suite result: ok. 7 passed; 0 failed; 0 skipped; finished in 4.22ms (3.24ms CPU time)

Ran 4 tests for test/invariants/GuardianInvariants.t.sol:GuardianInvariantsTest
[PASS] invariant_agedWeightBounds() (runs: 256, calls: 128000, reverts: 0)

╭-----------------+------------------------+-------+---------+----------╮
| Contract        | Selector               | Calls | Reverts | Discards |
+=======================================================================+
| GuardianHandler | bindOwnerStake         | 7480  | 0       | 0        |
|-----------------+------------------------+-------+---------+----------|
| GuardianHandler | cancelPreparedStake    | 7376  | 0       | 0        |
|-----------------+------------------------+-------+---------+----------|
| GuardianHandler | cancelUnstake          | 7375  | 0       | 0        |
|-----------------+------------------------+-------+---------+----------|
| GuardianHandler | claimUnstake           | 7576  | 0       | 0        |
|-----------------+------------------------+-------+---------+----------|
| GuardianHandler | claimUnstakeOwner      | 7553  | 0       | 0        |
|-----------------+------------------------+-------+---------+----------|
| GuardianHandler | createProposal         | 7650  | 0       | 0        |
|-----------------+------------------------+-------+---------+----------|
| GuardianHandler | flushBurn              | 7483  | 0       | 0        |
|-----------------+------------------------+-------+---------+----------|
| GuardianHandler | fundSlashAppealReserve | 7480  | 0       | 0        |
|-----------------+------------------------+-------+---------+----------|
| GuardianHandler | openReview             | 7476  | 0       | 0        |
|-----------------+------------------------+-------+---------+----------|
| GuardianHandler | prepareOwnerStake      | 7633  | 0       | 0        |
|-----------------+------------------------+-------+---------+----------|
| GuardianHandler | requestUnstake         | 7633  | 0       | 0        |
|-----------------+------------------------+-------+---------+----------|
| GuardianHandler | requestUnstakeOwner    | 7539  | 0       | 0        |
|-----------------+------------------------+-------+---------+----------|
| GuardianHandler | resolveReview          | 7559  | 0       | 0        |
|-----------------+------------------------+-------+---------+----------|
| GuardianHandler | slash                  | 7549  | 0       | 0        |
|-----------------+------------------------+-------+---------+----------|
| GuardianHandler | stake                  | 7638  | 0       | 0        |
|-----------------+------------------------+-------+---------+----------|
| GuardianHandler | vote                   | 7460  | 0       | 0        |
|-----------------+------------------------+-------+---------+----------|
| GuardianHandler | warp                   | 7540  | 0       | 0        |
╰-----------------+------------------------+-------+---------+----------╯

[PASS] invariant_blockedImpliesEpochAccounting() (runs: 256, calls: 128000, reverts: 0)

╭-----------------+------------------------+-------+---------+----------╮
| Contract        | Selector               | Calls | Reverts | Discards |
+=======================================================================+
| GuardianHandler | bindOwnerStake         | 7480  | 0       | 0        |
|-----------------+------------------------+-------+---------+----------|
| GuardianHandler | cancelPreparedStake    | 7376  | 0       | 0        |
|-----------------+------------------------+-------+---------+----------|
| GuardianHandler | cancelUnstake          | 7375  | 0       | 0        |
|-----------------+------------------------+-------+---------+----------|
| GuardianHandler | claimUnstake           | 7576  | 0       | 0        |
|-----------------+------------------------+-------+---------+----------|
| GuardianHandler | claimUnstakeOwner      | 7553  | 0       | 0        |
|-----------------+------------------------+-------+---------+----------|
| GuardianHandler | createProposal         | 7650  | 0       | 0        |
|-----------------+------------------------+-------+---------+----------|
| GuardianHandler | flushBurn              | 7483  | 0       | 0        |
|-----------------+------------------------+-------+---------+----------|
| GuardianHandler | fundSlashAppealReserve | 7480  | 0       | 0        |
|-----------------+------------------------+-------+---------+----------|
| GuardianHandler | openReview             | 7476  | 0       | 0        |
|-----------------+------------------------+-------+---------+----------|
| GuardianHandler | prepareOwnerStake      | 7633  | 0       | 0        |
|-----------------+------------------------+-------+---------+----------|
| GuardianHandler | requestUnstake         | 7633  | 0       | 0        |
|-----------------+------------------------+-------+---------+----------|
| GuardianHandler | requestUnstakeOwner    | 7539  | 0       | 0        |
|-----------------+------------------------+-------+---------+----------|
| GuardianHandler | resolveReview          | 7559  | 0       | 0        |
|-----------------+------------------------+-------+---------+----------|
| GuardianHandler | slash                  | 7549  | 0       | 0        |
|-----------------+------------------------+-------+---------+----------|
| GuardianHandler | stake                  | 7638  | 0       | 0        |
|-----------------+------------------------+-------+---------+----------|
| GuardianHandler | vote                   | 7460  | 0       | 0        |
|-----------------+------------------------+-------+---------+----------|
| GuardianHandler | warp                   | 7540  | 0       | 0        |
╰-----------------+------------------------+-------+---------+----------╯

[PASS] invariant_registryWoodConservation() (runs: 256, calls: 128000, reverts: 0)

╭-----------------+------------------------+-------+---------+----------╮
| Contract        | Selector               | Calls | Reverts | Discards |
+=======================================================================+
| GuardianHandler | bindOwnerStake         | 7480  | 0       | 0        |
|-----------------+------------------------+-------+---------+----------|
| GuardianHandler | cancelPreparedStake    | 7376  | 0       | 0        |
|-----------------+------------------------+-------+---------+----------|
| GuardianHandler | cancelUnstake          | 7375  | 0       | 0        |
|-----------------+------------------------+-------+---------+----------|
| GuardianHandler | claimUnstake           | 7576  | 0       | 0        |
|-----------------+------------------------+-------+---------+----------|
| GuardianHandler | claimUnstakeOwner      | 7553  | 0       | 0        |
|-----------------+------------------------+-------+---------+----------|
| GuardianHandler | createProposal         | 7650  | 0       | 0        |
|-----------------+------------------------+-------+---------+----------|
| GuardianHandler | flushBurn              | 7483  | 0       | 0        |
|-----------------+------------------------+-------+---------+----------|
| GuardianHandler | fundSlashAppealReserve | 7480  | 0       | 0        |
|-----------------+------------------------+-------+---------+----------|
| GuardianHandler | openReview             | 7476  | 0       | 0        |
|-----------------+------------------------+-------+---------+----------|
| GuardianHandler | prepareOwnerStake      | 7633  | 0       | 0        |
|-----------------+------------------------+-------+---------+----------|
| GuardianHandler | requestUnstake         | 7633  | 0       | 0        |
|-----------------+------------------------+-------+---------+----------|
| GuardianHandler | requestUnstakeOwner    | 7539  | 0       | 0        |
|-----------------+------------------------+-------+---------+----------|
| GuardianHandler | resolveReview          | 7559  | 0       | 0        |
|-----------------+------------------------+-------+---------+----------|
| GuardianHandler | slash                  | 7549  | 0       | 0        |
|-----------------+------------------------+-------+---------+----------|
| GuardianHandler | stake                  | 7638  | 0       | 0        |
|-----------------+------------------------+-------+---------+----------|
| GuardianHandler | vote                   | 7460  | 0       | 0        |
|-----------------+------------------------+-------+---------+----------|
| GuardianHandler | warp                   | 7540  | 0       | 0        |
╰-----------------+------------------------+-------+---------+----------╯

[PASS] invariant_swoodWoodConservation() (runs: 256, calls: 128000, reverts: 0)

╭-----------------+------------------------+-------+---------+----------╮
| Contract        | Selector               | Calls | Reverts | Discards |
+=======================================================================+
| GuardianHandler | bindOwnerStake         | 7480  | 0       | 0        |
|-----------------+------------------------+-------+---------+----------|
| GuardianHandler | cancelPreparedStake    | 7376  | 0       | 0        |
|-----------------+------------------------+-------+---------+----------|
| GuardianHandler | cancelUnstake          | 7375  | 0       | 0        |
|-----------------+------------------------+-------+---------+----------|
| GuardianHandler | claimUnstake           | 7576  | 0       | 0        |
|-----------------+------------------------+-------+---------+----------|
| GuardianHandler | claimUnstakeOwner      | 7553  | 0       | 0        |
|-----------------+------------------------+-------+---------+----------|
| GuardianHandler | createProposal         | 7650  | 0       | 0        |
|-----------------+------------------------+-------+---------+----------|
| GuardianHandler | flushBurn              | 7483  | 0       | 0        |
|-----------------+------------------------+-------+---------+----------|
| GuardianHandler | fundSlashAppealReserve | 7480  | 0       | 0        |
|-----------------+------------------------+-------+---------+----------|
| GuardianHandler | openReview             | 7476  | 0       | 0        |
|-----------------+------------------------+-------+---------+----------|
| GuardianHandler | prepareOwnerStake      | 7633  | 0       | 0        |
|-----------------+------------------------+-------+---------+----------|
| GuardianHandler | requestUnstake         | 7633  | 0       | 0        |
|-----------------+------------------------+-------+---------+----------|
| GuardianHandler | requestUnstakeOwner    | 7539  | 0       | 0        |
|-----------------+------------------------+-------+---------+----------|
| GuardianHandler | resolveReview          | 7559  | 0       | 0        |
|-----------------+------------------------+-------+---------+----------|
| GuardianHandler | slash                  | 7549  | 0       | 0        |
|-----------------+------------------------+-------+---------+----------|
| GuardianHandler | stake                  | 7638  | 0       | 0        |
|-----------------+------------------------+-------+---------+----------|
| GuardianHandler | vote                   | 7460  | 0       | 0        |
|-----------------+------------------------+-------+---------+----------|
| GuardianHandler | warp                   | 7540  | 0       | 0        |
╰-----------------+------------------------+-------+---------+----------╯

Suite result: ok. 4 passed; 0 failed; 0 skipped; finished in 96.74s (112.71s CPU time)

Ran 8 tests for test/invariants/ProtocolInvariants.t.sol:ProtocolInvariantsTest
[PASS] invariant_activeProposalPointerConsistent() (runs: 256, calls: 128000, reverts: 0)

╭-----------------+---------------------------+-------+---------+----------╮
| Contract        | Selector                  | Calls | Reverts | Discards |
+==========================================================================+
| ProtocolHandler | cancelUnstake             | 9191  | 0       | 0        |
|-----------------+---------------------------+-------+---------+----------|
| ProtocolHandler | claimUnstake              | 9022  | 0       | 0        |
|-----------------+---------------------------+-------+---------+----------|
| ProtocolHandler | pauseRegistry             | 9112  | 0       | 0        |
|-----------------+---------------------------+-------+---------+----------|
| ProtocolHandler | queueProtocolFeeBps       | 9130  | 0       | 0        |
|-----------------+---------------------------+-------+---------+----------|
| ProtocolHandler | queueProtocolFeeRecipient | 9093  | 0       | 0        |
|-----------------+---------------------------+-------+---------+----------|
| ProtocolHandler | requestUnstake            | 9254  | 0       | 0        |
|-----------------+---------------------------+-------+---------+----------|
| ProtocolHandler | stake                     | 9177  | 0       | 0        |
|-----------------+---------------------------+-------+---------+----------|
| ProtocolHandler | tryFinalizeEmergency      | 9137  | 0       | 0        |
|-----------------+---------------------------+-------+---------+----------|
| ProtocolHandler | tryFlushBurn              | 9069  | 0       | 0        |
|-----------------+---------------------------+-------+---------+----------|
| ProtocolHandler | tryOpenReview             | 9120  | 0       | 0        |
|-----------------+---------------------------+-------+---------+----------|
| ProtocolHandler | tryResolveReview          | 9022  | 0       | 0        |
|-----------------+---------------------------+-------+---------+----------|
| ProtocolHandler | tryVoteOnProposal         | 9211  | 0       | 0        |
|-----------------+---------------------------+-------+---------+----------|
| ProtocolHandler | unpauseRegistry           | 9174  | 0       | 0        |
|-----------------+---------------------------+-------+---------+----------|
| ProtocolHandler | warp                      | 9288  | 0       | 0        |
╰-----------------+---------------------------+-------+---------+----------╯

[PASS] invariant_capitalSnapshotLifecycle() (runs: 256, calls: 128000, reverts: 0)

╭-----------------+---------------------------+-------+---------+----------╮
| Contract        | Selector                  | Calls | Reverts | Discards |
+==========================================================================+
| ProtocolHandler | cancelUnstake             | 9191  | 0       | 0        |
|-----------------+---------------------------+-------+---------+----------|
| ProtocolHandler | claimUnstake              | 9022  | 0       | 0        |
|-----------------+---------------------------+-------+---------+----------|
| ProtocolHandler | pauseRegistry             | 9112  | 0       | 0        |
|-----------------+---------------------------+-------+---------+----------|
| ProtocolHandler | queueProtocolFeeBps       | 9130  | 0       | 0        |
|-----------------+---------------------------+-------+---------+----------|
| ProtocolHandler | queueProtocolFeeRecipient | 9093  | 0       | 0        |
|-----------------+---------------------------+-------+---------+----------|
| ProtocolHandler | requestUnstake            | 9254  | 0       | 0        |
|-----------------+---------------------------+-------+---------+----------|
| ProtocolHandler | stake                     | 9177  | 0       | 0        |
|-----------------+---------------------------+-------+---------+----------|
| ProtocolHandler | tryFinalizeEmergency      | 9137  | 0       | 0        |
|-----------------+---------------------------+-------+---------+----------|
| ProtocolHandler | tryFlushBurn              | 9069  | 0       | 0        |
|-----------------+---------------------------+-------+---------+----------|
| ProtocolHandler | tryOpenReview             | 9120  | 0       | 0        |
|-----------------+---------------------------+-------+---------+----------|
| ProtocolHandler | tryResolveReview          | 9022  | 0       | 0        |
|-----------------+---------------------------+-------+---------+----------|
| ProtocolHandler | tryVoteOnProposal         | 9211  | 0       | 0        |
|-----------------+---------------------------+-------+---------+----------|
| ProtocolHandler | unpauseRegistry           | 9174  | 0       | 0        |
|-----------------+---------------------------+-------+---------+----------|
| ProtocolHandler | warp                      | 9288  | 0       | 0        |
╰-----------------+---------------------------+-------+---------+----------╯

[PASS] invariant_feeSumBound() (runs: 256, calls: 128000, reverts: 0)

╭-----------------+---------------------------+-------+---------+----------╮
| Contract        | Selector                  | Calls | Reverts | Discards |
+==========================================================================+
| ProtocolHandler | cancelUnstake             | 9191  | 0       | 0        |
|-----------------+---------------------------+-------+---------+----------|
| ProtocolHandler | claimUnstake              | 9022  | 0       | 0        |
|-----------------+---------------------------+-------+---------+----------|
| ProtocolHandler | pauseRegistry             | 9112  | 0       | 0        |
|-----------------+---------------------------+-------+---------+----------|
| ProtocolHandler | queueProtocolFeeBps       | 9130  | 0       | 0        |
|-----------------+---------------------------+-------+---------+----------|
| ProtocolHandler | queueProtocolFeeRecipient | 9093  | 0       | 0        |
|-----------------+---------------------------+-------+---------+----------|
| ProtocolHandler | requestUnstake            | 9254  | 0       | 0        |
|-----------------+---------------------------+-------+---------+----------|
| ProtocolHandler | stake                     | 9177  | 0       | 0        |
|-----------------+---------------------------+-------+---------+----------|
| ProtocolHandler | tryFinalizeEmergency      | 9137  | 0       | 0        |
|-----------------+---------------------------+-------+---------+----------|
| ProtocolHandler | tryFlushBurn              | 9069  | 0       | 0        |
|-----------------+---------------------------+-------+---------+----------|
| ProtocolHandler | tryOpenReview             | 9120  | 0       | 0        |
|-----------------+---------------------------+-------+---------+----------|
| ProtocolHandler | tryResolveReview          | 9022  | 0       | 0        |
|-----------------+---------------------------+-------+---------+----------|
| ProtocolHandler | tryVoteOnProposal         | 9211  | 0       | 0        |
|-----------------+---------------------------+-------+---------+----------|
| ProtocolHandler | unpauseRegistry           | 9174  | 0       | 0        |
|-----------------+---------------------------+-------+---------+----------|
| ProtocolHandler | warp                      | 9288  | 0       | 0        |
╰-----------------+---------------------------+-------+---------+----------╯

[PASS] invariant_oneActiveProposalPerVault() (runs: 256, calls: 128000, reverts: 0)

╭-----------------+---------------------------+-------+---------+----------╮
| Contract        | Selector                  | Calls | Reverts | Discards |
+==========================================================================+
| ProtocolHandler | cancelUnstake             | 9191  | 0       | 0        |
|-----------------+---------------------------+-------+---------+----------|
| ProtocolHandler | claimUnstake              | 9022  | 0       | 0        |
|-----------------+---------------------------+-------+---------+----------|
| ProtocolHandler | pauseRegistry             | 9112  | 0       | 0        |
|-----------------+---------------------------+-------+---------+----------|
| ProtocolHandler | queueProtocolFeeBps       | 9130  | 0       | 0        |
|-----------------+---------------------------+-------+---------+----------|
| ProtocolHandler | queueProtocolFeeRecipient | 9093  | 0       | 0        |
|-----------------+---------------------------+-------+---------+----------|
| ProtocolHandler | requestUnstake            | 9254  | 0       | 0        |
|-----------------+---------------------------+-------+---------+----------|
| ProtocolHandler | stake                     | 9177  | 0       | 0        |
|-----------------+---------------------------+-------+---------+----------|
| ProtocolHandler | tryFinalizeEmergency      | 9137  | 0       | 0        |
|-----------------+---------------------------+-------+---------+----------|
| ProtocolHandler | tryFlushBurn              | 9069  | 0       | 0        |
|-----------------+---------------------------+-------+---------+----------|
| ProtocolHandler | tryOpenReview             | 9120  | 0       | 0        |
|-----------------+---------------------------+-------+---------+----------|
| ProtocolHandler | tryResolveReview          | 9022  | 0       | 0        |
|-----------------+---------------------------+-------+---------+----------|
| ProtocolHandler | tryVoteOnProposal         | 9211  | 0       | 0        |
|-----------------+---------------------------+-------+---------+----------|
| ProtocolHandler | unpauseRegistry           | 9174  | 0       | 0        |
|-----------------+---------------------------+-------+---------+----------|
| ProtocolHandler | warp                      | 9288  | 0       | 0        |
╰-----------------+---------------------------+-------+---------+----------╯

[PASS] invariant_pauseSemantics() (runs: 256, calls: 128000, reverts: 0)

╭-----------------+---------------------------+-------+---------+----------╮
| Contract        | Selector                  | Calls | Reverts | Discards |
+==========================================================================+
| ProtocolHandler | cancelUnstake             | 9191  | 0       | 0        |
|-----------------+---------------------------+-------+---------+----------|
| ProtocolHandler | claimUnstake              | 9022  | 0       | 0        |
|-----------------+---------------------------+-------+---------+----------|
| ProtocolHandler | pauseRegistry             | 9112  | 0       | 0        |
|-----------------+---------------------------+-------+---------+----------|
| ProtocolHandler | queueProtocolFeeBps       | 9130  | 0       | 0        |
|-----------------+---------------------------+-------+---------+----------|
| ProtocolHandler | queueProtocolFeeRecipient | 9093  | 0       | 0        |
|-----------------+---------------------------+-------+---------+----------|
| ProtocolHandler | requestUnstake            | 9254  | 0       | 0        |
|-----------------+---------------------------+-------+---------+----------|
| ProtocolHandler | stake                     | 9177  | 0       | 0        |
|-----------------+---------------------------+-------+---------+----------|
| ProtocolHandler | tryFinalizeEmergency      | 9137  | 0       | 0        |
|-----------------+---------------------------+-------+---------+----------|
| ProtocolHandler | tryFlushBurn              | 9069  | 0       | 0        |
|-----------------+---------------------------+-------+---------+----------|
| ProtocolHandler | tryOpenReview             | 9120  | 0       | 0        |
|-----------------+---------------------------+-------+---------+----------|
| ProtocolHandler | tryResolveReview          | 9022  | 0       | 0        |
|-----------------+---------------------------+-------+---------+----------|
| ProtocolHandler | tryVoteOnProposal         | 9211  | 0       | 0        |
|-----------------+---------------------------+-------+---------+----------|
| ProtocolHandler | unpauseRegistry           | 9174  | 0       | 0        |
|-----------------+---------------------------+-------+---------+----------|
| ProtocolHandler | warp                      | 9288  | 0       | 0        |
╰-----------------+---------------------------+-------+---------+----------╯

[PASS] invariant_protocolFeeRecipientReadable() (runs: 256, calls: 128000, reverts: 0)

╭-----------------+---------------------------+-------+---------+----------╮
| Contract        | Selector                  | Calls | Reverts | Discards |
+==========================================================================+
| ProtocolHandler | cancelUnstake             | 9191  | 0       | 0        |
|-----------------+---------------------------+-------+---------+----------|
| ProtocolHandler | claimUnstake              | 9022  | 0       | 0        |
|-----------------+---------------------------+-------+---------+----------|
| ProtocolHandler | pauseRegistry             | 9112  | 0       | 0        |
|-----------------+---------------------------+-------+---------+----------|
| ProtocolHandler | queueProtocolFeeBps       | 9130  | 0       | 0        |
|-----------------+---------------------------+-------+---------+----------|
| ProtocolHandler | queueProtocolFeeRecipient | 9093  | 0       | 0        |
|-----------------+---------------------------+-------+---------+----------|
| ProtocolHandler | requestUnstake            | 9254  | 0       | 0        |
|-----------------+---------------------------+-------+---------+----------|
| ProtocolHandler | stake                     | 9177  | 0       | 0        |
|-----------------+---------------------------+-------+---------+----------|
| ProtocolHandler | tryFinalizeEmergency      | 9137  | 0       | 0        |
|-----------------+---------------------------+-------+---------+----------|
| ProtocolHandler | tryFlushBurn              | 9069  | 0       | 0        |
|-----------------+---------------------------+-------+---------+----------|
| ProtocolHandler | tryOpenReview             | 9120  | 0       | 0        |
|-----------------+---------------------------+-------+---------+----------|
| ProtocolHandler | tryResolveReview          | 9022  | 0       | 0        |
|-----------------+---------------------------+-------+---------+----------|
| ProtocolHandler | tryVoteOnProposal         | 9211  | 0       | 0        |
|-----------------+---------------------------+-------+---------+----------|
| ProtocolHandler | unpauseRegistry           | 9174  | 0       | 0        |
|-----------------+---------------------------+-------+---------+----------|
| ProtocolHandler | warp                      | 9288  | 0       | 0        |
╰-----------------+---------------------------+-------+---------+----------╯

[PASS] invariant_registryImmutable() (runs: 256, calls: 128000, reverts: 0)

╭-----------------+---------------------------+-------+---------+----------╮
| Contract        | Selector                  | Calls | Reverts | Discards |
+==========================================================================+
| ProtocolHandler | cancelUnstake             | 9191  | 0       | 0        |
|-----------------+---------------------------+-------+---------+----------|
| ProtocolHandler | claimUnstake              | 9022  | 0       | 0        |
|-----------------+---------------------------+-------+---------+----------|
| ProtocolHandler | pauseRegistry             | 9112  | 0       | 0        |
|-----------------+---------------------------+-------+---------+----------|
| ProtocolHandler | queueProtocolFeeBps       | 9130  | 0       | 0        |
|-----------------+---------------------------+-------+---------+----------|
| ProtocolHandler | queueProtocolFeeRecipient | 9093  | 0       | 0        |
|-----------------+---------------------------+-------+---------+----------|
| ProtocolHandler | requestUnstake            | 9254  | 0       | 0        |
|-----------------+---------------------------+-------+---------+----------|
| ProtocolHandler | stake                     | 9177  | 0       | 0        |
|-----------------+---------------------------+-------+---------+----------|
| ProtocolHandler | tryFinalizeEmergency      | 9137  | 0       | 0        |
|-----------------+---------------------------+-------+---------+----------|
| ProtocolHandler | tryFlushBurn              | 9069  | 0       | 0        |
|-----------------+---------------------------+-------+---------+----------|
| ProtocolHandler | tryOpenReview             | 9120  | 0       | 0        |
|-----------------+---------------------------+-------+---------+----------|
| ProtocolHandler | tryResolveReview          | 9022  | 0       | 0        |
|-----------------+---------------------------+-------+---------+----------|
| ProtocolHandler | tryVoteOnProposal         | 9211  | 0       | 0        |
|-----------------+---------------------------+-------+---------+----------|
| ProtocolHandler | unpauseRegistry           | 9174  | 0       | 0        |
|-----------------+---------------------------+-------+---------+----------|
| ProtocolHandler | warp                      | 9288  | 0       | 0        |
╰-----------------+---------------------------+-------+---------+----------╯

[PASS] testFuzz_coProposerSplit_sumEqualsAgentFee(uint256,uint256,uint256) (runs: 256, μ: 6271, ~: 5552)
Suite result: ok. 8 passed; 0 failed; 0 skipped; finished in 96.36s (105.10s CPU time)

Ran 5 tests for test/invariants/AsyncRedeemInvariants.t.sol:AsyncRedeemInvariantsTest
[PASS] invariant_pendingSharesMatchesHandlerLedger() (runs: 256, calls: 128000, reverts: 658)

╭--------------------+----------------+-------+---------+----------╮
| Contract           | Selector       | Calls | Reverts | Discards |
+==================================================================+
| AsyncRedeemHandler | cancelRandom   | 18454 | 505     | 0        |
|--------------------+----------------+-------+---------+----------|
| AsyncRedeemHandler | claimRandom    | 18018 | 153     | 0        |
|--------------------+----------------+-------+---------+----------|
| AsyncRedeemHandler | deposit        | 18413 | 0       | 0        |
|--------------------+----------------+-------+---------+----------|
| AsyncRedeemHandler | lock           | 18288 | 0       | 0        |
|--------------------+----------------+-------+---------+----------|
| AsyncRedeemHandler | requestDeposit | 18453 | 0       | 0        |
|--------------------+----------------+-------+---------+----------|
| AsyncRedeemHandler | requestRedeem  | 18244 | 0       | 0        |
|--------------------+----------------+-------+---------+----------|
| AsyncRedeemHandler | settle         | 18130 | 0       | 0        |
╰--------------------+----------------+-------+---------+----------╯

[PASS] invariant_queueAssetBalanceCoversPendingDeposits() (runs: 256, calls: 128000, reverts: 648)

╭--------------------+----------------+-------+---------+----------╮
| Contract           | Selector       | Calls | Reverts | Discards |
+==================================================================+
| AsyncRedeemHandler | cancelRandom   | 18454 | 497     | 0        |
|--------------------+----------------+-------+---------+----------|
| AsyncRedeemHandler | claimRandom    | 18018 | 151     | 0        |
|--------------------+----------------+-------+---------+----------|
| AsyncRedeemHandler | deposit        | 18413 | 0       | 0        |
|--------------------+----------------+-------+---------+----------|
| AsyncRedeemHandler | lock           | 18288 | 0       | 0        |
|--------------------+----------------+-------+---------+----------|
| AsyncRedeemHandler | requestDeposit | 18453 | 0       | 0        |
|--------------------+----------------+-------+---------+----------|
| AsyncRedeemHandler | requestRedeem  | 18244 | 0       | 0        |
|--------------------+----------------+-------+---------+----------|
| AsyncRedeemHandler | settle         | 18130 | 0       | 0        |
╰--------------------+----------------+-------+---------+----------╯

[PASS] invariant_queueShareBalanceCoversPendingShares() (runs: 256, calls: 128000, reverts: 651)

╭--------------------+----------------+-------+---------+----------╮
| Contract           | Selector       | Calls | Reverts | Discards |
+==================================================================+
| AsyncRedeemHandler | cancelRandom   | 18454 | 499     | 0        |
|--------------------+----------------+-------+---------+----------|
| AsyncRedeemHandler | claimRandom    | 18018 | 152     | 0        |
|--------------------+----------------+-------+---------+----------|
| AsyncRedeemHandler | deposit        | 18413 | 0       | 0        |
|--------------------+----------------+-------+---------+----------|
| AsyncRedeemHandler | lock           | 18288 | 0       | 0        |
|--------------------+----------------+-------+---------+----------|
| AsyncRedeemHandler | requestDeposit | 18453 | 0       | 0        |
|--------------------+----------------+-------+---------+----------|
| AsyncRedeemHandler | requestRedeem  | 18244 | 0       | 0        |
|--------------------+----------------+-------+---------+----------|
| AsyncRedeemHandler | settle         | 18130 | 0       | 0        |
╰--------------------+----------------+-------+---------+----------╯

[PASS] invariant_reservedAssetsLeFloatWhenUnlocked() (runs: 256, calls: 128000, reverts: 655)

╭--------------------+----------------+-------+---------+----------╮
| Contract           | Selector       | Calls | Reverts | Discards |
+==================================================================+
| AsyncRedeemHandler | cancelRandom   | 18454 | 501     | 0        |
|--------------------+----------------+-------+---------+----------|
| AsyncRedeemHandler | claimRandom    | 18018 | 154     | 0        |
|--------------------+----------------+-------+---------+----------|
| AsyncRedeemHandler | deposit        | 18413 | 0       | 0        |
|--------------------+----------------+-------+---------+----------|
| AsyncRedeemHandler | lock           | 18288 | 0       | 0        |
|--------------------+----------------+-------+---------+----------|
| AsyncRedeemHandler | requestDeposit | 18453 | 0       | 0        |
|--------------------+----------------+-------+---------+----------|
| AsyncRedeemHandler | requestRedeem  | 18244 | 0       | 0        |
|--------------------+----------------+-------+---------+----------|
| AsyncRedeemHandler | settle         | 18130 | 0       | 0        |
╰--------------------+----------------+-------+---------+----------╯

[PASS] invariant_totalSupplyConserved() (runs: 256, calls: 128000, reverts: 652)

╭--------------------+----------------+-------+---------+----------╮
| Contract           | Selector       | Calls | Reverts | Discards |
+==================================================================+
| AsyncRedeemHandler | cancelRandom   | 18454 | 501     | 0        |
|--------------------+----------------+-------+---------+----------|
| AsyncRedeemHandler | claimRandom    | 18018 | 151     | 0        |
|--------------------+----------------+-------+---------+----------|
| AsyncRedeemHandler | deposit        | 18413 | 0       | 0        |
|--------------------+----------------+-------+---------+----------|
| AsyncRedeemHandler | lock           | 18288 | 0       | 0        |
|--------------------+----------------+-------+---------+----------|
| AsyncRedeemHandler | requestDeposit | 18453 | 0       | 0        |
|--------------------+----------------+-------+---------+----------|
| AsyncRedeemHandler | requestRedeem  | 18244 | 0       | 0        |
|--------------------+----------------+-------+---------+----------|
| AsyncRedeemHandler | settle         | 18130 | 0       | 0        |
╰--------------------+----------------+-------+---------+----------╯

Suite result: ok. 5 passed; 0 failed; 0 skipped; finished in 108.67s (221.81s CPU time)

Ran 2 tests for test/invariants/FeeBlacklistInvariant.t.sol:FeeBlacklistInvariantTest
[PASS] invariant_feesAccountedAfterBlacklist() (runs: 256, calls: 128000, reverts: 0)

╭---------------------+--------------------------+-------+---------+----------╮
| Contract            | Selector                 | Calls | Reverts | Discards |
+=============================================================================+
| FeeBlacklistHandler | blacklistRandomRecipient | 42213 | 0       | 0        |
|---------------------+--------------------------+-------+---------+----------|
| FeeBlacklistHandler | claimUnclaimedFees       | 43095 | 0       | 0        |
|---------------------+--------------------------+-------+---------+----------|
| FeeBlacklistHandler | runProposalLifecycle     | 42692 | 0       | 0        |
╰---------------------+--------------------------+-------+---------+----------╯

[PASS] test_handler_drivesLifecycleEndToEnd() (gas: 1929500)
Suite result: ok. 2 passed; 0 failed; 0 skipped; finished in 123.85s (123.91s CPU time)

Ran 6 tests for test/governor/FeeBlacklistResilience.t.sol:FeeBlacklistResilienceTest
[PASS] test_agentFee_blacklisted_coProposerShare_escrowed() (gas: 1842072)
[PASS] test_claimUnclaimedFees_cannotDrainUnrelatedVault() (gas: 7195717)
[PASS] test_claimUnclaimedFees_retriesAfterUnblacklist() (gas: 1571661)
[PASS] test_claimUnclaimedFees_zeroAmount_noop() (gas: 34408)
[PASS] test_finding23_escrowedFeeIsReservedAgainstLaterPayouts() (gas: 1701764)
[PASS] test_settleProposal_succeedsWhenProtocolFeeRecipientBlacklisted() (gas: 1613662)
Suite result: ok. 6 passed; 0 failed; 0 skipped; finished in 8.50ms (18.16ms CPU time)

Ran 1 test for test/invariants/InvariantNoProposalBleed.t.sol:InvariantNoProposalBleed
[PASS] invariant_noCrossGovernorBleed() (runs: 256, calls: 128000, reverts: 0)

╭----------------------+---------------+-------+---------+----------╮
| Contract             | Selector      | Calls | Reverts | Discards |
+===================================================================+
| ProposalBleedHandler | openEmergency | 32418 | 0       | 0        |
|----------------------+---------------+-------+---------+----------|
| ProposalBleedHandler | openReview    | 31586 | 0       | 0        |
|----------------------+---------------+-------+---------+----------|
| ProposalBleedHandler | voteApprove   | 32094 | 0       | 0        |
|----------------------+---------------+-------+---------+----------|
| ProposalBleedHandler | warp          | 31902 | 0       | 0        |
╰----------------------+---------------+-------+---------+----------╯

Suite result: ok. 1 passed; 0 failed; 0 skipped; finished in 146.38s (146.38s CPU time)

Ran 9 tests for test/fees/MgmtFeeAccrual.t.sol:MgmtFeeAccrualTest
[PASS] test_aDormantFundChargesNothing() (gas: 294104)
[PASS] test_aFullYearAtTheHeadlineRateChargesTwoPercent() (gas: 316238)
[PASS] test_consecutiveProposalsDoNotDoubleChargeTheFirstAccrual() (gas: 342732)
[PASS] test_consumeLeavesNothingBehind() (gas: 320501)
[PASS] test_halfTheDurationOwesHalfTheFee() (gas: 342824)
[PASS] test_onlyGovernorMayConsumeAccrual() (gas: 71249)
[PASS] test_onlyGovernorMayStartAccrual() (gas: 18479)
[PASS] test_theGapBetweenProposalsGeneratesNoFee() (gas: 345668)
[PASS] test_theViewIncludesTheInProgressInterval() (gas: 328059)
Suite result: ok. 9 passed; 0 failed; 0 skipped; finished in 1.69ms (3.93ms CPU time)

Ran 3 tests for test/invariants/VaultSolvencyInvariant.t.sol:VaultSolvencyInvariantTest
[PASS] invariant_vaultSolvency() (runs: 256, calls: 128000, reverts: 96)

╭----------------------+------------------------+-------+---------+----------╮
| Contract             | Selector               | Calls | Reverts | Discards |
+============================================================================+
| VaultSolvencyHandler | depositRandom          | 31586 | 0       | 0        |
|----------------------+------------------------+-------+---------+----------|
| VaultSolvencyHandler | redeemRandom           | 32094 | 0       | 0        |
|----------------------+------------------------+-------+---------+----------|
| VaultSolvencyHandler | runLossyLifecycle      | 31902 | 58      | 0        |
|----------------------+------------------------+-------+---------+----------|
| VaultSolvencyHandler | runProfitableLifecycle | 32418 | 38      | 0        |
╰----------------------+------------------------+-------+---------+----------╯

[PASS] test_handler_drivesLossyLifecycleEndToEnd() (gas: 1473081)
[PASS] test_handler_drivesProfitableLifecycleEndToEnd() (gas: 1509209)
Suite result: ok. 3 passed; 0 failed; 0 skipped; finished in 108.00s (108.00s CPU time)

Ran 182 test suites in 158.05s (733.03s CPU time): 2830 tests passed, 0 failed, 1 skipped (2831 total tests)
TEST_EXIT=0
